Component: ARM Compiler 5.06 update 6 (build 750) Tool: armlink [4d35ed]

==============================================================================

Section Cross References

    startup_stm32f10x_md.o(RESET) refers to startup_stm32f10x_md.o(STACK) for __initial_sp
    startup_stm32f10x_md.o(RESET) refers to startup_stm32f10x_md.o(.text) for Reset_Handler
    startup_stm32f10x_md.o(RESET) refers to stm32f10x_it.o(.text) for NMI_Handler
    startup_stm32f10x_md.o(RESET) refers to car.o(.text) for SysTick_Handler
    startup_stm32f10x_md.o(RESET) refers to bsp_usart.o(.text) for USART1_IRQHandler
    startup_stm32f10x_md.o(.text) refers to system_stm32f10x.o(.text) for SystemInit
    startup_stm32f10x_md.o(.text) refers to entry.o(.ARM.Collect$$$$00000000) for __main
    system_stm32f10x.o(.text) refers to system_stm32f10x.o(.data) for SystemCoreClock
    stm32f10x_adc.o(.text) refers to stm32f10x_rcc.o(.text) for RCC_APB2PeriphResetCmd
    stm32f10x_bkp.o(.text) refers to stm32f10x_rcc.o(.text) for RCC_BackupResetCmd
    stm32f10x_can.o(.text) refers to stm32f10x_rcc.o(.text) for RCC_APB1PeriphResetCmd
    stm32f10x_cec.o(.text) refers to stm32f10x_rcc.o(.text) for RCC_APB1PeriphResetCmd
    stm32f10x_dac.o(.text) refers to stm32f10x_rcc.o(.text) for RCC_APB1PeriphResetCmd
    stm32f10x_gpio.o(.text) refers to stm32f10x_rcc.o(.text) for RCC_APB2PeriphResetCmd
    stm32f10x_i2c.o(.text) refers to stm32f10x_rcc.o(.text) for RCC_APB1PeriphResetCmd
    stm32f10x_pwr.o(.text) refers to stm32f10x_rcc.o(.text) for RCC_APB1PeriphResetCmd
    stm32f10x_rcc.o(.text) refers to stm32f10x_rcc.o(.data) for APBAHBPrescTable
    stm32f10x_spi.o(.text) refers to stm32f10x_rcc.o(.text) for RCC_APB2PeriphResetCmd
    stm32f10x_tim.o(.text) refers to stm32f10x_rcc.o(.text) for RCC_APB2PeriphResetCmd
    stm32f10x_usart.o(.text) refers to stm32f10x_rcc.o(.text) for RCC_APB2PeriphResetCmd
    stm32f10x_wwdg.o(.text) refers to stm32f10x_rcc.o(.text) for RCC_APB1PeriphResetCmd
    bsp_sys.o(.text) refers to bsp_nvic.o(.text) for NVIC_Config
    bsp_sys.o(.text) refers to bsp_gpio.o(.text) for LED_GPIO_Init
    bsp_sys.o(.text) refers to stm32f10x_gpio.o(.text) for GPIO_SetBits
    bsp_sys.o(.text) refers to bsp_iic.o(.text) for IIC_Init
    bsp_sys.o(.text) refers to oled.o(.text) for OLED_Init
    bsp_sys.o(.text) refers to bsp_adc.o(.text) for ADC_Power_Init
    bsp_sys.o(.text) refers to bsp_usart.o(.text) for USART1_Init
    bsp_sys.o(.text) refers to tb6612.o(.text) for TB6612_Init
    bsp_sys.o(.text) refers to encoder.o(.text) for Encoder_Init_TIM2
    bsp_sys.o(.text) refers to bsp_systick.o(.text) for SysTick_Init
    bsp_sys.o(.text) refers to delay.o(.text) for Delay_ms
    bsp_gpio.o(.text) refers to stm32f10x_rcc.o(.text) for RCC_APB2PeriphClockCmd
    bsp_gpio.o(.text) refers to stm32f10x_gpio.o(.text) for GPIO_Init
    bsp_gpio.o(.text) refers to bsp_gpio.o(.data) for temp
    bsp_usart.o(.text) refers to stm32f10x_rcc.o(.text) for RCC_APB2PeriphClockCmd
    bsp_usart.o(.text) refers to stm32f10x_gpio.o(.text) for GPIO_PinRemapConfig
    bsp_usart.o(.text) refers to stm32f10x_usart.o(.text) for USART_Init
    bsp_usart.o(.text) refers to misc.o(.text) for NVIC_PriorityGroupConfig
    bsp_usart.o(.text) refers to bsp_usart.o(.data) for rx_count
    bsp_iic.o(.text) refers to stm32f10x_i2c.o(.text) for I2C_GetFlagStatus
    bsp_iic.o(.text) refers to stm32f10x_rcc.o(.text) for RCC_APB1PeriphClockCmd
    bsp_iic.o(.text) refers to stm32f10x_gpio.o(.text) for GPIO_Init
    bsp_adc.o(.text) refers to stm32f10x_rcc.o(.text) for RCC_APB2PeriphClockCmd
    bsp_adc.o(.text) refers to stm32f10x_gpio.o(.text) for GPIO_Init
    bsp_adc.o(.text) refers to stm32f10x_adc.o(.text) for ADC_Init
    bsp_systick.o(.text) refers to system_stm32f10x.o(.data) for SystemCoreClock
    oled.o(.text) refers to bsp_iic.o(.text) for IIC_WriteByte
    oled.o(.text) refers to oled.o(.constdata) for F8X16
    oled.o(.text) refers to oled.o(.data) for Hzk
    oled.o(.text) refers to delay.o(.text) for Delay_ms
    tb6612.o(.text) refers to stm32f10x_rcc.o(.text) for RCC_APB2PeriphClockCmd
    tb6612.o(.text) refers to stm32f10x_gpio.o(.text) for GPIO_Init
    tb6612.o(.text) refers to stm32f10x_tim.o(.text) for TIM_TimeBaseInit
    encoder.o(.text) refers to stm32f10x_rcc.o(.text) for RCC_APB2PeriphClockCmd
    encoder.o(.text) refers to stm32f10x_gpio.o(.text) for GPIO_PinRemapConfig
    encoder.o(.text) refers to stm32f10x_tim.o(.text) for TIM_DeInit
    car.o(.text) refers to bsp_gpio.o(.text) for LED_Flash
    car.o(.text) refers to encoder.o(.text) for Read_Encoder
    car.o(.text) refers to pid.o(.text) for PID_PositionPidA
    car.o(.text) refers to ffixi.o(.text) for __aeabi_f2iz
    car.o(.text) refers to tb6612.o(.text) for Motor_A_SetPWM
    car.o(.text) refers to bsp_adc.o(.text) for Get_BAT_ADC
    car.o(.text) refers to car.o(.data) for OLED_Timer1
[...]
    printf6.o(i.__0vsprintf$6) refers to printf6.o(i._sputc) for _sputc
    printf6.o(i._printf_core) refers to printf6.o(i._printf_pre_padding) for _printf_pre_padding
    printf6.o(i._printf_core) refers to uidiv.o(.text) for __aeabi_uidivmod
    printf6.o(i._printf_core) refers to printf6.o(i._printf_post_padding) for _printf_post_padding
    printf7.o(i.__0fprintf$7) refers to printf7.o(i._printf_core) for _printf_core
    printf7.o(i.__0fprintf$7) refers to bsp_usart.o(.text) for fputc
    printf7.o(i.__0printf$7) refers to printf7.o(i._printf_core) for _printf_core
    printf7.o(i.__0printf$7) refers to bsp_usart.o(.text) for fputc
    printf7.o(i.__0printf$7) refers to stdout.o(.data) for __stdout
    printf7.o(i.__0snprintf$7) refers to printf7.o(i._printf_core) for _printf_core
    printf7.o(i.__0snprintf$7) refers to printf7.o(i._snputc) for _snputc
    printf7.o(i.__0sprintf$7) refers to printf7.o(i._printf_core) for _printf_core
    printf7.o(i.__0sprintf$7) refers to printf7.o(i._sputc) for _sputc
    printf7.o(i.__0vfprintf$7) refers to printf7.o(i._printf_core) for _printf_core
    printf7.o(i.__0vfprintf$7) refers to bsp_usart.o(.text) for fputc
    printf7.o(i.__0vprintf$7) refers to printf7.o(i._printf_core) for _printf_core
    printf7.o(i.__0vprintf$7) refers to bsp_usart.o(.text) for fputc
    printf7.o(i.__0vprintf$7) refers to stdout.o(.data) for __stdout
    printf7.o(i.__0vsnprintf$7) refers to printf7.o(i._printf_core) for _printf_core
    printf7.o(i.__0vsnprintf$7) refers to printf7.o(i._snputc) for _snputc
    printf7.o(i.__0vsprintf$7) refers to printf7.o(i._printf_core) for _printf_core
    printf7.o(i.__0vsprintf$7) refers to printf7.o(i._sputc) for _sputc
    printf7.o(i._printf_core) refers to printf7.o(i._printf_pre_padding) for _printf_pre_padding
    printf7.o(i._printf_core) refers to uldiv.o(.text) for __aeabi_uldivmod
    printf7.o(i._printf_core) refers to printf7.o(i._printf_post_padding) for _printf_post_padding
    printf8.o(i.__0fprintf$8) refers to printf8.o(i._printf_core) for _printf_core
    printf8.o(i.__0fprintf$8) refers to bsp_usart.o(.text) for fputc
    printf8.o(i.__0printf$8) refers to printf8.o(i._printf_core) for _printf_core
    printf8.o(i.__0printf$8) refers to bsp_usart.o(.text) for fputc
    printf8.o(i.__0printf$8) refers to stdout.o(.data) for __stdout
    printf8.o(i.__0snprintf$8) refers to printf8.o(i._printf_core) for _printf_core
    printf8.o(i.__0snprintf$8) refers to printf8.o(i._snputc) for _snputc
    printf8.o(i.__0sprintf$8) refers to printf8.o(i._printf_core) for _printf_core
    printf8.o(i.__0sprintf$8) refers to printf8.o(i._sputc) for _sputc
    printf8.o(i.__0vfprintf$8) refers to printf8.o(i._printf_core) for _printf_core
    printf8.o(i.__0vfprintf$8) refers to bsp_usart.o(.text) for fputc
    printf8.o(i.__0vprintf$8) refers to printf8.o(i._printf_core) for _printf_core
    printf8.o(i.__0vprintf$8) refers to bsp_usart.o(.text) for fputc
    printf8.o(i.__0vprintf$8) refers to stdout.o(.data) for __stdout
    printf8.o(i.__0vsnprintf$8) refers to printf8.o(i._printf_core) for _printf_core
    printf8.o(i.__0vsnprintf$8) refers to printf8.o(i._snputc) for _snputc
    printf8.o(i.__0vsprintf$8) refers to printf8.o(i._printf_core) for _printf_core
    printf8.o(i.__0vsprintf$8) refers to printf8.o(i._sputc) for _sputc
    printf8.o(i._printf_core) refers to printf8.o(i._printf_pre_padding) for _printf_pre_padding
    printf8.o(i._printf_core) refers to uldiv.o(.text) for __aeabi_uldivmod
    printf8.o(i._printf_core) refers to printf8.o(i._printf_post_padding) for _printf_post_padding
    printfa.o(i.__0fprintf) refers (Special) to iusefp.o(.text) for __I$use$fp
    printfa.o(i.__0fprintf) refers to printfa.o(i._printf_core) for _printf_core
    printfa.o(i.__0fprintf) refers to bsp_usart.o(.text) for fputc
    printfa.o(i.__0printf) refers (Special) to iusefp.o(.text) for __I$use$fp
    printfa.o(i.__0printf) refers to printfa.o(i._printf_core) for _printf_core
    printfa.o(i.__0printf) refers to bsp_usart.o(.text) for fputc
    printfa.o(i.__0printf) refers to stdout.o(.data) for __stdout
    printfa.o(i.__0snprintf) refers (Special) to iusefp.o(.text) for __I$use$fp
    printfa.o(i.__0snprintf) refers to printfa.o(i._printf_core) for _printf_core
    printfa.o(i.__0snprintf) refers to printfa.o(i._snputc) for _snputc
    printfa.o(i.__0sprintf) refers (Special) to iusefp.o(.text) for __I$use$fp
    printfa.o(i.__0sprintf) refers to printfa.o(i._printf_core) for _printf_core
    printfa.o(i.__0sprintf) refers to printfa.o(i._sputc) for _sputc
    printfa.o(i.__0vfprintf) refers (Special) to iusefp.o(.text) for __I$use$fp
    printfa.o(i.__0vfprintf) refers to printfa.o(i._printf_core) for _printf_core
    printfa.o(i.__0vfprintf) refers to bsp_usart.o(.text) for fputc
    printfa.o(i.__0vprintf) refers (Special) to iusefp.o(.text) for __I$use$fp
    printfa.o(i.__0vprintf) refers to printfa.o(i._printf_core) for _printf_core
    printfa.o(i.__0vprintf) refers to bsp_usart.o(.text) for fputc
    printfa.o(i.__0vprintf) refers to stdout.o(.data) for __stdout
    printfa.o(i.__0vsnprintf) refers (Special) to iusefp.o(.text) for __I$use$fp
    printfa.o(i.__0vsnprintf) refers to printfa.o(i._printf_core) for _printf_core
    printfa.o(i.__0vsnprintf) refers to printfa.o(i._snputc) for _snputc
    printfa.o(i.__0vsprintf) refers (Special) to iusefp.o(.text) for __I$use$fp
    printfa.o(i.__0vsprintf) refers to printfa.o(i._printf_core) for _printf_core
    printfa.o(i.__0vsprintf) refers to printfa.o(i._sputc) for _sputc
    printfa.o(i._fp_digits) refers (Special) to iusefp.o(.text) for __I$use$fp
    printfa.o(i._fp_digits) refers to dmul.o(.text) for __aeabi_dmul
    printfa.o(i._fp_digits) refers to ddiv.o(.text) for __aeabi_ddiv
    printfa.o(i._fp_digits) refers to cdrcmple.o(.text) for __aeabi_cdrcmple
    printfa.o(i._fp_digits) refers to dadd.o(.text) for __aeabi_dadd
    printfa.o(i._fp_digits) refers to dfixul.o(.text) for __aeabi_d2ulz
    printfa.o(i._fp_digits) refers to uldiv.o(.text) for __aeabi_uldivmod
    printfa.o(i._printf_core) refers (Special) to iusefp.o(.text) for __I$use$fp
    printfa.o(i._printf_core) refers to printfa.o(i._printf_pre_padding) for _printf_pre_padding
    printfa.o(i._printf_core) refers to uldiv.o(.text) for __aeabi_uldivmod
    printfa.o(i._printf_core) refers to printfa.o(i._printf_post_padding) for _printf_post_padding
    printfa.o(i._printf_core) refers to printfa.o(i._fp_digits) for _fp_digits
    printfa.o(i._printf_core) refers to uidiv.o(.text) for __aeabi_uidivmod
    printfa.o(i._printf_post_padding) refers (Special) to iusefp.o(.text) for __I$use$fp
    printfa.o(i._printf_pre_padding) refers (Special) to iusefp.o(.text) for __I$use$fp
    printfa.o(i._snputc) refers (Special) to iusefp.o(.text) for __I$use$fp
    printfa.o(i._sputc) refers (Special) to iusefp.o(.text) for __I$use$fp
    fadd.o(.text) refers (Special) to iusefp.o(.text) for __I$use$fp
    fadd.o(.text) refers to fepilogue.o(.text) for _float_epilogue
    fmul.o(.text) refers (Special) to iusefp.o(.text) for __I$use$fp
    dmul.o(.text) refers (Special) to iusefp.o(.text) for __I$use$fp
    dmul.o(.text) refers to depilogue.o(.text) for _double_epilogue
    ddiv.o(.text) refers (Special) to iusefp.o(.text) for __I$use$fp
    ddiv.o(.text) refers to depilogue.o(.text) for _double_round
    fflti.o(.text) refers (Special) to iusefp.o(.text) for __I$use$fp
    fflti.o(.text) refers to fepilogue.o(.text) for _float_epilogue
    dfltui.o(.text) refers (Special) to iusefp.o(.text) for __I$use$fp
    dfltui.o(.text) refers to depilogue.o(.text) for _double_epilogue
    ffixi.o(.text) refers (Special) to iusefp.o(.text) for __I$use$fp
    f2d.o(.text) refers (Special) to iusefp.o(.text) for __I$use$fp
    d2f.o(.text) refers (Special) to iusefp.o(.text) for __I$use$fp
    d2f.o(.text) refers to fepilogue.o(.text) for _float_round
    cfcmple.o(.text) refers (Special) to iusefp.o(.text) for __I$use$fp
    cfrcmple.o(.text) refers (Special) to iusefp.o(.text) for __I$use$fp
    entry2.o(.ARM.Collect$$$$00000001) refers to entry2.o(.ARM.Collect$$$$00002712) for __lit__00000000
    entry2.o(.ARM.Collect$$$$00002712) refers to startup_stm32f10x_md.o(STACK) for __initial_sp
    entry2.o(__vectab_stack_and_reset_area) refers to startup_stm32f10x_md.o(STACK) for __initial_sp
    entry2.o(__vectab_stack_and_reset_area) refers to entry.o(.ARM.Collect$$$$00000000) for __main
    entry5.o(.ARM.Collect$$$$00000004) refers to init.o(.text) for __scatterload
    entry9a.o(.ARM.Collect$$$$0000000B) refers to main.o(.text) for main
    entry9b.o(.ARM.Collect$$$$0000000C) refers to main.o(.text) for main
    uldiv.o(.text) refers to llushr.o(.text) for __aeabi_llsr
    uldiv.o(.text) refers to llshl.o(.text) for __aeabi_llsl
    depilogue.o(.text) refers to llshl.o(.text) for __aeabi_llsl
    depilogue.o(.text) refers to llushr.o(.text) for __aeabi_llsr
    dadd.o(.text) refers to llshl.o(.text) for __aeabi_llsl
    dadd.o(.text) refers to llsshr.o(.text) for __aeabi_lasr
    dadd.o(.text) refers to depilogue.o(.text) for _double_epilogue
    dfixul.o(.text) refers to llushr.o(.text) for __aeabi_llsr
    dfixul.o(.text) refers to llshl.o(.text) for __aeabi_llsl
    init.o(.text) refers to entry5.o(.ARM.Collect$$$$00000004) for __main_after_scatterload


==============================================================================

Removing Unused input sections from the image.

    Removing startup_stm32f10x_md.o(HEAP), (512 bytes).
    Removing core_cm3.o(.emb_text), (32 bytes).
    Removing stm32f10x_bkp.o(.text), (196 bytes).
    Removing stm32f10x_can.o(.text), (2544 bytes).
    Removing stm32f10x_cec.o(.text), (288 bytes).
    Removing stm32f10x_crc.o(.text), (72 bytes).
    Removing stm32f10x_dac.o(.text), (396 bytes).
    Removing stm32f10x_dbgmcu.o(.text), (48 bytes).
    Removing stm32f10x_dma.o(.text), (596 bytes).
    Removing stm32f10x_exti.o(.text), (284 bytes).
    Removing stm32f10x_flash.o(.text), (1468 bytes).
    Removing stm32f10x_fsmc.o(.text), (1548 bytes).
    Removing stm32f10x_iwdg.o(.text), (64 bytes).
    Removing stm32f10x_pwr.o(.text), (204 bytes).
    Removing stm32f10x_rtc.o(.text), (328 bytes).
    Removing stm32f10x_sdio.o(.text), (468 bytes).
    Removing stm32f10x_spi.o(.text), (780 bytes).
    Removing stm32f10x_wwdg.o(.text), (136 bytes).

18 unused section(s) (total 9964 bytes) removed from the image.

==============================================================================

Image Symbol Table

    Local Symbols

    Symbol Name                              Value     Ov Type        Size  Object(Section)

    ../clib/../cmprslib/zerorunl2.c          0x00000000   Number         0  __dczerorl2.o ABSOLUTE
    ../clib/microlib/division.c              0x00000000   Number         0  uldiv.o ABSOLUTE
    ../clib/microlib/division.c              0x00000000   Number         0  uidiv.o ABSOLUTE
    ../clib/microlib/init/entry.s            0x00000000   Number         0  entry9b.o ABSOLUTE
    ../clib/microlib/init/entry.s            0x00000000   Number         0  entry9a.o ABSOLUTE
    ../clib/microlib/init/entry.s            0x00000000   Number         0  entry11b.o ABSOLUTE
    ../clib/microlib/init/entry.s            0x00000000   Number         0  entry8b.o ABSOLUTE
    ../clib/microlib/init/entry.s            0x00000000   Number         0  entry11a.o ABSOLUTE
    ../clib/microlib/init/entry.s            0x00000000   Number         0  entry8a.o ABSOLUTE
    ../clib/microlib/init/entry.s            0x00000000   Number         0  entry7b.o ABSOLUTE
    ../clib/microlib/init/entry.s            0x00000000   Number         0  entry7a.o ABSOLUTE
    ../clib/microlib/init/entry.s            0x00000000   Number         0  entry5.o ABSOLUTE
    ../clib/microlib/init/entry.s            0x00000000   Number         0  entry2.o ABSOLUTE
    ../clib/microlib/init/entry.s            0x00000000   Number         0  entry.o ABSOLUTE
    ../clib/microlib/init/entry.s            0x00000000   Number         0  entry10b.o ABSOLUTE
    ../clib/microlib/init/entry.s            0x00000000   Number         0  entry10a.o ABSOLUTE
    ../clib/microlib/longlong.c              0x00000000   Number         0  llshl.o ABSOLUTE
    ../clib/microlib/longlong.c              0x00000000   Number         0  llushr.o ABSOLUTE
    ../clib/microlib/longlong.c              0x00000000   Number         0  llsshr.o ABSOLUTE
    ../clib/microlib/printf/printf.c         0x00000000   Number         0  printf1.o ABSOLUTE
    ../clib/microlib/printf/printf.c         0x00000000   Number         0  printf3.o ABSOLUTE
    ../clib/microlib/printf/printf.c         0x00000000   Number         0  printf4.o ABSOLUTE
    ../clib/microlib/printf/printf.c         0x00000000   Number         0  printf7.o ABSOLUTE
    ../clib/microlib/printf/printf.c         0x00000000   Number         0  printf5.o ABSOLUTE
    ../clib/microlib/printf/printf.c         0x00000000   Number         0  printf6.o ABSOLUTE
    ../clib/microlib/printf/printf.c         0x00000000   Number         0  printfa.o ABSOLUTE
    ../clib/microlib/printf/printf.c         0x00000000   Number         0  printf8.o ABSOLUTE
    ../clib/microlib/printf/printf.c         0x00000000   Number         0  printfb.o ABSOLUTE
    ../clib/microlib/printf/printf.c         0x00000000   Number         0  printf0.o ABSOLUTE
    ../clib/microlib/printf/printf.c         0x00000000   Number         0  printf2.o ABSOLUTE
    ../clib/microlib/printf/stubs.s          0x00000000   Number         0  stubs.o ABSOLUTE
    ../clib/microlib/stdio/streams.c         0x00000000   Number         0  stdout.o ABSOLUTE
    ../clib/microlib/stubs.s                 0x00000000   Number         0  iusefp.o ABSOLUTE
    ../fplib/microlib/d2f.c                  0x00000000   Number         0  d2f.o ABSOLUTE
    ../fplib/microlib/f2d.c                  0x00000000   Number         0  f2d.o ABSOLUTE
    ../fplib/microlib/fpadd.c                0x00000000   Number         0  dadd.o ABSOLUTE
    ../fplib/microlib/fpadd.c                0x00000000   Number         0  fadd.o ABSOLUTE
    ../fplib/microlib/fpdiv.c                0x00000000   Number         0  ddiv.o ABSOLUTE
    ../fplib/microlib/fpepilogue.c           0x00000000   Number         0  depilogue.o ABSOLUTE
    ../fplib/microlib/fpepilogue.c           0x00000000   Number         0  fepilogue.o ABSOLUTE
    ../fplib/microlib/fpfix.c                0x00000000   Number         0  dfixul.o ABSOLUTE
    ../fplib/microlib/fpfix.c                0x00000000   Number         0  ffixi.o ABSOLUTE
    ../fplib/microlib/fpflt.c                0x00000000   Number         0  fflti.o ABSOLUTE
    ../fplib/microlib/fpflt.c                0x00000000   Number         0  dfltui.o ABSOLUTE
    ../fplib/microlib/fpmul.c                0x00000000   Number         0  dmul.o ABSOLUTE
    ../fplib/microlib/fpmul.c                0x00000000   Number         0  fmul.o ABSOLUTE
    ..\DRV\bsp_ADC.c                         0x00000000   Number         0  bsp_adc.o ABSOLUTE
    ..\DRV\bsp_GPIO.c                        0x00000000   Number         0  bsp_gpio.o ABSOLUTE
    ..\DRV\bsp_NVIC.C                        0x00000000   Number         0  bsp_nvic.o ABSOLUTE
    ..\DRV\bsp_SysTick.c                     0x00000000   Number         0  bsp_systick.o ABSOLUTE
    ..\DRV\bsp_iic.c                         0x00000000   Number         0  bsp_iic.o ABSOLUTE
    ..\DRV\bsp_sys.c                         0x00000000   Number         0  bsp_sys.o ABSOLUTE
    ..\DRV\bsp_usart.c                       0x00000000   Number         0  bsp_usart.o ABSOLUTE
    ..\DRV\delay.c                           0x00000000   Number         0  delay.o ABSOLUTE
    ..\HARDWARE\MOTO\Encoder.c               0x00000000   Number         0  encoder.o ABSOLUTE
    ..\HARDWARE\MOTO\PID.c                   0x00000000   Number         0  pid.o ABSOLUTE
    ..\HARDWARE\MOTO\TB6612.c                0x00000000   Number         0  tb6612.o ABSOLUTE
    ..\HARDWARE\MOTO\car.c                   0x00000000   Number         0  car.o ABSOLUTE
    ..\HARDWARE\OLED\oled.c                  0x00000000   Number         0  oled.o ABSOLUTE
    ..\Libraries\CMSIS\core_cm3.c            0x00000000   Number         0  core_cm3.o ABSOLUTE
    ..\Libraries\CMSIS\startup\startup_stm32f10x_md.s 0x00000000   Number         0  startup_stm32f10x_md.o ABSOLUTE
    ..\Libraries\CMSIS\system_stm32f10x.c    0x00000000   Number         0  system_stm32f10x.o ABSOLUTE
    ..\Libraries\FWlib\src\misc.c            0x00000000   Number         0  misc.o ABSOLUTE
    ..\Libraries\FWlib\src\stm32f10x_adc.c   0x00000000   Number         0  stm32f10x_adc.o ABSOLUTE
    ..\Libraries\FWlib\src\stm32f10x_bkp.c   0x00000000   Number         0  stm32f10x_bkp.o ABSOLUTE
    ..\Libraries\FWlib\src\stm32f10x_can.c   0x00000000   Number         0  stm32f10x_can.o ABSOLUTE
    ..\Libraries\FWlib\src\stm32f10x_cec.c   0x00000000   Number         0  stm32f10x_cec.o ABSOLUTE
    ..\Libraries\FWlib\src\stm32f10x_crc.c   0x00000000   Number         0  stm32f10x_crc.o ABSOLUTE
    ..\Libraries\FWlib\src\stm32f10x_dac.c   0x00000000   Number         0  stm32f10x_dac.o ABSOLUTE
    ..\Libraries\FWlib\src\stm32f10x_dbgmcu.c 0x00000000   Number         0  stm32f10x_dbgmcu.o ABSOLUTE
    ..\Libraries\FWlib\src\stm32f10x_dma.c   0x00000000   Number         0  stm32f10x_dma.o ABSOLUTE
    ..\Libraries\FWlib\src\stm32f10x_exti.c  0x00000000   Number         0  stm32f10x_exti.o ABSOLUTE
    ..\Libraries\FWlib\src\stm32f10x_flash.c 0x00000000   Number         0  stm32f10x_flash.o ABSOLUTE
    ..\Libraries\FWlib\src\stm32f10x_fsmc.c  0x00000000   Number         0  stm32f10x_fsmc.o ABSOLUTE
    ..\Libraries\FWlib\src\stm32f10x_gpio.c  0x00000000   Number         0  stm32f10x_gpio.o ABSOLUTE
    ..\Libraries\FWlib\src\stm32f10x_i2c.c   0x00000000   Number         0  stm32f10x_i2c.o ABSOLUTE
    ..\Libraries\FWlib\src\stm32f10x_iwdg.c  0x00000000   Number         0  stm32f10x_iwdg.o ABSOLUTE
    ..\Libraries\FWlib\src\stm32f10x_pwr.c   0x00000000   Number         0  stm32f10x_pwr.o ABSOLUTE
    ..\Libraries\FWlib\src\stm32f10x_rcc.c   0x00000000   Number         0  stm32f10x_rcc.o ABSOLUTE
    ..\Libraries\FWlib\src\stm32f10x_rtc.c   0x00000000   Number         0  stm32f10x_rtc.o ABSOLUTE
    ..\Libraries\FWlib\src\stm32f10x_sdio.c  0x00000000   Number         0  stm32f10x_sdio.o ABSOLUTE
    ..\Libraries\FWlib\src\stm32f10x_spi.c   0x00000000   Number         0  stm32f10x_spi.o ABSOLUTE
    ..\Libraries\FWlib\src\stm32f10x_tim.c   0x00000000   Number         0  stm32f10x_tim.o ABSOLUTE
    ..\Libraries\FWlib\src\stm32f10x_usart.c 0x00000000   Number         0  stm32f10x_usart.o ABSOLUTE
    ..\Libraries\FWlib\src\stm32f10x_wwdg.c  0x00000000   Number         0  stm32f10x_wwdg.o ABSOLUTE
    ..\User\main.c                           0x00000000   Number         0  main.o ABSOLUTE
    ..\User\stm32f10x_it.c                   0x00000000   Number         0  stm32f10x_it.o ABSOLUTE
    ..\\Libraries\\CMSIS\\core_cm3.c         0x00000000   Number         0  core_cm3.o ABSOLUTE
    cdrcmple.s                               0x00000000   Number         0  cdrcmple.o ABSOLUTE
    cfcmple.s                                0x00000000   Number         0  cfcmple.o ABSOLUTE
    cfrcmple.s                               0x00000000   Number         0  cfrcmple.o ABSOLUTE
    dc.s                                     0x00000000   Number         0  dc.o ABSOLUTE
    handlers.s                               0x00000000   Number         0  handlers.o ABSOLUTE
    init.s                                   0x00000000   Number         0  init.o ABSOLUTE
    RESET                                    0x08000000   Section      236  startup_stm32f10x_md.o(RESET)
    .ARM.Collect$$$$00000000                 0x080000ec   Section        0  entry.o(.ARM.Collect$$$$00000000)
    .ARM.Collect$$$$00000001                 0x080000ec   Section        4  entry2.o(.ARM.Collect$$$$00000001)
    .ARM.Collect$$$$00000004                 0x080000f0   Section        4  entry5.o(.ARM.Collect$$$$00000004)
    .ARM.Collect$$$$00000008                 0x080000f4   Section        0  entry7b.o(.ARM.Collect$$$$00000008)
    .ARM.Collect$$$$0000000A                 0x080000f4   Section        0  entry8b.o(.ARM.Collect$$$$0000000A)
    .ARM.Collect$$$$0000000B                 0x080000f4   Section        8  entry9a.o(.ARM.Collect$$$$0000000B)
    .ARM.Collect$$$$0000000D                 0x080000fc   Section        0  entry10a.o(.ARM.Collect$$$$0000000D)
    .ARM.Collect$$$$0000000F                 0x080000fc   Section        0  entry11a.o(.ARM.Collect$$$$0000000F)
    .ARM.Collect$$$$00002712                 0x080000fc   Section        4  entry2.o(.ARM.Collect$$$$00002712)
    __lit__00000000                          0x080000fc   Data           4  entry2.o(.ARM.Collect$$$$00002712)
    .text                                    0x08000100   Section       36  startup_stm32f10x_md.o(.text)
    .text                                    0x08000124   Section        0  system_stm32f10x.o(.text)
    SetSysClockTo72                          0x08000125   Thumb Code   214  system_stm32f10x.o(.text)
    SetSysClock                              0x080001fb   Thumb Code     8  system_stm32f10x.o(.text)
    .text                                    0x08000304   Section        0  misc.o(.text)
    .text                                    0x080003e0   Section        0  stm32f10x_adc.o(.text)
    .text                                    0x08000830   Section        0  stm32f10x_gpio.o(.text)
    .text                                    0x08000b8c   Section        0  stm32f10x_i2c.o(.text)
    .text                                    0x08000f90   Section        0  stm32f10x_rcc.o(.text)
    .text                                    0x08001334   Section        0  stm32f10x_tim.o(.text)
    TI4_Config                               0x080017db   Thumb Code   130  stm32f10x_tim.o(.text)
    TI3_Config                               0x0800186f   Thumb Code   122  stm32f10x_tim.o(.text)
    TI2_Config                               0x08001903   Thumb Code   130  stm32f10x_tim.o(.text)
    TI1_Config                               0x08001997   Thumb Code   108  stm32f10x_tim.o(.text)
    .text                                    0x08002150   Section        0  stm32f10x_usart.o(.text)
    .text                                    0x08002558   Section        0  bsp_sys.o(.text)
    .text                                    0x08002628   Section        0  bsp_gpio.o(.text)
    .text                                    0x080026b4   Section        0  bsp_nvic.o(.text)
    .text                                    0x080026b8   Section        0  bsp_usart.o(.text)
    .text                                    0x0800284c   Section        0  delay.o(.text)
    .text                                    0x08002884   Section        0  bsp_iic.o(.text)
    .text                                    0x08002be8   Section        0  bsp_adc.o(.text)
    .text                                    0x08002ce4   Section        0  bsp_systick.o(.text)
    .text                                    0x08002d4c   Section        0  oled.o(.text)
    .text                                    0x0800323c   Section        0  tb6612.o(.text)
    .text                                    0x080033cc   Section        0  encoder.o(.text)
    .text                                    0x080035a4   Section        0  car.o(.text)
    .text                                    0x080036f8   Section        0  pid.o(.text)
    .text                                    0x080038d0   Section        0  main.o(.text)
    .text                                    0x08003a24   Section        0  stm32f10x_it.o(.text)
    .text                                    0x08003a3c   Section        0  fadd.o(.text)
    .text                                    0x08003aec   Section        0  fmul.o(.text)
    .text                                    0x08003b50   Section        0  dmul.o(.text)
    .text                                    0x08003c34   Section        0  ddiv.o(.text)
    .text                                    0x08003d12   Section        0  fflti.o(.text)
    .text                                    0x08003d24   Section        0  dfltui.o(.text)
    .text                                    0x08003d3e   Section        0  ffixi.o(.text)
    .text                                    0x08003d70   Section        0  f2d.o(.text)
    .text                                    0x08003d96   Section        0  d2f.o(.text)
    .text                                    0x08003dd0   Section       20  cfcmple.o(.text)
    .text                                    0x08003de4   Section       20  cfrcmple.o(.text)
    .text                                    0x08003df8   Section        0  uidiv.o(.text)
    .text                                    0x08003e24   Section        0  uldiv.o(.text)
    .text                                    0x08003e86   Section        0  fepilogue.o(.text)
    .text                                    0x08003e86   Section        0  iusefp.o(.text)
    .text                                    0x08003ef4   Section        0  depilogue.o(.text)
    .text                                    0x08003fae   Section        0  dadd.o(.text)
    .text                                    0x080040fc   Section        0  dfixul.o(.text)
    .text                                    0x0800412c   Section       48  cdrcmple.o(.text)
    .text                                    0x0800415c   Section       36  init.o(.text)
    .text                                    0x08004180   Section        0  llshl.o(.text)
    .text                                    0x0800419e   Section        0  llushr.o(.text)
    .text                                    0x080041be   Section        0  llsshr.o(.text)
    .text                                    0x080041e2   Section        0  __dczerorl2.o(.text)
    i.__0printf                              0x08004238   Section        0  printfa.o(i.__0printf)
    i.__0sprintf                             0x08004258   Section        0  printfa.o(i.__0sprintf)
    i.__scatterload_copy                     0x08004280   Section       14  handlers.o(i.__scatterload_copy)
    i.__scatterload_null                     0x0800428e   Section        2  handlers.o(i.__scatterload_null)
    i.__scatterload_zeroinit                 0x08004290   Section       14  handlers.o(i.__scatterload_zeroinit)
    i._fp_digits                             0x080042a0   Section        0  printfa.o(i._fp_digits)
    _fp_digits                               0x080042a1   Thumb Code   366  printfa.o(i._fp_digits)
    i._printf_core                           0x08004424   Section        0  printfa.o(i._printf_core)
    _printf_core                             0x08004425   Thumb Code  1744  printfa.o(i._printf_core)
    i._printf_post_padding                   0x08004b00   Section        0  printfa.o(i._printf_post_padding)
    _printf_post_padding                     0x08004b01   Thumb Code    36  printfa.o(i._printf_post_padding)
    i._printf_pre_padding                    0x08004b24   Section        0  printfa.o(i._printf_pre_padding)
    _printf_pre_padding                      0x08004b25   Thumb Code    46  printfa.o(i._printf_pre_padding)
    i._sputc                                 0x08004b52   Section        0  printfa.o(i._sputc)
    _sputc                                   0x08004b53   Thumb Code    10  printfa.o(i._sputc)
    .constdata                               0x08004b5c   Section     2072  oled.o(.constdata)
    .data                                    0x20000000   Section       20  system_stm32f10x.o(.data)
    .data                                    0x20000014   Section       20  stm32f10x_rcc.o(.data)
    APBAHBPrescTable                         0x20000014   Data          16  stm32f10x_rcc.o(.data)
    ADCPrescTable                            0x20000024   Data           4  stm32f10x_rcc.o(.data)
    .data                                    0x20000028   Section        4  bsp_gpio.o(.data)
    temp                                     0x20000028   Data           4  bsp_gpio.o(.data)
    .data                                    0x2000002c   Section       12  bsp_usart.o(.data)
    .data                                    0x20000038   Section      512  oled.o(.data)
    .data                                    0x20000238   Section       48  car.o(.data)
    .data                                    0x20000268   Section       56  pid.o(.data)
    Error                                    0x20000288   Data           4  pid.o(.data)
    Error_last                               0x2000028c   Data           4  pid.o(.data)
    Error_integral                           0x20000290   Data           4  pid.o(.data)
    Error                                    0x20000294   Data           4  pid.o(.data)
    Error_last                               0x20000298   Data           4  pid.o(.data)
    Error_integral                           0x2000029c   Data           4  pid.o(.data)
    .data                                    0x200002a0   Section        4  stdout.o(.data)
    STACK                                    0x200002a8   Section     1024  startup_stm32f10x_md.o(STACK)

    Global Symbols

    Symbol Name                              Value     Ov Type        Size  Object(Section)

    BuildAttributes$$THM_ISAv4$P$D$K$B$S$PE$A:L22UL41UL21$X:L11$S22US41US21$IEEE1$IW$USESV6$~STKCKD$USESV7$~SHL$OTIME$ROPI$EBA8$MICROLIB$REQ8$PRES8$EABIv2 0x00000000   Number         0  anon$$obj.o ABSOLUTE
    __ARM_use_no_argv                        0x00000000   Number         0  main.o ABSOLUTE
    _printf_a                                0x00000000   Number         0  stubs.o ABSOLUTE
    _printf_c                                0x00000000   Number         0  stubs.o ABSOLUTE
    _printf_charcount                        0x00000000   Number         0  stubs.o ABSOLUTE
    _printf_d                                0x00000000   Number         0  stubs.o ABSOLUTE
    _printf_e                                0x00000000   Number         0  stubs.o ABSOLUTE
    _printf_f                                0x00000000   Number         0  stubs.o ABSOLUTE
    _printf_flags                            0x00000000   Number         0  stubs.o ABSOLUTE
    _printf_fp_dec                           0x00000000   Number         0  stubs.o ABSOLUTE
    _printf_fp_hex                           0x00000000   Number         0  stubs.o ABSOLUTE
    _printf_g                                0x00000000   Number         0  stubs.o ABSOLUTE
    _printf_i                                0x00000000   Number         0  stubs.o ABSOLUTE
    _printf_int_dec                          0x00000000   Number         0  stubs.o ABSOLUTE
    _printf_l                                0x00000000   Number         0  stubs.o ABSOLUTE
    _printf_lc                               0x00000000   Number         0  stubs.o ABSOLUTE
    _printf_ll                               0x00000000   Number         0  stubs.o ABSOLUTE
    _printf_lld                              0x00000000   Number         0  stubs.o ABSOLUTE
    _printf_lli                              0x00000000   Number         0  stubs.o ABSOLUTE
    _printf_llo                              0x00000000   Number         0  stubs.o ABSOLUTE
    _printf_llu                              0x00000000   Number         0  stubs.o ABSOLUTE
    _printf_llx                              0x00000000   Number         0  stubs.o ABSOLUTE
    _printf_longlong_dec                     0x00000000   Number         0  stubs.o ABSOLUTE
    _printf_longlong_hex                     0x00000000   Number         0  stubs.o ABSOLUTE
    _printf_longlong_oct                     0x00000000   Number         0  stubs.o ABSOLUTE
    _printf_ls                               0x00000000   Number         0  stubs.o ABSOLUTE
    _printf_mbtowc                           0x00000000   Number         0  stubs.o ABSOLUTE
    _printf_n                                0x00000000   Number         0  stubs.o ABSOLUTE
    _printf_o                                0x00000000   Number         0  stubs.o ABSOLUTE
    _printf_p                                0x00000000   Number         0  stubs.o ABSOLUTE
    _printf_percent                          0x00000000   Number         0  stubs.o ABSOLUTE
    _printf_pre_padding                      0x00000000   Number         0  stubs.o ABSOLUTE
    _printf_return_value                     0x00000000   Number         0  stubs.o ABSOLUTE
    _printf_s                                0x00000000   Number         0  stubs.o ABSOLUTE
    _printf_sizespec                         0x00000000   Number         0  stubs.o ABSOLUTE
    _printf_str                              0x00000000   Number         0  stubs.o ABSOLUTE
    _printf_truncate_signed                  0x00000000   Number         0  stubs.o ABSOLUTE
    _printf_truncate_unsigned                0x00000000   Number         0  stubs.o ABSOLUTE
    _printf_u                                0x00000000   Number         0  stubs.o ABSOLUTE
    _printf_wc                               0x00000000   Number         0  stubs.o ABSOLUTE
    _printf_wctomb                           0x00000000   Number         0  stubs.o ABSOLUTE
    _printf_widthprec                        0x00000000   Number         0  stubs.o ABSOLUTE
    _printf_x                                0x00000000   Number         0  stubs.o ABSOLUTE
    __cpp_initialize__aeabi_                  - Undefined Weak Reference
    __cxa_finalize                            - Undefined Weak Reference
    _clock_init                               - Undefined Weak Reference
    _microlib_exit                            - Undefined Weak Reference
    __Vectors_Size                           0x000000ec   Number         0  startup_stm32f10x_md.o ABSOLUTE
    __Vectors                                0x08000000   Data           4  startup_stm32f10x_md.o(RESET)
    __Vectors_End                            0x080000ec   Data           0  startup_stm32f10x_md.o(RESET)
    __main                                   0x080000ed   Thumb Code     0  entry.o(.ARM.Collect$$$$00000000)
    _main_stk                                0x080000ed   Thumb Code     0  entry2.o(.ARM.Collect$$$$00000001)
    _main_scatterload                        0x080000f1   Thumb Code     0  entry5.o(.ARM.Collect$$$$00000004)
    __main_after_scatterload                 0x080000f5   Thumb Code     0  entry5.o(.ARM.Collect$$$$00000004)
    _main_clock                              0x080000f5   Thumb Code     0  entry7b.o(.ARM.Collect$$$$00000008)
    _main_cpp_init                           0x080000f5   Thumb Code     0  entry8b.o(.ARM.Collect$$$$0000000A)
    _main_init                               0x080000f5   Thumb Code     0  entry9a.o(.ARM.Collect$$$$0000000B)
    __rt_final_cpp                           0x080000fd   Thumb Code     0  entry10a.o(.ARM.Collect$$$$0000000D)
    __rt_final_exit                          0x080000fd   Thumb Code     0  entry11a.o(.ARM.Collect$$$$0000000F)
    Reset_Handler                            0x08000101   Thumb Code     8  startup_stm32f10x_md.o(.text)
    ADC1_2_IRQHandler                        0x0800011b   Thumb Code     0  startup_stm32f10x_md.o(.text)
    CAN1_RX1_IRQHandler                      0x0800011b   Thumb Code     0  startup_stm32f10x_md.o(.text)
    CAN1_SCE_IRQHandler                      0x0800011b   Thumb Code     0  startup_stm32f10x_md.o(.text)
    DMA1_Channel1_IRQHandler                 0x0800011b   Thumb Code     0  startup_stm32f10x_md.o(.text)
    DMA1_Channel2_IRQHandler                 0x0800011b   Thumb Code     0  startup_stm32f10x_md.o(.text)
    DMA1_Channel3_IRQHandler                 0x0800011b   Thumb Code     0  startup_stm32f10x_md.o(.text)
    DMA1_Channel4_IRQHandler                 0x0800011b   Thumb Code     0  startup_stm32f10x_md.o(.text)
    DMA1_Channel5_IRQHandler                 0x0800011b   Thumb Code     0  startup_stm32f10x_md.o(.text)
    DMA1_Channel6_IRQHandler                 0x0800011b   Thumb Code     0  startup_stm32f10x_md.o(.text)
    DMA1_Channel7_IRQHandler                 0x0800011b   Thumb Code     0  startup_stm32f10x_md.o(.text)
    EXTI0_IRQHandler                         0x0800011b   Thumb Code     0  startup_stm32f10x_md.o(.text)
    EXTI15_10_IRQHandler                     0x0800011b   Thumb Code     0  startup_stm32f10x_md.o(.text)
    EXTI1_IRQHandler                         0x0800011b   Thumb Code     0  startup_stm32f10x_md.o(.text)
    EXTI2_IRQHandler                         0x0800011b   Thumb Code     0  startup_stm32f10x_md.o(.text)
    EXTI3_IRQHandler                         0x0800011b   Thumb Code     0  startup_stm32f10x_md.o(.text)
    EXTI4_IRQHandler                         0x0800011b   Thumb Code     0  startup_stm32f10x_md.o(.text)
    EXTI9_5_IRQHandler                       0x0800011b   Thumb Code     0  startup_stm32f10x_md.o(.text)
    FLASH_IRQHandler                         0x0800011b   Thumb Code     0  startup_stm32f10x_md.o(.text)
    I2C1_ER_IRQHandler                       0x0800011b   Thumb Code     0  startup_stm32f10x_md.o(.text)
    I2C1_EV_IRQHandler                       0x0800011b   Thumb Code     0  startup_stm32f10x_md.o(.text)
    I2C2_ER_IRQHandler                       0x0800011b   Thumb Code     0  startup_stm32f10x_md.o(.text)
    I2C2_EV_IRQHandler                       0x0800011b   Thumb Code     0  startup_stm32f10x_md.o(.text)
    PVD_IRQHandler                           0x0800011b   Thumb Code     0  startup_stm32f10x_md.o(.text)
    RCC_IRQHandler                           0x0800011b   Thumb Code     0  startup_stm32f10x_md.o(.text)
    RTCAlarm_IRQHandler                      0x0800011b   Thumb Code     0  startup_stm32f10x_md.o(.text)
    RTC_IRQHandler                           0x0800011b   Thumb Code     0  startup_stm32f10x_md.o(.text)
    SPI1_IRQHandler                          0x0800011b   Thumb Code     0  startup_stm32f10x_md.o(.text)
    SPI2_IRQHandler                          0x0800011b   Thumb Code     0  startup_stm32f10x_md.o(.text)
    TAMPER_IRQHandler                        0x0800011b   Thumb Code     0  startup_stm32f10x_md.o(.text)
    TIM1_BRK_IRQHandler                      0x0800011b   Thumb Code     0  startup_stm32f10x_md.o(.text)
    TIM1_CC_IRQHandler                       0x0800011b   Thumb Code     0  startup_stm32f10x_md.o(.text)
    TIM1_TRG_COM_IRQHandler                  0x0800011b   Thumb Code     0  startup_stm32f10x_md.o(.text)
    TIM1_UP_IRQHandler                       0x0800011b   Thumb Code     0  startup_stm32f10x_md.o(.text)
    TIM2_IRQHandler                          0x0800011b   Thumb Code     0  startup_stm32f10x_md.o(.text)
    TIM3_IRQHandler                          0x0800011b   Thumb Code     0  startup_stm32f10x_md.o(.text)
    TIM4_IRQHandler                          0x0800011b   Thumb Code     0  startup_stm32f10x_md.o(.text)
    USART2_IRQHandler                        0x0800011b   Thumb Code     0  startup_stm32f10x_md.o(.text)
    USART3_IRQHandler                        0x0800011b   Thumb Code     0  startup_stm32f10x_md.o(.text)
    USBWakeUp_IRQHandler                     0x0800011b   Thumb Code     0  startup_stm32f10x_md.o(.text)
    USB_HP_CAN1_TX_IRQHandler                0x0800011b   Thumb Code     0  startup_stm32f10x_md.o(.text)
    USB_LP_CAN1_RX0_IRQHandler               0x0800011b   Thumb Code     0  startup_stm32f10x_md.o(.text)
    WWDG_IRQHandler                          0x0800011b   Thumb Code     0  startup_stm32f10x_md.o(.text)
    SystemInit                               0x08000203   Thumb Code    78  system_stm32f10x.o(.text)
    SystemCoreClockUpdate                    0x08000251   Thumb Code   142  system_stm32f10x.o(.text)
    NVIC_PriorityGroupConfig                 0x08000305   Thumb Code    10  misc.o(.text)
    NVIC_Init                                0x0800030f   Thumb Code   100  misc.o(.text)
    NVIC_SetVectorTable                      0x08000373   Thumb Code    14  misc.o(.text)
    NVIC_SystemLPConfig                      0x08000381   Thumb Code    34  misc.o(.text)
    SysTick_CLKSourceConfig                  0x080003a3   Thumb Code    40  misc.o(.text)
    ADC_DeInit                               0x080003e1   Thumb Code    78  stm32f10x_adc.o(.text)
    ADC_Init                                 0x0800042f   Thumb Code    70  stm32f10x_adc.o(.text)
    ADC_StructInit                           0x08000475   Thumb Code    18  stm32f10x_adc.o(.text)
    ADC_Cmd                                  0x08000487   Thumb Code    22  stm32f10x_adc.o(.text)
    ADC_DMACmd                               0x0800049d   Thumb Code    22  stm32f10x_adc.o(.text)
    ADC_ITConfig                             0x080004b3   Thumb Code    24  stm32f10x_adc.o(.text)
    ADC_ResetCalibration                     0x080004cb   Thumb Code    10  stm32f10x_adc.o(.text)
    ADC_GetResetCalibrationStatus            0x080004d5   Thumb Code    20  stm32f10x_adc.o(.text)
    ADC_StartCalibration                     0x080004e9   Thumb Code    10  stm32f10x_adc.o(.text)
    ADC_GetCalibrationStatus                 0x080004f3   Thumb Code    20  stm32f10x_adc.o(.text)
    ADC_SoftwareStartConvCmd                 0x08000507   Thumb Code    22  stm32f10x_adc.o(.text)
    ADC_GetSoftwareStartConvStatus           0x0800051d   Thumb Code    20  stm32f10x_adc.o(.text)
    ADC_DiscModeChannelCountConfig           0x08000531   Thumb Code    24  stm32f10x_adc.o(.text)
    ADC_DiscModeCmd                          0x08000549   Thumb Code    22  stm32f10x_adc.o(.text)
    ADC_RegularChannelConfig                 0x0800055f   Thumb Code   184  stm32f10x_adc.o(.text)
    ADC_ExternalTrigConvCmd                  0x08000617   Thumb Code    22  stm32f10x_adc.o(.text)
    ADC_GetConversionValue                   0x0800062d   Thumb Code     8  stm32f10x_adc.o(.text)
    ADC_GetDualModeConversionValue           0x08000635   Thumb Code     8  stm32f10x_adc.o(.text)
    ADC_AutoInjectedConvCmd                  0x0800063d   Thumb Code    22  stm32f10x_adc.o(.text)
    ADC_InjectedDiscModeCmd                  0x08000653   Thumb Code    22  stm32f10x_adc.o(.text)
    ADC_ExternalTrigInjectedConvConfig       0x08000669   Thumb Code    16  stm32f10x_adc.o(.text)
    ADC_ExternalTrigInjectedConvCmd          0x08000679   Thumb Code    22  stm32f10x_adc.o(.text)
    ADC_SoftwareStartInjectedConvCmd         0x0800068f   Thumb Code    22  stm32f10x_adc.o(.text)
    ADC_GetSoftwareStartInjectedConvCmdStatus 0x080006a5   Thumb Code    20  stm32f10x_adc.o(.text)
    ADC_InjectedChannelConfig                0x080006b9   Thumb Code   130  stm32f10x_adc.o(.text)
    ADC_InjectedSequencerLengthConfig        0x0800073b   Thumb Code    24  stm32f10x_adc.o(.text)
    ADC_SetInjectedOffset                    0x08000753   Thumb Code    20  stm32f10x_adc.o(.text)
    ADC_GetInjectedConversionValue           0x08000767   Thumb Code    28  stm32f10x_adc.o(.text)
    ADC_AnalogWatchdogCmd                    0x08000783   Thumb Code    16  stm32f10x_adc.o(.text)
    ADC_AnalogWatchdogThresholdsConfig       0x08000793   Thumb Code     6  stm32f10x_adc.o(.text)
    ADC_AnalogWatchdogSingleChannelConfig    0x08000799   Thumb Code    16  stm32f10x_adc.o(.text)
    ADC_TempSensorVrefintCmd                 0x080007a9   Thumb Code    64  stm32f10x_adc.o(.text)
    ADC_GetFlagStatus                        0x080007e9   Thumb Code    18  stm32f10x_adc.o(.text)
    ADC_ClearFlag                            0x080007fb   Thumb Code     6  stm32f10x_adc.o(.text)
    ADC_GetITStatus                          0x08000801   Thumb Code    36  stm32f10x_adc.o(.text)
    ADC_ClearITPendingBit                    0x08000825   Thumb Code    10  stm32f10x_adc.o(.text)
    GPIO_DeInit                              0x08000831   Thumb Code   172  stm32f10x_gpio.o(.text)
    GPIO_AFIODeInit                          0x080008dd   Thumb Code    20  stm32f10x_gpio.o(.text)
    GPIO_Init                                0x080008f1   Thumb Code   278  stm32f10x_gpio.o(.text)
    GPIO_StructInit                          0x08000a07   Thumb Code    16  stm32f10x_gpio.o(.text)
    GPIO_ReadInputDataBit                    0x08000a17   Thumb Code    18  stm32f10x_gpio.o(.text)
    GPIO_ReadInputData                       0x08000a29   Thumb Code     8  stm32f10x_gpio.o(.text)
    GPIO_ReadOutputDataBit                   0x08000a31   Thumb Code    18  stm32f10x_gpio.o(.text)
    GPIO_ReadOutputData                      0x08000a43   Thumb Code     8  stm32f10x_gpio.o(.text)
    GPIO_SetBits                             0x08000a4b   Thumb Code     4  stm32f10x_gpio.o(.text)
    GPIO_ResetBits                           0x08000a4f   Thumb Code     4  stm32f10x_gpio.o(.text)
    GPIO_WriteBit                            0x08000a53   Thumb Code    10  stm32f10x_gpio.o(.text)
    GPIO_Write                               0x08000a5d   Thumb Code     4  stm32f10x_gpio.o(.text)
    GPIO_PinLockConfig                       0x08000a61   Thumb Code    18  stm32f10x_gpio.o(.text)
    GPIO_EventOutputConfig                   0x08000a73   Thumb Code    26  stm32f10x_gpio.o(.text)
    GPIO_EventOutputCmd                      0x08000a8d   Thumb Code     6  stm32f10x_gpio.o(.text)
    GPIO_PinRemapConfig                      0x08000a93   Thumb Code   138  stm32f10x_gpio.o(.text)
    GPIO_EXTILineConfig                      0x08000b1d   Thumb Code    66  stm32f10x_gpio.o(.text)
    GPIO_ETH_MediaInterfaceConfig            0x08000b5f   Thumb Code     8  stm32f10x_gpio.o(.text)
    I2C_DeInit                               0x08000b8d   Thumb Code    50  stm32f10x_i2c.o(.text)
    I2C_Init                                 0x08000bbf   Thumb Code   222  stm32f10x_i2c.o(.text)
    I2C_StructInit                           0x08000c9d   Thumb Code    30  stm32f10x_i2c.o(.text)
    I2C_Cmd                                  0x08000cbb   Thumb Code    24  stm32f10x_i2c.o(.text)
    I2C_DMACmd                               0x08000cd3   Thumb Code    24  stm32f10x_i2c.o(.text)
    I2C_DMALastTransferCmd                   0x08000ceb   Thumb Code    24  stm32f10x_i2c.o(.text)
    I2C_GenerateSTART                        0x08000d03   Thumb Code    24  stm32f10x_i2c.o(.text)
    I2C_GenerateSTOP                         0x08000d1b   Thumb Code    24  stm32f10x_i2c.o(.text)
    I2C_AcknowledgeConfig                    0x08000d33   Thumb Code    24  stm32f10x_i2c.o(.text)
    I2C_OwnAddress2Config                    0x08000d4b   Thumb Code    22  stm32f10x_i2c.o(.text)
    I2C_DualAddressCmd                       0x08000d61   Thumb Code    24  stm32f10x_i2c.o(.text)
    I2C_GeneralCallCmd                       0x08000d79   Thumb Code    24  stm32f10x_i2c.o(.text)
    I2C_ITConfig                             0x08000d91   Thumb Code    18  stm32f10x_i2c.o(.text)
    I2C_SendData                             0x08000da3   Thumb Code     4  stm32f10x_i2c.o(.text)
    I2C_ReceiveData                          0x08000da7   Thumb Code     8  stm32f10x_i2c.o(.text)
    I2C_Send7bitAddress                      0x08000daf   Thumb Code    18  stm32f10x_i2c.o(.text)
    I2C_ReadRegister                         0x08000dc1   Thumb Code    22  stm32f10x_i2c.o(.text)
    I2C_SoftwareResetCmd                     0x08000dd7   Thumb Code    22  stm32f10x_i2c.o(.text)
    I2C_NACKPositionConfig                   0x08000ded   Thumb Code    28  stm32f10x_i2c.o(.text)
    I2C_SMBusAlertConfig                     0x08000e09   Thumb Code    28  stm32f10x_i2c.o(.text)
    I2C_TransmitPEC                          0x08000e25   Thumb Code    24  stm32f10x_i2c.o(.text)
    I2C_PECPositionConfig                    0x08000e3d   Thumb Code    28  stm32f10x_i2c.o(.text)
    I2C_CalculatePEC                         0x08000e59   Thumb Code    24  stm32f10x_i2c.o(.text)
    I2C_GetPEC                               0x08000e71   Thumb Code     8  stm32f10x_i2c.o(.text)
    I2C_ARPCmd                               0x08000e79   Thumb Code    24  stm32f10x_i2c.o(.text)
    I2C_StretchClockCmd                      0x08000e91   Thumb Code    24  stm32f10x_i2c.o(.text)
    I2C_FastModeDutyCycleConfig              0x08000ea9   Thumb Code    28  stm32f10x_i2c.o(.text)
    I2C_CheckEvent                           0x08000ec5   Thumb Code    42  stm32f10x_i2c.o(.text)
    I2C_GetLastEvent                         0x08000eef   Thumb Code    26  stm32f10x_i2c.o(.text)
    I2C_GetFlagStatus                        0x08000f09   Thumb Code    58  stm32f10x_i2c.o(.text)
    I2C_ClearFlag                            0x08000f43   Thumb Code    12  stm32f10x_i2c.o(.text)
    I2C_GetITStatus                          0x08000f4f   Thumb Code    54  stm32f10x_i2c.o(.text)
    I2C_ClearITPendingBit                    0x08000f85   Thumb Code    12  stm32f10x_i2c.o(.text)
    RCC_DeInit                               0x08000f91   Thumb Code    64  stm32f10x_rcc.o(.text)
    RCC_HSEConfig                            0x08000fd1   Thumb Code    70  stm32f10x_rcc.o(.text)
    RCC_GetFlagStatus                        0x08001017   Thumb Code    56  stm32f10x_rcc.o(.text)
    RCC_WaitForHSEStartUp                    0x0800104f   Thumb Code    56  stm32f10x_rcc.o(.text)
    RCC_AdjustHSICalibrationValue            0x08001087   Thumb Code    20  stm32f10x_rcc.o(.text)
    RCC_HSICmd                               0x0800109b   Thumb Code     6  stm32f10x_rcc.o(.text)
    RCC_PLLConfig                            0x080010a1   Thumb Code    24  stm32f10x_rcc.o(.text)
    RCC_PLLCmd                               0x080010b9   Thumb Code     6  stm32f10x_rcc.o(.text)
    RCC_SYSCLKConfig                         0x080010bf   Thumb Code    18  stm32f10x_rcc.o(.text)
    RCC_GetSYSCLKSource                      0x080010d1   Thumb Code    10  stm32f10x_rcc.o(.text)
    RCC_HCLKConfig                           0x080010db   Thumb Code    18  stm32f10x_rcc.o(.text)
    RCC_PCLK1Config                          0x080010ed   Thumb Code    18  stm32f10x_rcc.o(.text)
    RCC_PCLK2Config                          0x080010ff   Thumb Code    20  stm32f10x_rcc.o(.text)
    RCC_ITConfig                             0x08001113   Thumb Code    26  stm32f10x_rcc.o(.text)
    RCC_USBCLKConfig                         0x0800112d   Thumb Code     8  stm32f10x_rcc.o(.text)
    RCC_ADCCLKConfig                         0x08001135   Thumb Code    18  stm32f10x_rcc.o(.text)
    RCC_LSEConfig                            0x08001147   Thumb Code    50  stm32f10x_rcc.o(.text)
    RCC_LSICmd                               0x08001179   Thumb Code     6  stm32f10x_rcc.o(.text)
    RCC_RTCCLKConfig                         0x0800117f   Thumb Code    12  stm32f10x_rcc.o(.text)
    RCC_RTCCLKCmd                            0x0800118b   Thumb Code     8  stm32f10x_rcc.o(.text)
    RCC_GetClocksFreq                        0x08001193   Thumb Code   192  stm32f10x_rcc.o(.text)
    RCC_AHBPeriphClockCmd                    0x08001253   Thumb Code    26  stm32f10x_rcc.o(.text)
    RCC_APB2PeriphClockCmd                   0x0800126d   Thumb Code    26  stm32f10x_rcc.o(.text)
    RCC_APB1PeriphClockCmd                   0x08001287   Thumb Code    26  stm32f10x_rcc.o(.text)
    RCC_APB2PeriphResetCmd                   0x080012a1   Thumb Code    26  stm32f10x_rcc.o(.text)
    RCC_APB1PeriphResetCmd                   0x080012bb   Thumb Code    26  stm32f10x_rcc.o(.text)
    RCC_BackupResetCmd                       0x080012d5   Thumb Code     8  stm32f10x_rcc.o(.text)
    RCC_ClockSecuritySystemCmd               0x080012dd   Thumb Code     6  stm32f10x_rcc.o(.text)
    RCC_MCOConfig                            0x080012e3   Thumb Code     6  stm32f10x_rcc.o(.text)
    RCC_ClearFlag                            0x080012e9   Thumb Code    14  stm32f10x_rcc.o(.text)
    RCC_GetITStatus                          0x080012f7   Thumb Code    20  stm32f10x_rcc.o(.text)
    RCC_ClearITPendingBit                    0x0800130b   Thumb Code     6  stm32f10x_rcc.o(.text)
    TIM_DeInit                               0x08001335   Thumb Code   424  stm32f10x_tim.o(.text)
    TIM_TimeBaseInit                         0x080014dd   Thumb Code   122  stm32f10x_tim.o(.text)
    TIM_OC1Init                              0x08001557   Thumb Code   132  stm32f10x_tim.o(.text)
    TIM_OC2Init                              0x080015db   Thumb Code   154  stm32f10x_tim.o(.text)
    TIM_OC3Init                              0x08001675   Thumb Code   150  stm32f10x_tim.o(.text)
    TIM_OC4Init                              0x0800170b   Thumb Code   182  stm32f10x_tim.o(.text)
    TIM_SetIC4Prescaler                      0x080017c1   Thumb Code    26  stm32f10x_tim.o(.text)
    TIM_SetIC3Prescaler                      0x0800185d   Thumb Code    18  stm32f10x_tim.o(.text)
    TIM_SetIC2Prescaler                      0x080018e9   Thumb Code    26  stm32f10x_tim.o(.text)
    TIM_SetIC1Prescaler                      0x08001985   Thumb Code    18  stm32f10x_tim.o(.text)
    TIM_ICInit                               0x08001a03   Thumb Code   150  stm32f10x_tim.o(.text)
    TIM_PWMIConfig                           0x08001a99   Thumb Code   124  stm32f10x_tim.o(.text)
    TIM_BDTRConfig                           0x08001b15   Thumb Code    32  stm32f10x_tim.o(.text)
    TIM_TimeBaseStructInit                   0x08001b35   Thumb Code    18  stm32f10x_tim.o(.text)
    TIM_OCStructInit                         0x08001b47   Thumb Code    20  stm32f10x_tim.o(.text)
    TIM_ICStructInit                         0x08001b5b   Thumb Code    18  stm32f10x_tim.o(.text)
    TIM_BDTRStructInit                       0x08001b6d   Thumb Code    40  stm32f10x_tim.o(.text)
    TIM_Cmd                                  0x08001b95   Thumb Code    24  stm32f10x_tim.o(.text)
    TIM_CtrlPWMOutputs                       0x08001bad   Thumb Code    30  stm32f10x_tim.o(.text)
    TIM_ITConfig                             0x08001bcb   Thumb Code    18  stm32f10x_tim.o(.text)
    TIM_GenerateEvent                        0x08001bdd   Thumb Code     4  stm32f10x_tim.o(.text)
    TIM_DMAConfig                            0x08001be1   Thumb Code    10  stm32f10x_tim.o(.text)
    TIM_DMACmd                               0x08001beb   Thumb Code    18  stm32f10x_tim.o(.text)
    TIM_InternalClockConfig                  0x08001bfd   Thumb Code    12  stm32f10x_tim.o(.text)
    TIM_SelectInputTrigger                   0x08001c09   Thumb Code    18  stm32f10x_tim.o(.text)
    TIM_ITRxExternalClockConfig              0x08001c1b   Thumb Code    24  stm32f10x_tim.o(.text)
    TIM_TIxExternalClockConfig               0x08001c33   Thumb Code    62  stm32f10x_tim.o(.text)
    TIM_ETRConfig                            0x08001c71   Thumb Code    28  stm32f10x_tim.o(.text)
    TIM_ETRClockMode1Config                  0x08001c8d   Thumb Code    54  stm32f10x_tim.o(.text)
    TIM_ETRClockMode2Config                  0x08001cc3   Thumb Code    32  stm32f10x_tim.o(.text)
    TIM_PrescalerConfig                      0x08001ce3   Thumb Code     6  stm32f10x_tim.o(.text)
    TIM_CounterModeConfig                    0x08001ce9   Thumb Code    18  stm32f10x_tim.o(.text)
    TIM_EncoderInterfaceConfig               0x08001cfb   Thumb Code    66  stm32f10x_tim.o(.text)
    TIM_ForcedOC1Config                      0x08001d3d   Thumb Code    18  stm32f10x_tim.o(.text)
    TIM_ForcedOC2Config                      0x08001d4f   Thumb Code    26  stm32f10x_tim.o(.text)
    TIM_ForcedOC3Config                      0x08001d69   Thumb Code    18  stm32f10x_tim.o(.text)
    TIM_ForcedOC4Config                      0x08001d7b   Thumb Code    26  stm32f10x_tim.o(.text)
    TIM_ARRPreloadConfig                     0x08001d95   Thumb Code    24  stm32f10x_tim.o(.text)
    TIM_SelectCOM                            0x08001dad   Thumb Code    24  stm32f10x_tim.o(.text)
    TIM_SelectCCDMA                          0x08001dc5   Thumb Code    24  stm32f10x_tim.o(.text)
    TIM_CCPreloadControl                     0x08001ddd   Thumb Code    24  stm32f10x_tim.o(.text)
    TIM_OC1PreloadConfig                     0x08001df5   Thumb Code    18  stm32f10x_tim.o(.text)
    TIM_OC2PreloadConfig                     0x08001e07   Thumb Code    26  stm32f10x_tim.o(.text)
    TIM_OC3PreloadConfig                     0x08001e21   Thumb Code    18  stm32f10x_tim.o(.text)
    TIM_OC4PreloadConfig                     0x08001e33   Thumb Code    26  stm32f10x_tim.o(.text)
    TIM_OC1FastConfig                        0x08001e4d   Thumb Code    18  stm32f10x_tim.o(.text)
    TIM_OC2FastConfig                        0x08001e5f   Thumb Code    26  stm32f10x_tim.o(.text)
    TIM_OC3FastConfig                        0x08001e79   Thumb Code    18  stm32f10x_tim.o(.text)
    TIM_OC4FastConfig                        0x08001e8b   Thumb Code    26  stm32f10x_tim.o(.text)
    TIM_ClearOC1Ref                          0x08001ea5   Thumb Code    18  stm32f10x_tim.o(.text)
    TIM_ClearOC2Ref                          0x08001eb7   Thumb Code    24  stm32f10x_tim.o(.text)
    TIM_ClearOC3Ref                          0x08001ecf   Thumb Code    18  stm32f10x_tim.o(.text)
    TIM_ClearOC4Ref                          0x08001ee1   Thumb Code    24  stm32f10x_tim.o(.text)
    TIM_OC1PolarityConfig                    0x08001ef9   Thumb Code    18  stm32f10x_tim.o(.text)
    TIM_OC1NPolarityConfig                   0x08001f0b   Thumb Code    18  stm32f10x_tim.o(.text)
    TIM_OC2PolarityConfig                    0x08001f1d   Thumb Code    26  stm32f10x_tim.o(.text)
    TIM_OC2NPolarityConfig                   0x08001f37   Thumb Code    26  stm32f10x_tim.o(.text)
    TIM_OC3PolarityConfig                    0x08001f51   Thumb Code    26  stm32f10x_tim.o(.text)
    TIM_OC3NPolarityConfig                   0x08001f6b   Thumb Code    26  stm32f10x_tim.o(.text)
    TIM_OC4PolarityConfig                    0x08001f85   Thumb Code    26  stm32f10x_tim.o(.text)
    TIM_CCxCmd                               0x08001f9f   Thumb Code    30  stm32f10x_tim.o(.text)
    TIM_CCxNCmd                              0x08001fbd   Thumb Code    30  stm32f10x_tim.o(.text)
    TIM_SelectOCxM                           0x08001fdb   Thumb Code    82  stm32f10x_tim.o(.text)
    TIM_UpdateDisableConfig                  0x0800202d   Thumb Code    24  stm32f10x_tim.o(.text)
    TIM_UpdateRequestConfig                  0x08002045   Thumb Code    24  stm32f10x_tim.o(.text)
    TIM_SelectHallSensor                     0x0800205d   Thumb Code    24  stm32f10x_tim.o(.text)
    TIM_SelectOnePulseMode                   0x08002075   Thumb Code    18  stm32f10x_tim.o(.text)
    TIM_SelectOutputTrigger                  0x08002087   Thumb Code    18  stm32f10x_tim.o(.text)
    TIM_SelectSlaveMode                      0x08002099   Thumb Code    18  stm32f10x_tim.o(.text)
    TIM_SelectMasterSlaveMode                0x080020ab   Thumb Code    18  stm32f10x_tim.o(.text)
    TIM_SetCounter                           0x080020bd   Thumb Code     4  stm32f10x_tim.o(.text)
    TIM_SetAutoreload                        0x080020c1   Thumb Code     4  stm32f10x_tim.o(.text)
    TIM_SetCompare1                          0x080020c5   Thumb Code     4  stm32f10x_tim.o(.text)
    TIM_SetCompare2                          0x080020c9   Thumb Code     4  stm32f10x_tim.o(.text)
    TIM_SetCompare3                          0x080020cd   Thumb Code     4  stm32f10x_tim.o(.text)
    TIM_SetCompare4                          0x080020d1   Thumb Code     6  stm32f10x_tim.o(.text)
    TIM_SetClockDivision                     0x080020d7   Thumb Code    18  stm32f10x_tim.o(.text)
    TIM_GetCapture1                          0x080020e9   Thumb Code     6  stm32f10x_tim.o(.text)
    TIM_GetCapture2                          0x080020ef   Thumb Code     6  stm32f10x_tim.o(.text)
    TIM_GetCapture3                          0x080020f5   Thumb Code     6  stm32f10x_tim.o(.text)
    TIM_GetCapture4                          0x080020fb   Thumb Code     8  stm32f10x_tim.o(.text)
    TIM_GetCounter                           0x08002103   Thumb Code     6  stm32f10x_tim.o(.text)
    TIM_GetPrescaler                         0x08002109   Thumb Code     6  stm32f10x_tim.o(.text)
    TIM_GetFlagStatus                        0x0800210f   Thumb Code    18  stm32f10x_tim.o(.text)
    TIM_ClearFlag                            0x08002121   Thumb Code     6  stm32f10x_tim.o(.text)
    TIM_GetITStatus                          0x08002127   Thumb Code    34  stm32f10x_tim.o(.text)
    TIM_ClearITPendingBit                    0x08002149   Thumb Code     6  stm32f10x_tim.o(.text)
    USART_DeInit                             0x08002151   Thumb Code   134  stm32f10x_usart.o(.text)
    USART_Init                               0x080021d7   Thumb Code   210  stm32f10x_usart.o(.text)
    USART_StructInit                         0x080022a9   Thumb Code    24  stm32f10x_usart.o(.text)
    USART_ClockInit                          0x080022c1   Thumb Code    34  stm32f10x_usart.o(.text)
    USART_ClockStructInit                    0x080022e3   Thumb Code    12  stm32f10x_usart.o(.text)
    USART_Cmd                                0x080022ef   Thumb Code    24  stm32f10x_usart.o(.text)
    USART_ITConfig                           0x08002307   Thumb Code    74  stm32f10x_usart.o(.text)
    USART_DMACmd                             0x08002351   Thumb Code    18  stm32f10x_usart.o(.text)
    USART_SetAddress                         0x08002363   Thumb Code    18  stm32f10x_usart.o(.text)
    USART_WakeUpConfig                       0x08002375   Thumb Code    18  stm32f10x_usart.o(.text)
    USART_ReceiverWakeUpCmd                  0x08002387   Thumb Code    24  stm32f10x_usart.o(.text)
    USART_LINBreakDetectLengthConfig         0x0800239f   Thumb Code    18  stm32f10x_usart.o(.text)
    USART_LINCmd                             0x080023b1   Thumb Code    24  stm32f10x_usart.o(.text)
    USART_SendData                           0x080023c9   Thumb Code     8  stm32f10x_usart.o(.text)
    USART_ReceiveData                        0x080023d1   Thumb Code    10  stm32f10x_usart.o(.text)
    USART_SendBreak                          0x080023db   Thumb Code    10  stm32f10x_usart.o(.text)
    USART_SetGuardTime                       0x080023e5   Thumb Code    16  stm32f10x_usart.o(.text)
    USART_SetPrescaler                       0x080023f5   Thumb Code    16  stm32f10x_usart.o(.text)
    USART_SmartCardCmd                       0x08002405   Thumb Code    24  stm32f10x_usart.o(.text)
    USART_SmartCardNACKCmd                   0x0800241d   Thumb Code    24  stm32f10x_usart.o(.text)
    USART_HalfDuplexCmd                      0x08002435   Thumb Code    24  stm32f10x_usart.o(.text)
    USART_OverSampling8Cmd                   0x0800244d   Thumb Code    22  stm32f10x_usart.o(.text)
    USART_OneBitMethodCmd                    0x08002463   Thumb Code    24  stm32f10x_usart.o(.text)
    USART_IrDAConfig                         0x0800247b   Thumb Code    18  stm32f10x_usart.o(.text)
    USART_IrDACmd                            0x0800248d   Thumb Code    24  stm32f10x_usart.o(.text)
    USART_GetFlagStatus                      0x080024a5   Thumb Code    26  stm32f10x_usart.o(.text)
    USART_ClearFlag                          0x080024bf   Thumb Code    18  stm32f10x_usart.o(.text)
    USART_GetITStatus                        0x080024d1   Thumb Code    84  stm32f10x_usart.o(.text)
    USART_ClearITPendingBit                  0x08002525   Thumb Code    52  stm32f10x_usart.o(.text)
    STM32_System_Init                        0x08002559   Thumb Code   154  bsp_sys.o(.text)
    LED_GPIO_Init                            0x08002629   Thumb Code    74  bsp_gpio.o(.text)
    LED_Flash                                0x08002673   Thumb Code    54  bsp_gpio.o(.text)
    NVIC_Config                              0x080026b5   Thumb Code     2  bsp_nvic.o(.text)
    USART1_Init                              0x080026b9   Thumb Code   164  bsp_usart.o(.text)
    fputc                                    0x0800275d   Thumb Code    32  bsp_usart.o(.text)
    fgetc                                    0x0800277d   Thumb Code    26  bsp_usart.o(.text)
    USART1_Send                              0x08002797   Thumb Code    74  bsp_usart.o(.text)
    USART1_Receive                           0x080027e1   Thumb Code    16  bsp_usart.o(.text)
    USART1_IRQHandler                        0x080027f1   Thumb Code    72  bsp_usart.o(.text)
    Delay_us                                 0x0800284d   Thumb Code    26  delay.o(.text)
    Delay_ms                                 0x08002867   Thumb Code    30  delay.o(.text)
    IIC_Read                                 0x08002885   Thumb Code   236  bsp_iic.o(.text)
    IIC_Write                                0x08002971   Thumb Code   172  bsp_iic.o(.text)
    IIC_ReadByte                             0x08002a1d   Thumb Code   190  bsp_iic.o(.text)
    IIC_WriteByte                            0x08002adb   Thumb Code   134  bsp_iic.o(.text)
    IIC_Init                                 0x08002b61   Thumb Code   116  bsp_iic.o(.text)
    ADC_Power_Init                           0x08002be9   Thumb Code   136  bsp_adc.o(.text)
    Get_Adc                                  0x08002c71   Thumb Code    46  bsp_adc.o(.text)
    Get_Adc_Average                          0x08002c9f   Thumb Code    40  bsp_adc.o(.text)
    Get_BAT_ADC                              0x08002cc7   Thumb Code    10  bsp_adc.o(.text)
    Get_SYS_ADC                              0x08002cd1   Thumb Code    10  bsp_adc.o(.text)
    SysTick_Init                             0x08002ce5   Thumb Code    90  bsp_systick.o(.text)
    OLED_WR_Byte                             0x08002d4d   Thumb Code    20  oled.o(.text)
    fill_picture                             0x08002d61   Thumb Code    64  oled.o(.text)
    Delay_50ms                               0x08002da1   Thumb Code    22  oled.o(.text)
    Delay_1ms                                0x08002db7   Thumb Code    26  oled.o(.text)
    OLED_Set_Pos                             0x08002dd1   Thumb Code    40  oled.o(.text)
    OLED_Display_On                          0x08002df9   Thumb Code    28  oled.o(.text)
    OLED_Display_Off                         0x08002e15   Thumb Code    28  oled.o(.text)
    OLED_Clear                               0x08002e31   Thumb Code    62  oled.o(.text)
    OLED_On                                  0x08002e6f   Thumb Code    62  oled.o(.text)
    OLED_ShowChar                            0x08002ead   Thumb Code   154  oled.o(.text)
    oled_pow                                 0x08002f47   Thumb Code    22  oled.o(.text)
    OLED_ShowNum                             0x08002f5d   Thumb Code   136  oled.o(.text)
    OLED_ShowNumZF                           0x08002fe5   Thumb Code    78  oled.o(.text)
    OLED_ShowString                          0x08003033   Thumb Code    58  oled.o(.text)
    OLED_ShowCHinese                         0x0800306d   Thumb Code    98  oled.o(.text)
    OLED_DrawBMP                             0x080030cf   Thumb Code   134  oled.o(.text)
    OLED_Init                                0x08003155   Thumb Code   230  oled.o(.text)
    TB6612_GPIO_Config                       0x0800323d   Thumb Code    40  tb6612.o(.text)
    TB6612_PWM_Init                          0x08003265   Thumb Code   200  tb6612.o(.text)
    TB6612_Init                              0x0800332d   Thumb Code    18  tb6612.o(.text)
    Motor_A_SetPWM                           0x0800333f   Thumb Code    66  tb6612.o(.text)
    Motor_B_SetPWM                           0x08003381   Thumb Code    66  tb6612.o(.text)
    Encoder_Init_TIM2                        0x080033cd   Thumb Code   216  encoder.o(.text)
    Encoder_Init_TIM3                        0x080034a5   Thumb Code   168  encoder.o(.text)
    Read_Encoder                             0x0800354d   Thumb Code    64  encoder.o(.text)
    SysTick_Handler                          0x080035a5   Thumb Code   278  car.o(.text)
    PID_PositionPidA                         0x080036f9   Thumb Code   220  pid.o(.text)
    PID_PositionPidB                         0x080037d5   Thumb Code   178  pid.o(.text)
    main                                     0x080038d1   Thumb Code   276  main.o(.text)
    NMI_Handler                              0x08003a25   Thumb Code     2  stm32f10x_it.o(.text)
    HardFault_Handler                        0x08003a27   Thumb Code     4  stm32f10x_it.o(.text)
    MemManage_Handler                        0x08003a2b   Thumb Code     4  stm32f10x_it.o(.text)
    BusFault_Handler                         0x08003a2f   Thumb Code     4  stm32f10x_it.o(.text)
    UsageFault_Handler                       0x08003a33   Thumb Code     4  stm32f10x_it.o(.text)
    SVC_Handler                              0x08003a37   Thumb Code     2  stm32f10x_it.o(.text)
    DebugMon_Handler                         0x08003a39   Thumb Code     2  stm32f10x_it.o(.text)
    PendSV_Handler                           0x08003a3b   Thumb Code     2  stm32f10x_it.o(.text)
    __aeabi_fadd                             0x08003a3d   Thumb Code   164  fadd.o(.text)
    __aeabi_fsub                             0x08003ae1   Thumb Code     6  fadd.o(.text)
    __aeabi_frsub                            0x08003ae7   Thumb Code     6  fadd.o(.text)
    __aeabi_fmul                             0x08003aed   Thumb Code   100  fmul.o(.text)
    __aeabi_dmul                             0x08003b51   Thumb Code   228  dmul.o(.text)
    __aeabi_ddiv                             0x08003c35   Thumb Code   222  ddiv.o(.text)
    __aeabi_i2f                              0x08003d13   Thumb Code    18  fflti.o(.text)
    __aeabi_ui2d                             0x08003d25   Thumb Code    26  dfltui.o(.text)
    __aeabi_f2iz                             0x08003d3f   Thumb Code    50  ffixi.o(.text)
    __aeabi_f2d                              0x08003d71   Thumb Code    38  f2d.o(.text)
    __aeabi_d2f                              0x08003d97   Thumb Code    56  d2f.o(.text)
    __aeabi_cfcmpeq                          0x08003dd1   Thumb Code     0  cfcmple.o(.text)
    __aeabi_cfcmple                          0x08003dd1   Thumb Code    20  cfcmple.o(.text)
    __aeabi_cfrcmple                         0x08003de5   Thumb Code    20  cfrcmple.o(.text)
    __aeabi_uidiv                            0x08003df9   Thumb Code     0  uidiv.o(.text)
    __aeabi_uidivmod                         0x08003df9   Thumb Code    44  uidiv.o(.text)
    __aeabi_uldivmod                         0x08003e25   Thumb Code    98  uldiv.o(.text)
    __I$use$fp                               0x08003e87   Thumb Code     0  iusefp.o(.text)
    _float_round                             0x08003e87   Thumb Code    18  fepilogue.o(.text)
    _float_epilogue                          0x08003e99   Thumb Code    92  fepilogue.o(.text)
    _double_round                            0x08003ef5   Thumb Code    30  depilogue.o(.text)
    _double_epilogue                         0x08003f13   Thumb Code   156  depilogue.o(.text)
    __aeabi_dadd                             0x08003faf   Thumb Code   322  dadd.o(.text)
    __aeabi_dsub                             0x080040f1   Thumb Code     6  dadd.o(.text)
    __aeabi_drsub                            0x080040f7   Thumb Code     6  dadd.o(.text)
    __aeabi_d2ulz                            0x080040fd   Thumb Code    48  dfixul.o(.text)
    __aeabi_cdrcmple                         0x0800412d   Thumb Code    48  cdrcmple.o(.text)
    __scatterload                            0x0800415d   Thumb Code    28  init.o(.text)
    __scatterload_rt2                        0x0800415d   Thumb Code     0  init.o(.text)
    __aeabi_llsl                             0x08004181   Thumb Code    30  llshl.o(.text)
    _ll_shift_l                              0x08004181   Thumb Code     0  llshl.o(.text)
    __aeabi_llsr                             0x0800419f   Thumb Code    32  llushr.o(.text)
    _ll_ushift_r                             0x0800419f   Thumb Code     0  llushr.o(.text)
    __aeabi_lasr                             0x080041bf   Thumb Code    36  llsshr.o(.text)
    _ll_sshift_r                             0x080041bf   Thumb Code     0  llsshr.o(.text)
    __decompress                             0x080041e3   Thumb Code     0  __dczerorl2.o(.text)
    __decompress1                            0x080041e3   Thumb Code    86  __dczerorl2.o(.text)
    __0printf                                0x08004239   Thumb Code    22  printfa.o(i.__0printf)
    __1printf                                0x08004239   Thumb Code     0  printfa.o(i.__0printf)
    __2printf                                0x08004239   Thumb Code     0  printfa.o(i.__0printf)
    __c89printf                              0x08004239   Thumb Code     0  printfa.o(i.__0printf)
    printf                                   0x08004239   Thumb Code     0  printfa.o(i.__0printf)
    __0sprintf                               0x08004259   Thumb Code    34  printfa.o(i.__0sprintf)
    __1sprintf                               0x08004259   Thumb Code     0  printfa.o(i.__0sprintf)
    __2sprintf                               0x08004259   Thumb Code     0  printfa.o(i.__0sprintf)
    __c89sprintf                             0x08004259   Thumb Code     0  printfa.o(i.__0sprintf)
    sprintf                                  0x08004259   Thumb Code     0  printfa.o(i.__0sprintf)
    __scatterload_copy                       0x08004281   Thumb Code    14  handlers.o(i.__scatterload_copy)
    __scatterload_null                       0x0800428f   Thumb Code     2  handlers.o(i.__scatterload_null)
    __scatterload_zeroinit                   0x08004291   Thumb Code    14  handlers.o(i.__scatterload_zeroinit)
    F6x8                                     0x08004b5c   Data         552  oled.o(.constdata)
    F8X16                                    0x08004d84   Data        1520  oled.o(.constdata)
    Region$$Table$$Base                      0x08005374   Number         0  anon$$obj.o(Region$$Table)
    Region$$Table$$Limit                     0x08005394   Number         0  anon$$obj.o(Region$$Table)
    SystemCoreClock                          0x20000000   Data           4  system_stm32f10x.o(.data)
    AHBPrescTable                            0x20000004   Data          16  system_stm32f10x.o(.data)
    rx_address                               0x2000002c   Data           4  bsp_usart.o(.data)
    rx_count                                 0x20000030   Data           4  bsp_usart.o(.data)
    rx_length                                0x20000034   Data           4  bsp_usart.o(.data)
    Hzk                                      0x20000038   Data         512  oled.o(.data)
    temp1                                    0x20000238   Data           1  car.o(.data)
    OLED_Timer1                              0x20000239   Data           1  car.o(.data)
    OLED_Timer2                              0x2000023a   Data           1  car.o(.data)
    OLED_ADC_Flag                            0x2000023b   Data           1  car.o(.data)
    OLED_Speed_Flag                          0x2000023c   Data           1  car.o(.data)
    Encoder_Timer                            0x2000023d   Data           1  car.o(.data)
    ADC_BAT_Val                              0x2000023e   Data           2  car.o(.data)
    ADC_BAT_temp                             0x20000240   Data           2  car.o(.data)
    ADC_SYS_Val                              0x20000242   Data           2  car.o(.data)
    ADC_SYS_temp                             0x20000244   Data           2  car.o(.data)
    Encoder_A                                0x20000248   Data           4  car.o(.data)
    Encoder_B                                0x2000024c   Data           4  car.o(.data)
    Speed_A                                  0x20000250   Data           4  car.o(.data)
    Speed_B                                  0x20000254   Data           4  car.o(.data)
    jsb                                      0x20000258   Data           2  car.o(.data)
    setpoint                                 0x2000025c   Data           4  car.o(.data)
    Moto_A                                   0x20000260   Data           4  car.o(.data)
    Moto_B                                   0x20000264   Data           4  car.o(.data)
    MotorA_kp                                0x20000268   Data           4  pid.o(.data)
    MotorA_ki                                0x2000026c   Data           4  pid.o(.data)
    MotorA_kd                                0x20000270   Data           4  pid.o(.data)
    MotorB_kp                                0x20000274   Data           4  pid.o(.data)
    MotorB_ki                                0x20000278   Data           4  pid.o(.data)
    MotorB_kd                                0x2000027c   Data           4  pid.o(.data)
    Scale                                    0x20000280   Data           4  pid.o(.data)
    Integral                                 0x20000284   Data           4  pid.o(.data)
    __stdout                                 0x200002a0   Data           4  stdout.o(.data)
    __initial_sp                             0x200006a8   Data           0  startup_stm32f10x_md.o(STACK)



==============================================================================

Memory Map of the image

  Image Entry point : 0x080000ed

  Load Region LR_IROM1 (Base: 0x08000000, Size: 0x00005638, Max: 0x00010000, ABSOLUTE, COMPRESSED[0x0000549c])

    Execution Region ER_IROM1 (Exec base: 0x08000000, Load base: 0x08000000, Size: 0x00005394, Max: 0x00010000, ABSOLUTE)

    Exec Addr    Load Addr    Size         Type   Attr      Idx    E Section Name        Object

    0x08000000   0x08000000   0x000000ec   Data   RO            3    RESET               startup_stm32f10x_md.o
    0x080000ec   0x080000ec   0x00000000   Code   RO          661  * .ARM.Collect$$$$00000000  mc_w.l(entry.o)
    0x080000ec   0x080000ec   0x00000004   Code   RO          947    .ARM.Collect$$$$00000001  mc_w.l(entry2.o)
    0x080000f0   0x080000f0   0x00000004   Code   RO          950    .ARM.Collect$$$$00000004  mc_w.l(entry5.o)
    0x080000f4   0x080000f4   0x00000000   Code   RO          952    .ARM.Collect$$$$00000008  mc_w.l(entry7b.o)
    0x080000f4   0x080000f4   0x00000000   Code   RO          954    .ARM.Collect$$$$0000000A  mc_w.l(entry8b.o)
    0x080000f4   0x080000f4   0x00000008   Code   RO          955    .ARM.Collect$$$$0000000B  mc_w.l(entry9a.o)
    0x080000fc   0x080000fc   0x00000000   Code   RO          957    .ARM.Collect$$$$0000000D  mc_w.l(entry10a.o)
    0x080000fc   0x080000fc   0x00000000   Code   RO          959    .ARM.Collect$$$$0000000F  mc_w.l(entry11a.o)
    0x080000fc   0x080000fc   0x00000004   Code   RO          948    .ARM.Collect$$$$00002712  mc_w.l(entry2.o)
    0x08000100   0x08000100   0x00000024   Code   RO            4    .text               startup_stm32f10x_md.o
    0x08000124   0x08000124   0x000001e0   Code   RO           24    .text               system_stm32f10x.o
    0x08000304   0x08000304   0x000000dc   Code   RO          118    .text               misc.o
    0x080003e0   0x080003e0   0x0000044e   Code   RO          134    .text               stm32f10x_adc.o
    0x0800082e   0x0800082e   0x00000002   PAD
    0x08000830   0x08000830   0x0000035c   Code   RO          269    .text               stm32f10x_gpio.o
    0x08000b8c   0x08000b8c   0x00000404   Code   RO          281    .text               stm32f10x_i2c.o
    0x08000f90   0x08000f90   0x000003a4   Code   RO          317    .text               stm32f10x_rcc.o
    0x08001334   0x08001334   0x00000e1a   Code   RO          367    .text               stm32f10x_tim.o
    0x0800214e   0x0800214e   0x00000002   PAD
    0x08002150   0x08002150   0x00000408   Code   RO          379    .text               stm32f10x_usart.o
    0x08002558   0x08002558   0x000000d0   Code   RO          403    .text               bsp_sys.o
    0x08002628   0x08002628   0x0000008c   Code   RO          458    .text               bsp_gpio.o
    0x080026b4   0x080026b4   0x00000002   Code   RO          471    .text               bsp_nvic.o
    0x080026b6   0x080026b6   0x00000002   PAD
    0x080026b8   0x080026b8   0x00000194   Code   RO          483    .text               bsp_usart.o
    0x0800284c   0x0800284c   0x00000038   Code   RO          498    .text               delay.o
    0x08002884   0x08002884   0x00000364   Code   RO          510    .text               bsp_iic.o
    0x08002be8   0x08002be8   0x000000fc   Code   RO          522    .text               bsp_adc.o
    0x08002ce4   0x08002ce4   0x00000068   Code   RO          534    .text               bsp_systick.o
    0x08002d4c   0x08002d4c   0x000004ee   Code   RO          550    .text               oled.o
    0x0800323a   0x0800323a   0x00000002   PAD
    0x0800323c   0x0800323c   0x00000190   Code   RO          572    .text               tb6612.o
    0x080033cc   0x080033cc   0x000001d8   Code   RO          587    .text               encoder.o
    0x080035a4   0x080035a4   0x00000154   Code   RO          599    .text               car.o
    0x080036f8   0x080036f8   0x000001d8   Code   RO          618    .text               pid.o
    0x080038d0   0x080038d0   0x00000154   Code   RO          633    .text               main.o
    0x08003a24   0x08003a24   0x00000018   Code   RO          646    .text               stm32f10x_it.o
    0x08003a3c   0x08003a3c   0x000000b0   Code   RO          925    .text               mf_w.l(fadd.o)
    0x08003aec   0x08003aec   0x00000064   Code   RO          927    .text               mf_w.l(fmul.o)
    0x08003b50   0x08003b50   0x000000e4   Code   RO          929    .text               mf_w.l(dmul.o)
    0x08003c34   0x08003c34   0x000000de   Code   RO          931    .text               mf_w.l(ddiv.o)
    0x08003d12   0x08003d12   0x00000012   Code   RO          933    .text               mf_w.l(fflti.o)
    0x08003d24   0x08003d24   0x0000001a   Code   RO          935    .text               mf_w.l(dfltui.o)
    0x08003d3e   0x08003d3e   0x00000032   Code   RO          937    .text               mf_w.l(ffixi.o)
    0x08003d70   0x08003d70   0x00000026   Code   RO          939    .text               mf_w.l(f2d.o)
    0x08003d96   0x08003d96   0x00000038   Code   RO          941    .text               mf_w.l(d2f.o)
    0x08003dce   0x08003dce   0x00000002   PAD
    0x08003dd0   0x08003dd0   0x00000014   Code   RO          943    .text               mf_w.l(cfcmple.o)
    0x08003de4   0x08003de4   0x00000014   Code   RO          945    .text               mf_w.l(cfrcmple.o)
    0x08003df8   0x08003df8   0x0000002c   Code   RO          962    .text               mc_w.l(uidiv.o)
    0x08003e24   0x08003e24   0x00000062   Code   RO          964    .text               mc_w.l(uldiv.o)
    0x08003e86   0x08003e86   0x00000000   Code   RO          966    .text               mc_w.l(iusefp.o)
    0x08003e86   0x08003e86   0x0000006e   Code   RO          967    .text               mf_w.l(fepilogue.o)
    0x08003ef4   0x08003ef4   0x000000ba   Code   RO          969    .text               mf_w.l(depilogue.o)
    0x08003fae   0x08003fae   0x0000014e   Code   RO          971    .text               mf_w.l(dadd.o)
    0x080040fc   0x080040fc   0x00000030   Code   RO          973    .text               mf_w.l(dfixul.o)
    0x0800412c   0x0800412c   0x00000030   Code   RO          975    .text               mf_w.l(cdrcmple.o)
    0x0800415c   0x0800415c   0x00000024   Code   RO          977    .text               mc_w.l(init.o)
    0x08004180   0x08004180   0x0000001e   Code   RO          979    .text               mc_w.l(llshl.o)
    0x0800419e   0x0800419e   0x00000020   Code   RO          981    .text               mc_w.l(llushr.o)
    0x080041be   0x080041be   0x00000024   Code   RO          983    .text               mc_w.l(llsshr.o)
    0x080041e2   0x080041e2   0x00000056   Code   RO          993    .text               mc_w.l(__dczerorl2.o)
    0x08004238   0x08004238   0x00000020   Code   RO          897    i.__0printf         mc_w.l(printfa.o)
    0x08004258   0x08004258   0x00000028   Code   RO          899    i.__0sprintf        mc_w.l(printfa.o)
    0x08004280   0x08004280   0x0000000e   Code   RO          987    i.__scatterload_copy  mc_w.l(handlers.o)
    0x0800428e   0x0800428e   0x00000002   Code   RO          988    i.__scatterload_null  mc_w.l(handlers.o)
    0x08004290   0x08004290   0x0000000e   Code   RO          989    i.__scatterload_zeroinit  mc_w.l(handlers.o)
    0x0800429e   0x0800429e   0x00000002   PAD
    0x080042a0   0x080042a0   0x00000184   Code   RO          904    i._fp_digits        mc_w.l(printfa.o)
    0x08004424   0x08004424   0x000006dc   Code   RO          905    i._printf_core      mc_w.l(printfa.o)
    0x08004b00   0x08004b00   0x00000024   Code   RO          906    i._printf_post_padding  mc_w.l(printfa.o)
    0x08004b24   0x08004b24   0x0000002e   Code   RO          907    i._printf_pre_padding  mc_w.l(printfa.o)
    0x08004b52   0x08004b52   0x0000000a   Code   RO          909    i._sputc            mc_w.l(printfa.o)
    0x08004b5c   0x08004b5c   0x00000818   Data   RO          551    .constdata          oled.o
    0x08005374   0x08005374   0x00000020   Data   RO          985    Region$$Table       anon$$obj.o


    Execution Region RW_IRAM1 (Exec base: 0x20000000, Load base: 0x08005394, Size: 0x000006a8, Max: 0x00005000, ABSOLUTE, COMPRESSED[0x00000108])

    Exec Addr    Load Addr    Size         Type   Attr      Idx    E Section Name        Object

    0x20000000   COMPRESSED   0x00000014   Data   RW           25    .data               system_stm32f10x.o
    0x20000014   COMPRESSED   0x00000014   Data   RW          318    .data               stm32f10x_rcc.o
    0x20000028   COMPRESSED   0x00000004   Data   RW          459    .data               bsp_gpio.o
    0x2000002c   COMPRESSED   0x0000000c   Data   RW          484    .data               bsp_usart.o
    0x20000038   COMPRESSED   0x00000200   Data   RW          552    .data               oled.o
    0x20000238   COMPRESSED   0x00000030   Data   RW          600    .data               car.o
    0x20000268   COMPRESSED   0x00000038   Data   RW          619    .data               pid.o
    0x200002a0   COMPRESSED   0x00000004   Data   RW          961    .data               mc_w.l(stdout.o)
    0x200002a4   COMPRESSED   0x00000004   PAD
    0x200002a8        -       0x00000400   Zero   RW            1    STACK               startup_stm32f10x_md.o


==============================================================================

Image component sizes


      Code (inc. data)   RO Data    RW Data    ZI Data      Debug   Object Name

       252         10          0          0          0       1397   bsp_adc.o
       140         12          0          4          0        706   bsp_gpio.o
       868         20          0          0          0       2561   bsp_iic.o
         2          0          0          0          0        418   bsp_nvic.o
       208         54          0          0          0       1808   bsp_sys.o
       104         14          0          0          0      15806   bsp_systick.o
       404         20          0         12          0       2095   bsp_usart.o
       340         62          0         48          0       1439   car.o
         0          0          0          0          0       4548   core_cm3.o
        56          0          0          0          0        624   delay.o
       472         24          0          0          0       1339   encoder.o
       340         64          0          0          0        703   main.o
       220         22          0          0          0       1817   misc.o
      1262         16       2072        512          0       6142   oled.o
       472         74          0         56          0       1629   pid.o
        36          8        236          0       1024        868   startup_stm32f10x_md.o
      1102         26          0          0          0      11061   stm32f10x_adc.o
       860         38          0          0          0       5753   stm32f10x_gpio.o
      1028         16          0          0          0       9243   stm32f10x_i2c.o
        24          0          0          0          0       1122   stm32f10x_it.o
       932         36          0         20          0       8944   stm32f10x_rcc.o
      3610         88          0          0          0      22860   stm32f10x_tim.o
      1032         22          0          0          0       8476   stm32f10x_usart.o
       480         38          0         20          0     265971   system_stm32f10x.o
       400         10          0          0          0       1479   tb6612.o

    ----------------------------------------------------------------------
     14652        674       2340        672       1024     378809   Object Totals
         0          0         32          0          0          0   (incl. Generated)
         8          0          0          0          0          0   (incl. Padding)

    ----------------------------------------------------------------------

      Code (inc. data)   RO Data    RW Data    ZI Data      Debug   Library Member Name

        86          0          0          0          0          0   __dczerorl2.o
         0          0          0          0          0          0   entry.o
         0          0          0          0          0          0   entry10a.o
         0          0          0          0          0          0   entry11a.o
         8          4          0          0          0          0   entry2.o
         4          0          0          0          0          0   entry5.o
         0          0          0          0          0          0   entry7b.o
         0          0          0          0          0          0   entry8b.o
         8          4          0          0          0          0   entry9a.o
        30          0          0          0          0          0   handlers.o
        36          8          0          0          0         68   init.o
         0          0          0          0          0          0   iusefp.o
        30          0          0          0          0         68   llshl.o
        36          0          0          0          0         68   llsshr.o
        32          0          0          0          0         68   llushr.o
      2308         96          0          0          0        604   printfa.o
         0          0          0          4          0          0   stdout.o
        44          0          0          0          0         80   uidiv.o
        98          0          0          0          0         92   uldiv.o
        48          0          0          0          0         68   cdrcmple.o
        20          0          0          0          0         68   cfcmple.o
        20          0          0          0          0         68   cfrcmple.o
        56          0          0          0          0         88   d2f.o
       334          0          0          0          0        148   dadd.o
       222          0          0          0          0        100   ddiv.o
       186          0          0          0          0        176   depilogue.o
        48          0          0          0          0         68   dfixul.o
        26          0          0          0          0         76   dfltui.o
       228          0          0          0          0         96   dmul.o
        38          0          0          0          0         68   f2d.o
       176          0          0          0          0        140   fadd.o
       110          0          0          0          0        168   fepilogue.o
        50          0          0          0          0         68   ffixi.o
        18          0          0          0          0         68   fflti.o
       100          0          0          0          0         76   fmul.o

    ----------------------------------------------------------------------
      4404        112          0          4          4       2592   Library Totals
         4          0          0          0          4          0   (incl. Padding)

    ----------------------------------------------------------------------

      Code (inc. data)   RO Data    RW Data    ZI Data      Debug   Library Name

      2720        112          0          4          0       1048   mc_w.l
      1680          0          0          0          0       1544   mf_w.l

    ----------------------------------------------------------------------
      4404        112          0          4          4       2592   Library Totals

    ----------------------------------------------------------------------

==============================================================================


      Code (inc. data)   RO Data    RW Data    ZI Data      Debug   

     19056        786       2340        676       1028     378461   Grand Totals
     19056        786       2340        264       1028     378461   ELF Image Totals (compressed)
     19056        786       2340        264          0          0   ROM Totals

==============================================================================

    Total RO  Size (Code + RO Data)                21396 (  20.89kB)
    Total RW  Size (RW Data + ZI Data)              1704 (   1.66kB)
    Total ROM Size (Code + RO Data + RW Data)      21660 (  21.15kB)

==============================================================================

