Component: ARM Compiler 5.06 update 6 (build 750) Tool: armlink [4d35ed]

==============================================================================

Section Cross References

    startup_stm32f10x_md.o(STACK) refers (Special) to heapauxi.o(.text) for __use_two_region_memory
    startup_stm32f10x_md.o(HEAP) refers (Special) to heapauxi.o(.text) for __use_two_region_memory
    startup_stm32f10x_md.o(RESET) refers (Special) to heapauxi.o(.text) for __use_two_region_memory
    startup_stm32f10x_md.o(RESET) refers to startup_stm32f10x_md.o(STACK) for __initial_sp
    startup_stm32f10x_md.o(RESET) refers to startup_stm32f10x_md.o(.text) for Reset_Handler
    startup_stm32f10x_md.o(RESET) refers to stm32f10x_it.o(.text) for NMI_Handler
    startup_stm32f10x_md.o(RESET) refers to car.o(.text) for SysTick_Handler
    startup_stm32f10x_md.o(RESET) refers to bsp_usart.o(.text) for USART1_IRQHandler
    startup_stm32f10x_md.o(.text) refers (Special) to heapauxi.o(.text) for __use_two_region_memory
    startup_stm32f10x_md.o(.text) refers to system_stm32f10x.o(.text) for SystemInit
    startup_stm32f10x_md.o(.text) refers to __main.o(!!!main) for __main
    startup_stm32f10x_md.o(.text) refers to startup_stm32f10x_md.o(HEAP) for Heap_Mem
    startup_stm32f10x_md.o(.text) refers to startup_stm32f10x_md.o(STACK) for Stack_Mem
    system_stm32f10x.o(.text) refers to system_stm32f10x.o(.data) for SystemCoreClock
    stm32f10x_adc.o(.text) refers to stm32f10x_rcc.o(.text) for RCC_APB2PeriphResetCmd
    stm32f10x_bkp.o(.text) refers to stm32f10x_rcc.o(.text) for RCC_BackupResetCmd
    stm32f10x_can.o(.text) refers to stm32f10x_rcc.o(.text) for RCC_APB1PeriphResetCmd
    stm32f10x_cec.o(.text) refers to stm32f10x_rcc.o(.text) for RCC_APB1PeriphResetCmd
    stm32f10x_dac.o(.text) refers to stm32f10x_rcc.o(.text) for RCC_APB1PeriphResetCmd
    stm32f10x_gpio.o(.text) refers to stm32f10x_rcc.o(.text) for RCC_APB2PeriphResetCmd
    stm32f10x_i2c.o(.text) refers to stm32f10x_rcc.o(.text) for RCC_APB1PeriphResetCmd
    stm32f10x_pwr.o(.text) refers to stm32f10x_rcc.o(.text) for RCC_APB1PeriphResetCmd
    stm32f10x_rcc.o(.text) refers to stm32f10x_rcc.o(.data) for APBAHBPrescTable
    stm32f10x_spi.o(.text) refers to stm32f10x_rcc.o(.text) for RCC_APB2PeriphResetCmd
    stm32f10x_tim.o(.text) refers to stm32f10x_rcc.o(.text) for RCC_APB2PeriphResetCmd
    stm32f10x_usart.o(.text) refers to stm32f10x_rcc.o(.text) for RCC_APB2PeriphResetCmd
    stm32f10x_wwdg.o(.text) refers to stm32f10x_rcc.o(.text) for RCC_APB1PeriphResetCmd
    bsp_sys.o(.text) refers to bsp_nvic.o(.text) for NVIC_Config
    bsp_sys.o(.text) refers to bsp_gpio.o(.text) for LED_GPIO_Init
    bsp_sys.o(.text) refers to stm32f10x_gpio.o(.text) for GPIO_SetBits
    bsp_sys.o(.text) refers to bsp_iic.o(.text) for IIC_Init
    bsp_sys.o(.text) refers to oled.o(.text) for OLED_Init
    bsp_sys.o(.text) refers to bsp_adc.o(.text) for ADC_Power_Init
    bsp_sys.o(.text) refers to bsp_usart.o(.text) for USART1_Init
    bsp_sys.o(.text) refers to tb6612.o(.text) for TB6612_Init
    bsp_sys.o(.text) refers to encoder.o(.text) for Encoder_Init_TIM2
    bsp_sys.o(.text) refers to bsp_systick.o(.text) for SysTick_Init
    bsp_sys.o(.text) refers to delay.o(.text) for Delay_ms
    bsp_gpio.o(.text) refers to stm32f10x_rcc.o(.text) for RCC_APB2PeriphClockCmd
    bsp_gpio.o(.text) refers to stm32f10x_gpio.o(.text) for GPIO_Init
    bsp_gpio.o(.text) refers to bsp_gpio.o(.data) for temp
    bsp_usart.o(.text) refers to stm32f10x_rcc.o(.text) for RCC_APB2PeriphClockCmd
    bsp_usart.o(.text) refers to stm32f10x_gpio.o(.text) for GPIO_PinRemapConfig
    bsp_usart.o(.text) refers to stm32f10x_usart.o(.text) for USART_Init
    bsp_usart.o(.text) refers to misc.o(.text) for NVIC_PriorityGroupConfig
    bsp_usart.o(.text) refers to bsp_usart.o(.data) for rx_count
    bsp_iic.o(.text) refers to stm32f10x_i2c.o(.text) for I2C_GetFlagStatus
    bsp_iic.o(.text) refers to stm32f10x_rcc.o(.text) for RCC_APB1PeriphClockCmd
    bsp_iic.o(.text) refers to stm32f10x_gpio.o(.text) for GPIO_Init
    bsp_adc.o(.text) refers to stm32f10x_rcc.o(.text) for RCC_APB2PeriphClockCmd
    bsp_adc.o(.text) refers to stm32f10x_gpio.o(.text) for GPIO_Init
    bsp_adc.o(.text) refers to stm32f10x_adc.o(.text) for ADC_Init
    bsp_systick.o(.text) refers to system_stm32f10x.o(.data) for SystemCoreClock
    oled.o(.text) refers to bsp_iic.o(.text) for IIC_WriteByte
    oled.o(.text) refers to oled.o(.constdata) for F8X16
    oled.o(.text) refers to oled.o(.data) for Hzk
    oled.o(.text) refers to delay.o(.text) for Delay_ms
    tb6612.o(.text) refers to stm32f10x_rcc.o(.text) for RCC_APB2PeriphClockCmd
    tb6612.o(.text) refers to stm32f10x_gpio.o(.text) for GPIO_Init
    tb6612.o(.text) refers to stm32f10x_tim.o(.text) for TIM_TimeBaseInit
    encoder.o(.text) refers to stm32f10x_rcc.o(.text) for RCC_APB2PeriphClockCmd
[...]
    ..\DRV\bsp_usart.c                       0x00000000   Number         0  bsp_usart.o ABSOLUTE
    ..\DRV\delay.c                           0x00000000   Number         0  delay.o ABSOLUTE
    ..\HARDWARE\MOTO\Encoder.c               0x00000000   Number         0  encoder.o ABSOLUTE
    ..\HARDWARE\MOTO\TB6612.c                0x00000000   Number         0  tb6612.o ABSOLUTE
    ..\HARDWARE\MOTO\car.c                   0x00000000   Number         0  car.o ABSOLUTE
    ..\HARDWARE\OLED\oled.c                  0x00000000   Number         0  oled.o ABSOLUTE
    ..\Libraries\CMSIS\core_cm3.c            0x00000000   Number         0  core_cm3.o ABSOLUTE
    ..\Libraries\CMSIS\startup\startup_stm32f10x_md.s 0x00000000   Number         0  startup_stm32f10x_md.o ABSOLUTE
    ..\Libraries\CMSIS\system_stm32f10x.c    0x00000000   Number         0  system_stm32f10x.o ABSOLUTE
    ..\Libraries\FWlib\src\misc.c            0x00000000   Number         0  misc.o ABSOLUTE
    ..\Libraries\FWlib\src\stm32f10x_adc.c   0x00000000   Number         0  stm32f10x_adc.o ABSOLUTE
    ..\Libraries\FWlib\src\stm32f10x_bkp.c   0x00000000   Number         0  stm32f10x_bkp.o ABSOLUTE
    ..\Libraries\FWlib\src\stm32f10x_can.c   0x00000000   Number         0  stm32f10x_can.o ABSOLUTE
    ..\Libraries\FWlib\src\stm32f10x_cec.c   0x00000000   Number         0  stm32f10x_cec.o ABSOLUTE
    ..\Libraries\FWlib\src\stm32f10x_crc.c   0x00000000   Number         0  stm32f10x_crc.o ABSOLUTE
    ..\Libraries\FWlib\src\stm32f10x_dac.c   0x00000000   Number         0  stm32f10x_dac.o ABSOLUTE
    ..\Libraries\FWlib\src\stm32f10x_dbgmcu.c 0x00000000   Number         0  stm32f10x_dbgmcu.o ABSOLUTE
    ..\Libraries\FWlib\src\stm32f10x_dma.c   0x00000000   Number         0  stm32f10x_dma.o ABSOLUTE
    ..\Libraries\FWlib\src\stm32f10x_exti.c  0x00000000   Number         0  stm32f10x_exti.o ABSOLUTE
    ..\Libraries\FWlib\src\stm32f10x_flash.c 0x00000000   Number         0  stm32f10x_flash.o ABSOLUTE
    ..\Libraries\FWlib\src\stm32f10x_fsmc.c  0x00000000   Number         0  stm32f10x_fsmc.o ABSOLUTE
    ..\Libraries\FWlib\src\stm32f10x_gpio.c  0x00000000   Number         0  stm32f10x_gpio.o ABSOLUTE
    ..\Libraries\FWlib\src\stm32f10x_i2c.c   0x00000000   Number         0  stm32f10x_i2c.o ABSOLUTE
    ..\Libraries\FWlib\src\stm32f10x_iwdg.c  0x00000000   Number         0  stm32f10x_iwdg.o ABSOLUTE
    ..\Libraries\FWlib\src\stm32f10x_pwr.c   0x00000000   Number         0  stm32f10x_pwr.o ABSOLUTE
    ..\Libraries\FWlib\src\stm32f10x_rcc.c   0x00000000   Number         0  stm32f10x_rcc.o ABSOLUTE
    ..\Libraries\FWlib\src\stm32f10x_rtc.c   0x00000000   Number         0  stm32f10x_rtc.o ABSOLUTE
    ..\Libraries\FWlib\src\stm32f10x_sdio.c  0x00000000   Number         0  stm32f10x_sdio.o ABSOLUTE
    ..\Libraries\FWlib\src\stm32f10x_spi.c   0x00000000   Number         0  stm32f10x_spi.o ABSOLUTE
    ..\Libraries\FWlib\src\stm32f10x_tim.c   0x00000000   Number         0  stm32f10x_tim.o ABSOLUTE
    ..\Libraries\FWlib\src\stm32f10x_usart.c 0x00000000   Number         0  stm32f10x_usart.o ABSOLUTE
    ..\Libraries\FWlib\src\stm32f10x_wwdg.c  0x00000000   Number         0  stm32f10x_wwdg.o ABSOLUTE
    ..\User\main.c                           0x00000000   Number         0  main.o ABSOLUTE
    ..\User\stm32f10x_it.c                   0x00000000   Number         0  stm32f10x_it.o ABSOLUTE
    ..\\Libraries\\CMSIS\\core_cm3.c         0x00000000   Number         0  core_cm3.o ABSOLUTE
    dc.s                                     0x00000000   Number         0  dc.o ABSOLUTE
    RESET                                    0x08000000   Section      236  startup_stm32f10x_md.o(RESET)
    !!!main                                  0x080000ec   Section        8  __main.o(!!!main)
    !!!scatter                               0x080000f4   Section       52  __scatter.o(!!!scatter)
    !!dczerorl2                              0x08000128   Section       90  __dczerorl2.o(!!dczerorl2)
    !!handler_zi                             0x08000184   Section       28  __scatter_zi.o(!!handler_zi)
    .ARM.Collect$$_printf_percent$$00000000  0x080001a0   Section        0  _printf_percent.o(.ARM.Collect$$_printf_percent$$00000000)
    .ARM.Collect$$_printf_percent$$00000003  0x080001a0   Section        6  _printf_f.o(.ARM.Collect$$_printf_percent$$00000003)
    .ARM.Collect$$_printf_percent$$00000017  0x080001a6   Section        4  _printf_percent_end.o(.ARM.Collect$$_printf_percent$$00000017)
    .ARM.Collect$$libinit$$00000000          0x080001aa   Section        2  libinit.o(.ARM.Collect$$libinit$$00000000)
    .ARM.Collect$$libinit$$00000002          0x080001ac   Section        0  libinit2.o(.ARM.Collect$$libinit$$00000002)
    .ARM.Collect$$libinit$$00000004          0x080001ac   Section        0  libinit2.o(.ARM.Collect$$libinit$$00000004)
    .ARM.Collect$$libinit$$0000000A          0x080001ac   Section        0  libinit2.o(.ARM.Collect$$libinit$$0000000A)
    .ARM.Collect$$libinit$$0000000C          0x080001ac   Section        0  libinit2.o(.ARM.Collect$$libinit$$0000000C)
    .ARM.Collect$$libinit$$0000000E          0x080001ac   Section        0  libinit2.o(.ARM.Collect$$libinit$$0000000E)
    .ARM.Collect$$libinit$$0000000F          0x080001ac   Section        6  libinit2.o(.ARM.Collect$$libinit$$0000000F)
    .ARM.Collect$$libinit$$00000011          0x080001b2   Section        0  libinit2.o(.ARM.Collect$$libinit$$00000011)
    .ARM.Collect$$libinit$$00000013          0x080001b2   Section        0  libinit2.o(.ARM.Collect$$libinit$$00000013)
    .ARM.Collect$$libinit$$00000015          0x080001b2   Section        0  libinit2.o(.ARM.Collect$$libinit$$00000015)
    .ARM.Collect$$libinit$$00000016          0x080001b2   Section       10  libinit2.o(.ARM.Collect$$libinit$$00000016)
    .ARM.Collect$$libinit$$00000017          0x080001bc   Section        0  libinit2.o(.ARM.Collect$$libinit$$00000017)
    .ARM.Collect$$libinit$$00000019          0x080001bc   Section        0  libinit2.o(.ARM.Collect$$libinit$$00000019)
    .ARM.Collect$$libinit$$0000001B          0x080001bc   Section        0  libinit2.o(.ARM.Collect$$libinit$$0000001B)
    .ARM.Collect$$libinit$$0000001D          0x080001bc   Section        0  libinit2.o(.ARM.Collect$$libinit$$0000001D)
    .ARM.Collect$$libinit$$0000001F          0x080001bc   Section        0  libinit2.o(.ARM.Collect$$libinit$$0000001F)
    .ARM.Collect$$libinit$$00000021          0x080001bc   Section        0  libinit2.o(.ARM.Collect$$libinit$$00000021)
    .ARM.Collect$$libinit$$00000023          0x080001bc   Section        0  libinit2.o(.ARM.Collect$$libinit$$00000023)
    .ARM.Collect$$libinit$$00000025          0x080001bc   Section        0  libinit2.o(.ARM.Collect$$libinit$$00000025)
    .ARM.Collect$$libinit$$0000002C          0x080001bc   Section        0  libinit2.o(.ARM.Collect$$libinit$$0000002C)
    .ARM.Collect$$libinit$$0000002E          0x080001bc   Section        0  libinit2.o(.ARM.Collect$$libinit$$0000002E)
    .ARM.Collect$$libinit$$00000030          0x080001bc   Section        0  libinit2.o(.ARM.Collect$$libinit$$00000030)
    .ARM.Collect$$libinit$$00000032          0x080001bc   Section        0  libinit2.o(.ARM.Collect$$libinit$$00000032)
    .ARM.Collect$$libinit$$00000033          0x080001bc   Section        2  libinit2.o(.ARM.Collect$$libinit$$00000033)
    .ARM.Collect$$libshutdown$$00000000      0x080001be   Section        2  libshutdown.o(.ARM.Collect$$libshutdown$$00000000)
    .ARM.Collect$$libshutdown$$00000002      0x080001c0   Section        0  libshutdown2.o(.ARM.Collect$$libshutdown$$00000002)
    .ARM.Collect$$libshutdown$$00000004      0x080001c0   Section        0  libshutdown2.o(.ARM.Collect$$libshutdown$$00000004)
    .ARM.Collect$$libshutdown$$00000007      0x080001c0   Section        0  libshutdown2.o(.ARM.Collect$$libshutdown$$00000007)
    .ARM.Collect$$libshutdown$$0000000A      0x080001c0   Section        0  libshutdown2.o(.ARM.Collect$$libshutdown$$0000000A)
    .ARM.Collect$$libshutdown$$0000000C      0x080001c0   Section        0  libshutdown2.o(.ARM.Collect$$libshutdown$$0000000C)
    .ARM.Collect$$libshutdown$$0000000F      0x080001c0   Section        0  libshutdown2.o(.ARM.Collect$$libshutdown$$0000000F)
    .ARM.Collect$$libshutdown$$00000010      0x080001c0   Section        2  libshutdown2.o(.ARM.Collect$$libshutdown$$00000010)
    .ARM.Collect$$rtentry$$00000000          0x080001c2   Section        0  __rtentry.o(.ARM.Collect$$rtentry$$00000000)
    .ARM.Collect$$rtentry$$00000002          0x080001c2   Section        0  __rtentry2.o(.ARM.Collect$$rtentry$$00000002)
    .ARM.Collect$$rtentry$$00000004          0x080001c2   Section        6  __rtentry4.o(.ARM.Collect$$rtentry$$00000004)
    .ARM.Collect$$rtentry$$00000009          0x080001c8   Section        0  __rtentry2.o(.ARM.Collect$$rtentry$$00000009)
    .ARM.Collect$$rtentry$$0000000A          0x080001c8   Section        4  __rtentry2.o(.ARM.Collect$$rtentry$$0000000A)
    .ARM.Collect$$rtentry$$0000000C          0x080001cc   Section        0  __rtentry2.o(.ARM.Collect$$rtentry$$0000000C)
    .ARM.Collect$$rtentry$$0000000D          0x080001cc   Section        8  __rtentry2.o(.ARM.Collect$$rtentry$$0000000D)
    .ARM.Collect$$rtexit$$00000000           0x080001d4   Section        2  rtexit.o(.ARM.Collect$$rtexit$$00000000)
    .ARM.Collect$$rtexit$$00000002           0x080001d6   Section        0  rtexit2.o(.ARM.Collect$$rtexit$$00000002)
    .ARM.Collect$$rtexit$$00000003           0x080001d6   Section        4  rtexit2.o(.ARM.Collect$$rtexit$$00000003)
    .ARM.Collect$$rtexit$$00000004           0x080001da   Section        6  rtexit2.o(.ARM.Collect$$rtexit$$00000004)
    .text                                    0x080001e0   Section       64  startup_stm32f10x_md.o(.text)
    .text                                    0x08000220   Section        0  system_stm32f10x.o(.text)
    SetSysClockTo72                          0x08000221   Thumb Code   214  system_stm32f10x.o(.text)
    SetSysClock                              0x080002f7   Thumb Code     8  system_stm32f10x.o(.text)
    .text                                    0x08000400   Section        0  misc.o(.text)
    .text                                    0x080004dc   Section        0  stm32f10x_adc.o(.text)
    .text                                    0x0800092c   Section        0  stm32f10x_gpio.o(.text)
    .text                                    0x08000c88   Section        0  stm32f10x_i2c.o(.text)
    .text                                    0x0800108c   Section        0  stm32f10x_rcc.o(.text)
    .text                                    0x08001430   Section        0  stm32f10x_tim.o(.text)
    TI4_Config                               0x080018d7   Thumb Code   130  stm32f10x_tim.o(.text)
    TI3_Config                               0x0800196b   Thumb Code   122  stm32f10x_tim.o(.text)
    TI2_Config                               0x080019ff   Thumb Code   130  stm32f10x_tim.o(.text)
    TI1_Config                               0x08001a93   Thumb Code   108  stm32f10x_tim.o(.text)
    .text                                    0x0800224c   Section        0  stm32f10x_usart.o(.text)
    .text                                    0x08002654   Section        0  bsp_sys.o(.text)
    .text                                    0x0800270c   Section        0  bsp_gpio.o(.text)
    .text                                    0x08002798   Section        0  bsp_nvic.o(.text)
    .text                                    0x0800279c   Section        0  bsp_usart.o(.text)
    .text                                    0x08002930   Section        0  delay.o(.text)
    .text                                    0x08002968   Section        0  bsp_iic.o(.text)
    .text                                    0x08002ccc   Section        0  bsp_adc.o(.text)
    .text                                    0x08002dc8   Section        0  bsp_systick.o(.text)
    .text                                    0x08002e30   Section        0  oled.o(.text)
    .text                                    0x08003320   Section        0  tb6612.o(.text)
    .text                                    0x080034c4   Section        0  encoder.o(.text)
    .text                                    0x0800366c   Section        0  car.o(.text)
    .text                                    0x08003748   Section        0  main.o(.text)
    .text                                    0x08003870   Section        0  stm32f10x_it.o(.text)
    .text                                    0x08003888   Section        0  noretval__2sprintf.o(.text)
    .text                                    0x080038b0   Section        0  _printf_pad.o(.text)
    .text                                    0x080038fe   Section        0  __printf_wp.o(.text)
    .text                                    0x08003a0c   Section        0  heapauxi.o(.text)
    .text                                    0x08003a12   Section        0  _printf_fp_dec.o(.text)
    _fp_digits                               0x08003a15   Thumb Code   432  _printf_fp_dec.o(.text)
    .text                                    0x08003e30   Section        0  _printf_char_common.o(.text)
    _printf_input_char                       0x08003e31   Thumb Code    10  _printf_char_common.o(.text)
    .text                                    0x08003e60   Section        0  _sputc.o(.text)
    .text                                    0x08003e6c   Section        8  rt_locale_intlibspace.o(.text)
    .text                                    0x08003e74   Section      138  lludiv10.o(.text)
    .text                                    0x08003f00   Section        0  _printf_fp_infnan.o(.text)
    .text                                    0x08003f80   Section        0  bigflt0.o(.text)
    .text                                    0x08004064   Section        8  libspace.o(.text)
    .text                                    0x0800406c   Section       74  sys_stackheap_outer.o(.text)
    .text                                    0x080040b6   Section        0  exit.o(.text)
    .text                                    0x080040c8   Section      128  strcmpv7m.o(.text)
    .text                                    0x08004148   Section        0  sys_exit.o(.text)
    .text                                    0x08004154   Section        2  use_no_semi.o(.text)
    .text                                    0x08004156   Section        0  indicate_semi.o(.text)
    CL$$btod_d2e                             0x08004156   Section       62  btod.o(CL$$btod_d2e)
    CL$$btod_d2e_denorm_low                  0x08004194   Section       70  btod.o(CL$$btod_d2e_denorm_low)
    CL$$btod_d2e_norm_op1                    0x080041da   Section       96  btod.o(CL$$btod_d2e_norm_op1)
    CL$$btod_div_common                      0x0800423a   Section      824  btod.o(CL$$btod_div_common)
    CL$$btod_e2e                             0x08004572   Section      220  btod.o(CL$$btod_e2e)
    CL$$btod_ediv                            0x0800464e   Section       42  btod.o(CL$$btod_ediv)
    CL$$btod_emul                            0x08004678   Section       42  btod.o(CL$$btod_emul)
    CL$$btod_mult_common                     0x080046a2   Section      580  btod.o(CL$$btod_mult_common)
    i.__ARM_fpclassify                       0x080048e6   Section        0  fpclassify.o(i.__ARM_fpclassify)
    i._is_digit                              0x0800490e   Section        0  __printf_wp.o(i._is_digit)
    locale$$code                             0x0800491c   Section       44  lc_numeric_c.o(locale$$code)
    x$fpl$d2f                                0x08004948   Section       98  d2f.o(x$fpl$d2f)
    x$fpl$ddiv                               0x080049ac   Section      688  ddiv.o(x$fpl$ddiv)
    ddiv_entry                               0x080049b3   Thumb Code     0  ddiv.o(x$fpl$ddiv)
    x$fpl$dfltu                              0x08004c5c   Section       38  dflt_clz.o(x$fpl$dfltu)
    x$fpl$dmul                               0x08004c84   Section      340  dmul.o(x$fpl$dmul)
    x$fpl$dnaninf                            0x08004dd8   Section      156  dnaninf.o(x$fpl$dnaninf)
    x$fpl$dretinf                            0x08004e74   Section       12  dretinf.o(x$fpl$dretinf)
    x$fpl$f2d                                0x08004e80   Section       86  f2d.o(x$fpl$f2d)
    x$fpl$fnaninf                            0x08004ed6   Section      140  fnaninf.o(x$fpl$fnaninf)
    x$fpl$fretinf                            0x08004f62   Section       10  fretinf.o(x$fpl$fretinf)
    x$fpl$printf1                            0x08004f6c   Section        4  printf1.o(x$fpl$printf1)
    .constdata                               0x08004f70   Section     2072  oled.o(.constdata)
    x$fpl$usenofp                            0x08004f70   Section        0  usenofp.o(x$fpl$usenofp)
    .constdata                               0x08005788   Section      148  bigflt0.o(.constdata)
    tenpwrs_x                                0x08005788   Data          60  bigflt0.o(.constdata)
    tenpwrs_i                                0x080057c4   Data          64  bigflt0.o(.constdata)
    locale$$data                             0x0800583c   Section       28  lc_numeric_c.o(locale$$data)
    __lcnum_c_name                           0x08005840   Data           2  lc_numeric_c.o(locale$$data)
    __lcnum_c_start                          0x08005848   Data           0  lc_numeric_c.o(locale$$data)
    __lcnum_c_point                          0x08005854   Data           0  lc_numeric_c.o(locale$$data)
    __lcnum_c_thousands                      0x08005856   Data           0  lc_numeric_c.o(locale$$data)
    __lcnum_c_grouping                       0x08005857   Data           0  lc_numeric_c.o(locale$$data)
    __lcnum_c_end                            0x08005858   Data           0  lc_numeric_c.o(locale$$data)
    .data                                    0x20000000   Section       20  system_stm32f10x.o(.data)
    .data                                    0x20000014   Section       20  stm32f10x_rcc.o(.data)
    APBAHBPrescTable                         0x20000014   Data          16  stm32f10x_rcc.o(.data)
    ADCPrescTable                            0x20000024   Data           4  stm32f10x_rcc.o(.data)
    .data                                    0x20000028   Section        4  bsp_gpio.o(.data)
    temp                                     0x20000028   Data           4  bsp_gpio.o(.data)
    .data                                    0x2000002c   Section       12  bsp_usart.o(.data)
    .data                                    0x20000038   Section      512  oled.o(.data)
    .data                                    0x20000238   Section       32  car.o(.data)
    .bss                                     0x20000258   Section       96  libspace.o(.bss)
    HEAP                                     0x200002b8   Section      512  startup_stm32f10x_md.o(HEAP)
    Heap_Mem                                 0x200002b8   Data         512  startup_stm32f10x_md.o(HEAP)
    STACK                                    0x200004b8   Section     1024  startup_stm32f10x_md.o(STACK)
    Stack_Mem                                0x200004b8   Data        1024  startup_stm32f10x_md.o(STACK)
    __initial_sp                             0x200008b8   Data           0  startup_stm32f10x_md.o(STACK)

    Global Symbols

    Symbol Name                              Value     Ov Type        Size  Object(Section)

    BuildAttributes$$THM_ISAv4$P$D$K$B$S$PE$A:L22UL41UL21$X:L11$S22US41US21$IEEE1$IW$USESV6$~STKCKD$USESV7$~SHL$OTIME$ROPI$IEEEJ$EBA8$UX$STANDARDLIB$REQ8$PRES8$EABIv2 0x00000000   Number         0  anon$$obj.o ABSOLUTE
    __ARM_use_no_argv                        0x00000000   Number         0  main.o ABSOLUTE
    _printf_flags                            0x00000000   Number         0  printf_stubs.o ABSOLUTE
    _printf_return_value                     0x00000000   Number         0  printf_stubs.o ABSOLUTE
    _printf_sizespec                         0x00000000   Number         0  printf_stubs.o ABSOLUTE
    _printf_widthprec                        0x00000000   Number         0  printf_stubs.o ABSOLUTE
    __ARM_exceptions_init                     - Undefined Weak Reference
    __alloca_initialize                       - Undefined Weak Reference
    __arm_preinit_                            - Undefined Weak Reference
    __cpp_initialize__aeabi_                  - Undefined Weak Reference
    __cxa_finalize                            - Undefined Weak Reference
    __sigvec_lookup                           - Undefined Weak Reference
    _atexit_init                              - Undefined Weak Reference
    _call_atexit_fns                          - Undefined Weak Reference
    _clock_init                               - Undefined Weak Reference
    _fp_trap_init                             - Undefined Weak Reference
    _fp_trap_shutdown                         - Undefined Weak Reference
    _get_lc_collate                           - Undefined Weak Reference
    _get_lc_ctype                             - Undefined Weak Reference
    _get_lc_monetary                          - Undefined Weak Reference
    _get_lc_time                              - Undefined Weak Reference
    _getenv_init                              - Undefined Weak Reference
    _handle_redirection                       - Undefined Weak Reference
    _init_alloc                               - Undefined Weak Reference
    _init_user_alloc                          - Undefined Weak Reference
    _initio                                   - Undefined Weak Reference
    _rand_init                                - Undefined Weak Reference
    _signal_finish                            - Undefined Weak Reference
    _signal_init                              - Undefined Weak Reference
    _terminate_alloc                          - Undefined Weak Reference
    _terminate_user_alloc                     - Undefined Weak Reference
    _terminateio                              - Undefined Weak Reference
    __Vectors_Size                           0x000000ec   Number         0  startup_stm32f10x_md.o ABSOLUTE
    __Vectors                                0x08000000   Data           4  startup_stm32f10x_md.o(RESET)
    __Vectors_End                            0x080000ec   Data           0  startup_stm32f10x_md.o(RESET)
    __main                                   0x080000ed   Thumb Code     8  __main.o(!!!main)
    __scatterload                            0x080000f5   Thumb Code     0  __scatter.o(!!!scatter)
    __scatterload_rt2                        0x080000f5   Thumb Code    44  __scatter.o(!!!scatter)
    __scatterload_rt2_thumb_only             0x080000f5   Thumb Code     0  __scatter.o(!!!scatter)
    __scatterload_null                       0x08000103   Thumb Code     0  __scatter.o(!!!scatter)
    __decompress                             0x08000129   Thumb Code    90  __dczerorl2.o(!!dczerorl2)
    __decompress1                            0x08000129   Thumb Code     0  __dczerorl2.o(!!dczerorl2)
    __scatterload_zeroinit                   0x08000185   Thumb Code    28  __scatter_zi.o(!!handler_zi)
    _printf_f                                0x080001a1   Thumb Code     0  _printf_f.o(.ARM.Collect$$_printf_percent$$00000003)
    _printf_percent                          0x080001a1   Thumb Code     0  _printf_percent.o(.ARM.Collect$$_printf_percent$$00000000)
    _printf_percent_end                      0x080001a7   Thumb Code     0  _printf_percent_end.o(.ARM.Collect$$_printf_percent$$00000017)
    __rt_lib_init                            0x080001ab   Thumb Code     0  libinit.o(.ARM.Collect$$libinit$$00000000)
    __rt_lib_init_fp_1                       0x080001ad   Thumb Code     0  libinit2.o(.ARM.Collect$$libinit$$00000002)
    __rt_lib_init_heap_1                     0x080001ad   Thumb Code     0  libinit2.o(.ARM.Collect$$libinit$$0000000A)
    __rt_lib_init_lc_common                  0x080001ad   Thumb Code     0  libinit2.o(.ARM.Collect$$libinit$$0000000F)
    __rt_lib_init_preinit_1                  0x080001ad   Thumb Code     0  libinit2.o(.ARM.Collect$$libinit$$00000004)
    __rt_lib_init_rand_1                     0x080001ad   Thumb Code     0  libinit2.o(.ARM.Collect$$libinit$$0000000E)
    __rt_lib_init_user_alloc_1               0x080001ad   Thumb Code     0  libinit2.o(.ARM.Collect$$libinit$$0000000C)
    __rt_lib_init_lc_collate_1               0x080001b3   Thumb Code     0  libinit2.o(.ARM.Collect$$libinit$$00000011)
    __rt_lib_init_lc_ctype_1                 0x080001b3   Thumb Code     0  libinit2.o(.ARM.Collect$$libinit$$00000013)
    __rt_lib_init_lc_monetary_1              0x080001b3   Thumb Code     0  libinit2.o(.ARM.Collect$$libinit$$00000015)
    __rt_lib_init_lc_numeric_2               0x080001b3   Thumb Code     0  libinit2.o(.ARM.Collect$$libinit$$00000016)
    __rt_lib_init_alloca_1                   0x080001bd   Thumb Code     0  libinit2.o(.ARM.Collect$$libinit$$0000002E)
    __rt_lib_init_argv_1                     0x080001bd   Thumb Code     0  libinit2.o(.ARM.Collect$$libinit$$0000002C)
    __rt_lib_init_atexit_1                   0x080001bd   Thumb Code     0  libinit2.o(.ARM.Collect$$libinit$$0000001B)
    __rt_lib_init_clock_1                    0x080001bd   Thumb Code     0  libinit2.o(.ARM.Collect$$libinit$$00000021)
    __rt_lib_init_cpp_1                      0x080001bd   Thumb Code     0  libinit2.o(.ARM.Collect$$libinit$$00000032)
    __rt_lib_init_exceptions_1               0x080001bd   Thumb Code     0  libinit2.o(.ARM.Collect$$libinit$$00000030)
    __rt_lib_init_fp_trap_1                  0x080001bd   Thumb Code     0  libinit2.o(.ARM.Collect$$libinit$$0000001F)
    __rt_lib_init_getenv_1                   0x080001bd   Thumb Code     0  libinit2.o(.ARM.Collect$$libinit$$00000023)
    __rt_lib_init_lc_numeric_1               0x080001bd   Thumb Code     0  libinit2.o(.ARM.Collect$$libinit$$00000017)
    __rt_lib_init_lc_time_1                  0x080001bd   Thumb Code     0  libinit2.o(.ARM.Collect$$libinit$$00000019)
    __rt_lib_init_return                     0x080001bd   Thumb Code     0  libinit2.o(.ARM.Collect$$libinit$$00000033)
    __rt_lib_init_signal_1                   0x080001bd   Thumb Code     0  libinit2.o(.ARM.Collect$$libinit$$0000001D)
    __rt_lib_init_stdio_1                    0x080001bd   Thumb Code     0  libinit2.o(.ARM.Collect$$libinit$$00000025)
    __rt_lib_shutdown                        0x080001bf   Thumb Code     0  libshutdown.o(.ARM.Collect$$libshutdown$$00000000)
    __rt_lib_shutdown_cpp_1                  0x080001c1   Thumb Code     0  libshutdown2.o(.ARM.Collect$$libshutdown$$00000002)
    __rt_lib_shutdown_fp_trap_1              0x080001c1   Thumb Code     0  libshutdown2.o(.ARM.Collect$$libshutdown$$00000007)
    __rt_lib_shutdown_heap_1                 0x080001c1   Thumb Code     0  libshutdown2.o(.ARM.Collect$$libshutdown$$0000000F)
    __rt_lib_shutdown_return                 0x080001c1   Thumb Code     0  libshutdown2.o(.ARM.Collect$$libshutdown$$00000010)
    __rt_lib_shutdown_signal_1               0x080001c1   Thumb Code     0  libshutdown2.o(.ARM.Collect$$libshutdown$$0000000A)
    __rt_lib_shutdown_stdio_1                0x080001c1   Thumb Code     0  libshutdown2.o(.ARM.Collect$$libshutdown$$00000004)
    __rt_lib_shutdown_user_alloc_1           0x080001c1   Thumb Code     0  libshutdown2.o(.ARM.Collect$$libshutdown$$0000000C)
    __rt_entry                               0x080001c3   Thumb Code     0  __rtentry.o(.ARM.Collect$$rtentry$$00000000)
    __rt_entry_presh_1                       0x080001c3   Thumb Code     0  __rtentry2.o(.ARM.Collect$$rtentry$$00000002)
    __rt_entry_sh                            0x080001c3   Thumb Code     0  __rtentry4.o(.ARM.Collect$$rtentry$$00000004)
    __rt_entry_li                            0x080001c9   Thumb Code     0  __rtentry2.o(.ARM.Collect$$rtentry$$0000000A)
    __rt_entry_postsh_1                      0x080001c9   Thumb Code     0  __rtentry2.o(.ARM.Collect$$rtentry$$00000009)
    __rt_entry_main                          0x080001cd   Thumb Code     0  __rtentry2.o(.ARM.Collect$$rtentry$$0000000D)
    __rt_entry_postli_1                      0x080001cd   Thumb Code     0  __rtentry2.o(.ARM.Collect$$rtentry$$0000000C)
    __rt_exit                                0x080001d5   Thumb Code     0  rtexit.o(.ARM.Collect$$rtexit$$00000000)
    __rt_exit_ls                             0x080001d7   Thumb Code     0  rtexit2.o(.ARM.Collect$$rtexit$$00000003)
    __rt_exit_prels_1                        0x080001d7   Thumb Code     0  rtexit2.o(.ARM.Collect$$rtexit$$00000002)
    __rt_exit_exit                           0x080001db   Thumb Code     0  rtexit2.o(.ARM.Collect$$rtexit$$00000004)
    Reset_Handler                            0x080001e1   Thumb Code     8  startup_stm32f10x_md.o(.text)
    ADC1_2_IRQHandler                        0x080001fb   Thumb Code     0  startup_stm32f10x_md.o(.text)
    CAN1_RX1_IRQHandler                      0x080001fb   Thumb Code     0  startup_stm32f10x_md.o(.text)
    CAN1_SCE_IRQHandler                      0x080001fb   Thumb Code     0  startup_stm32f10x_md.o(.text)
    DMA1_Channel1_IRQHandler                 0x080001fb   Thumb Code     0  startup_stm32f10x_md.o(.text)
    DMA1_Channel2_IRQHandler                 0x080001fb   Thumb Code     0  startup_stm32f10x_md.o(.text)
    DMA1_Channel3_IRQHandler                 0x080001fb   Thumb Code     0  startup_stm32f10x_md.o(.text)
    DMA1_Channel4_IRQHandler                 0x080001fb   Thumb Code     0  startup_stm32f10x_md.o(.text)
    DMA1_Channel5_IRQHandler                 0x080001fb   Thumb Code     0  startup_stm32f10x_md.o(.text)
    DMA1_Channel6_IRQHandler                 0x080001fb   Thumb Code     0  startup_stm32f10x_md.o(.text)
    DMA1_Channel7_IRQHandler                 0x080001fb   Thumb Code     0  startup_stm32f10x_md.o(.text)
    EXTI0_IRQHandler                         0x080001fb   Thumb Code     0  startup_stm32f10x_md.o(.text)
    EXTI15_10_IRQHandler                     0x080001fb   Thumb Code     0  startup_stm32f10x_md.o(.text)
    EXTI1_IRQHandler                         0x080001fb   Thumb Code     0  startup_stm32f10x_md.o(.text)
    EXTI2_IRQHandler                         0x080001fb   Thumb Code     0  startup_stm32f10x_md.o(.text)
    EXTI3_IRQHandler                         0x080001fb   Thumb Code     0  startup_stm32f10x_md.o(.text)
    EXTI4_IRQHandler                         0x080001fb   Thumb Code     0  startup_stm32f10x_md.o(.text)
    EXTI9_5_IRQHandler                       0x080001fb   Thumb Code     0  startup_stm32f10x_md.o(.text)
    FLASH_IRQHandler                         0x080001fb   Thumb Code     0  startup_stm32f10x_md.o(.text)
    I2C1_ER_IRQHandler                       0x080001fb   Thumb Code     0  startup_stm32f10x_md.o(.text)
    I2C1_EV_IRQHandler                       0x080001fb   Thumb Code     0  startup_stm32f10x_md.o(.text)
    I2C2_ER_IRQHandler                       0x080001fb   Thumb Code     0  startup_stm32f10x_md.o(.text)
    I2C2_EV_IRQHandler                       0x080001fb   Thumb Code     0  startup_stm32f10x_md.o(.text)
    PVD_IRQHandler                           0x080001fb   Thumb Code     0  startup_stm32f10x_md.o(.text)
    RCC_IRQHandler                           0x080001fb   Thumb Code     0  startup_stm32f10x_md.o(.text)
    RTCAlarm_IRQHandler                      0x080001fb   Thumb Code     0  startup_stm32f10x_md.o(.text)
    RTC_IRQHandler                           0x080001fb   Thumb Code     0  startup_stm32f10x_md.o(.text)
    SPI1_IRQHandler                          0x080001fb   Thumb Code     0  startup_stm32f10x_md.o(.text)
    SPI2_IRQHandler                          0x080001fb   Thumb Code     0  startup_stm32f10x_md.o(.text)
    TAMPER_IRQHandler                        0x080001fb   Thumb Code     0  startup_stm32f10x_md.o(.text)
    TIM1_BRK_IRQHandler                      0x080001fb   Thumb Code     0  startup_stm32f10x_md.o(.text)
    TIM1_CC_IRQHandler                       0x080001fb   Thumb Code     0  startup_stm32f10x_md.o(.text)
    TIM1_TRG_COM_IRQHandler                  0x080001fb   Thumb Code     0  startup_stm32f10x_md.o(.text)
    TIM1_UP_IRQHandler                       0x080001fb   Thumb Code     0  startup_stm32f10x_md.o(.text)
    TIM2_IRQHandler                          0x080001fb   Thumb Code     0  startup_stm32f10x_md.o(.text)
    TIM3_IRQHandler                          0x080001fb   Thumb Code     0  startup_stm32f10x_md.o(.text)
    TIM4_IRQHandler                          0x080001fb   Thumb Code     0  startup_stm32f10x_md.o(.text)
    USART2_IRQHandler                        0x080001fb   Thumb Code     0  startup_stm32f10x_md.o(.text)
    USART3_IRQHandler                        0x080001fb   Thumb Code     0  startup_stm32f10x_md.o(.text)
    USBWakeUp_IRQHandler                     0x080001fb   Thumb Code     0  startup_stm32f10x_md.o(.text)
    USB_HP_CAN1_TX_IRQHandler                0x080001fb   Thumb Code     0  startup_stm32f10x_md.o(.text)
    USB_LP_CAN1_RX0_IRQHandler               0x080001fb   Thumb Code     0  startup_stm32f10x_md.o(.text)
    WWDG_IRQHandler                          0x080001fb   Thumb Code     0  startup_stm32f10x_md.o(.text)
    __user_initial_stackheap                 0x080001fd   Thumb Code     0  startup_stm32f10x_md.o(.text)
    SystemInit                               0x080002ff   Thumb Code    78  system_stm32f10x.o(.text)
    SystemCoreClockUpdate                    0x0800034d   Thumb Code   142  system_stm32f10x.o(.text)
    NVIC_PriorityGroupConfig                 0x08000401   Thumb Code    10  misc.o(.text)
    NVIC_Init                                0x0800040b   Thumb Code   100  misc.o(.text)
    NVIC_SetVectorTable                      0x0800046f   Thumb Code    14  misc.o(.text)
    NVIC_SystemLPConfig                      0x0800047d   Thumb Code    34  misc.o(.text)
    SysTick_CLKSourceConfig                  0x0800049f   Thumb Code    40  misc.o(.text)
    ADC_DeInit                               0x080004dd   Thumb Code    78  stm32f10x_adc.o(.text)
    ADC_Init                                 0x0800052b   Thumb Code    70  stm32f10x_adc.o(.text)
    ADC_StructInit                           0x08000571   Thumb Code    18  stm32f10x_adc.o(.text)
    ADC_Cmd                                  0x08000583   Thumb Code    22  stm32f10x_adc.o(.text)
    ADC_DMACmd                               0x08000599   Thumb Code    22  stm32f10x_adc.o(.text)
    ADC_ITConfig                             0x080005af   Thumb Code    24  stm32f10x_adc.o(.text)
    ADC_ResetCalibration                     0x080005c7   Thumb Code    10  stm32f10x_adc.o(.text)
    ADC_GetResetCalibrationStatus            0x080005d1   Thumb Code    20  stm32f10x_adc.o(.text)
    ADC_StartCalibration                     0x080005e5   Thumb Code    10  stm32f10x_adc.o(.text)
    ADC_GetCalibrationStatus                 0x080005ef   Thumb Code    20  stm32f10x_adc.o(.text)
    ADC_SoftwareStartConvCmd                 0x08000603   Thumb Code    22  stm32f10x_adc.o(.text)
    ADC_GetSoftwareStartConvStatus           0x08000619   Thumb Code    20  stm32f10x_adc.o(.text)
    ADC_DiscModeChannelCountConfig           0x0800062d   Thumb Code    24  stm32f10x_adc.o(.text)
    ADC_DiscModeCmd                          0x08000645   Thumb Code    22  stm32f10x_adc.o(.text)
    ADC_RegularChannelConfig                 0x0800065b   Thumb Code   184  stm32f10x_adc.o(.text)
    ADC_ExternalTrigConvCmd                  0x08000713   Thumb Code    22  stm32f10x_adc.o(.text)
    ADC_GetConversionValue                   0x08000729   Thumb Code     8  stm32f10x_adc.o(.text)
    ADC_GetDualModeConversionValue           0x08000731   Thumb Code     8  stm32f10x_adc.o(.text)
    ADC_AutoInjectedConvCmd                  0x08000739   Thumb Code    22  stm32f10x_adc.o(.text)
    ADC_InjectedDiscModeCmd                  0x0800074f   Thumb Code    22  stm32f10x_adc.o(.text)
    ADC_ExternalTrigInjectedConvConfig       0x08000765   Thumb Code    16  stm32f10x_adc.o(.text)
    ADC_ExternalTrigInjectedConvCmd          0x08000775   Thumb Code    22  stm32f10x_adc.o(.text)
    ADC_SoftwareStartInjectedConvCmd         0x0800078b   Thumb Code    22  stm32f10x_adc.o(.text)
    ADC_GetSoftwareStartInjectedConvCmdStatus 0x080007a1   Thumb Code    20  stm32f10x_adc.o(.text)
    ADC_InjectedChannelConfig                0x080007b5   Thumb Code   130  stm32f10x_adc.o(.text)
    ADC_InjectedSequencerLengthConfig        0x08000837   Thumb Code    24  stm32f10x_adc.o(.text)
    ADC_SetInjectedOffset                    0x0800084f   Thumb Code    20  stm32f10x_adc.o(.text)
    ADC_GetInjectedConversionValue           0x08000863   Thumb Code    28  stm32f10x_adc.o(.text)
    ADC_AnalogWatchdogCmd                    0x0800087f   Thumb Code    16  stm32f10x_adc.o(.text)
    ADC_AnalogWatchdogThresholdsConfig       0x0800088f   Thumb Code     6  stm32f10x_adc.o(.text)
    ADC_AnalogWatchdogSingleChannelConfig    0x08000895   Thumb Code    16  stm32f10x_adc.o(.text)
    ADC_TempSensorVrefintCmd                 0x080008a5   Thumb Code    64  stm32f10x_adc.o(.text)
    ADC_GetFlagStatus                        0x080008e5   Thumb Code    18  stm32f10x_adc.o(.text)
    ADC_ClearFlag                            0x080008f7   Thumb Code     6  stm32f10x_adc.o(.text)
    ADC_GetITStatus                          0x080008fd   Thumb Code    36  stm32f10x_adc.o(.text)
    ADC_ClearITPendingBit                    0x08000921   Thumb Code    10  stm32f10x_adc.o(.text)
    GPIO_DeInit                              0x0800092d   Thumb Code   172  stm32f10x_gpio.o(.text)
    GPIO_AFIODeInit                          0x080009d9   Thumb Code    20  stm32f10x_gpio.o(.text)
    GPIO_Init                                0x080009ed   Thumb Code   278  stm32f10x_gpio.o(.text)
    GPIO_StructInit                          0x08000b03   Thumb Code    16  stm32f10x_gpio.o(.text)
    GPIO_ReadInputDataBit                    0x08000b13   Thumb Code    18  stm32f10x_gpio.o(.text)
    GPIO_ReadInputData                       0x08000b25   Thumb Code     8  stm32f10x_gpio.o(.text)
    GPIO_ReadOutputDataBit                   0x08000b2d   Thumb Code    18  stm32f10x_gpio.o(.text)
    GPIO_ReadOutputData                      0x08000b3f   Thumb Code     8  stm32f10x_gpio.o(.text)
    GPIO_SetBits                             0x08000b47   Thumb Code     4  stm32f10x_gpio.o(.text)
    GPIO_ResetBits                           0x08000b4b   Thumb Code     4  stm32f10x_gpio.o(.text)
    GPIO_WriteBit                            0x08000b4f   Thumb Code    10  stm32f10x_gpio.o(.text)
    GPIO_Write                               0x08000b59   Thumb Code     4  stm32f10x_gpio.o(.text)
    GPIO_PinLockConfig                       0x08000b5d   Thumb Code    18  stm32f10x_gpio.o(.text)
    GPIO_EventOutputConfig                   0x08000b6f   Thumb Code    26  stm32f10x_gpio.o(.text)
    GPIO_EventOutputCmd                      0x08000b89   Thumb Code     6  stm32f10x_gpio.o(.text)
    GPIO_PinRemapConfig                      0x08000b8f   Thumb Code   138  stm32f10x_gpio.o(.text)
    GPIO_EXTILineConfig                      0x08000c19   Thumb Code    66  stm32f10x_gpio.o(.text)
    GPIO_ETH_MediaInterfaceConfig            0x08000c5b   Thumb Code     8  stm32f10x_gpio.o(.text)
    I2C_DeInit                               0x08000c89   Thumb Code    50  stm32f10x_i2c.o(.text)
    I2C_Init                                 0x08000cbb   Thumb Code   222  stm32f10x_i2c.o(.text)
    I2C_StructInit                           0x08000d99   Thumb Code    30  stm32f10x_i2c.o(.text)
    I2C_Cmd                                  0x08000db7   Thumb Code    24  stm32f10x_i2c.o(.text)
    I2C_DMACmd                               0x08000dcf   Thumb Code    24  stm32f10x_i2c.o(.text)
    I2C_DMALastTransferCmd                   0x08000de7   Thumb Code    24  stm32f10x_i2c.o(.text)
    I2C_GenerateSTART                        0x08000dff   Thumb Code    24  stm32f10x_i2c.o(.text)
    I2C_GenerateSTOP                         0x08000e17   Thumb Code    24  stm32f10x_i2c.o(.text)
    I2C_AcknowledgeConfig                    0x08000e2f   Thumb Code    24  stm32f10x_i2c.o(.text)
    I2C_OwnAddress2Config                    0x08000e47   Thumb Code    22  stm32f10x_i2c.o(.text)
    I2C_DualAddressCmd                       0x08000e5d   Thumb Code    24  stm32f10x_i2c.o(.text)
    I2C_GeneralCallCmd                       0x08000e75   Thumb Code    24  stm32f10x_i2c.o(.text)
    I2C_ITConfig                             0x08000e8d   Thumb Code    18  stm32f10x_i2c.o(.text)
    I2C_SendData                             0x08000e9f   Thumb Code     4  stm32f10x_i2c.o(.text)
    I2C_ReceiveData                          0x08000ea3   Thumb Code     8  stm32f10x_i2c.o(.text)
    I2C_Send7bitAddress                      0x08000eab   Thumb Code    18  stm32f10x_i2c.o(.text)
    I2C_ReadRegister                         0x08000ebd   Thumb Code    22  stm32f10x_i2c.o(.text)
    I2C_SoftwareResetCmd                     0x08000ed3   Thumb Code    22  stm32f10x_i2c.o(.text)
    I2C_NACKPositionConfig                   0x08000ee9   Thumb Code    28  stm32f10x_i2c.o(.text)
    I2C_SMBusAlertConfig                     0x08000f05   Thumb Code    28  stm32f10x_i2c.o(.text)
    I2C_TransmitPEC                          0x08000f21   Thumb Code    24  stm32f10x_i2c.o(.text)
    I2C_PECPositionConfig                    0x08000f39   Thumb Code    28  stm32f10x_i2c.o(.text)
    I2C_CalculatePEC                         0x08000f55   Thumb Code    24  stm32f10x_i2c.o(.text)
    I2C_GetPEC                               0x08000f6d   Thumb Code     8  stm32f10x_i2c.o(.text)
    I2C_ARPCmd                               0x08000f75   Thumb Code    24  stm32f10x_i2c.o(.text)
    I2C_StretchClockCmd                      0x08000f8d   Thumb Code    24  stm32f10x_i2c.o(.text)
    I2C_FastModeDutyCycleConfig              0x08000fa5   Thumb Code    28  stm32f10x_i2c.o(.text)
    I2C_CheckEvent                           0x08000fc1   Thumb Code    42  stm32f10x_i2c.o(.text)
    I2C_GetLastEvent                         0x08000feb   Thumb Code    26  stm32f10x_i2c.o(.text)
    I2C_GetFlagStatus                        0x08001005   Thumb Code    58  stm32f10x_i2c.o(.text)
    I2C_ClearFlag                            0x0800103f   Thumb Code    12  stm32f10x_i2c.o(.text)
    I2C_GetITStatus                          0x0800104b   Thumb Code    54  stm32f10x_i2c.o(.text)
    I2C_ClearITPendingBit                    0x08001081   Thumb Code    12  stm32f10x_i2c.o(.text)
    RCC_DeInit                               0x0800108d   Thumb Code    64  stm32f10x_rcc.o(.text)
    RCC_HSEConfig                            0x080010cd   Thumb Code    70  stm32f10x_rcc.o(.text)
    RCC_GetFlagStatus                        0x08001113   Thumb Code    56  stm32f10x_rcc.o(.text)
    RCC_WaitForHSEStartUp                    0x0800114b   Thumb Code    56  stm32f10x_rcc.o(.text)
    RCC_AdjustHSICalibrationValue            0x08001183   Thumb Code    20  stm32f10x_rcc.o(.text)
    RCC_HSICmd                               0x08001197   Thumb Code     6  stm32f10x_rcc.o(.text)
    RCC_PLLConfig                            0x0800119d   Thumb Code    24  stm32f10x_rcc.o(.text)
    RCC_PLLCmd                               0x080011b5   Thumb Code     6  stm32f10x_rcc.o(.text)
    RCC_SYSCLKConfig                         0x080011bb   Thumb Code    18  stm32f10x_rcc.o(.text)
    RCC_GetSYSCLKSource                      0x080011cd   Thumb Code    10  stm32f10x_rcc.o(.text)
    RCC_HCLKConfig                           0x080011d7   Thumb Code    18  stm32f10x_rcc.o(.text)
    RCC_PCLK1Config                          0x080011e9   Thumb Code    18  stm32f10x_rcc.o(.text)
    RCC_PCLK2Config                          0x080011fb   Thumb Code    20  stm32f10x_rcc.o(.text)
    RCC_ITConfig                             0x0800120f   Thumb Code    26  stm32f10x_rcc.o(.text)
    RCC_USBCLKConfig                         0x08001229   Thumb Code     8  stm32f10x_rcc.o(.text)
    RCC_ADCCLKConfig                         0x08001231   Thumb Code    18  stm32f10x_rcc.o(.text)
    RCC_LSEConfig                            0x08001243   Thumb Code    50  stm32f10x_rcc.o(.text)
    RCC_LSICmd                               0x08001275   Thumb Code     6  stm32f10x_rcc.o(.text)
    RCC_RTCCLKConfig                         0x0800127b   Thumb Code    12  stm32f10x_rcc.o(.text)
    RCC_RTCCLKCmd                            0x08001287   Thumb Code     8  stm32f10x_rcc.o(.text)
    RCC_GetClocksFreq                        0x0800128f   Thumb Code   192  stm32f10x_rcc.o(.text)
    RCC_AHBPeriphClockCmd                    0x0800134f   Thumb Code    26  stm32f10x_rcc.o(.text)
    RCC_APB2PeriphClockCmd                   0x08001369   Thumb Code    26  stm32f10x_rcc.o(.text)
    RCC_APB1PeriphClockCmd                   0x08001383   Thumb Code    26  stm32f10x_rcc.o(.text)
    RCC_APB2PeriphResetCmd                   0x0800139d   Thumb Code    26  stm32f10x_rcc.o(.text)
    RCC_APB1PeriphResetCmd                   0x080013b7   Thumb Code    26  stm32f10x_rcc.o(.text)
    RCC_BackupResetCmd                       0x080013d1   Thumb Code     8  stm32f10x_rcc.o(.text)
    RCC_ClockSecuritySystemCmd               0x080013d9   Thumb Code     6  stm32f10x_rcc.o(.text)
    RCC_MCOConfig                            0x080013df   Thumb Code     6  stm32f10x_rcc.o(.text)
    RCC_ClearFlag                            0x080013e5   Thumb Code    14  stm32f10x_rcc.o(.text)
    RCC_GetITStatus                          0x080013f3   Thumb Code    20  stm32f10x_rcc.o(.text)
    RCC_ClearITPendingBit                    0x08001407   Thumb Code     6  stm32f10x_rcc.o(.text)
    TIM_DeInit                               0x08001431   Thumb Code   424  stm32f10x_tim.o(.text)
    TIM_TimeBaseInit                         0x080015d9   Thumb Code   122  stm32f10x_tim.o(.text)
    TIM_OC1Init                              0x08001653   Thumb Code   132  stm32f10x_tim.o(.text)
    TIM_OC2Init                              0x080016d7   Thumb Code   154  stm32f10x_tim.o(.text)
    TIM_OC3Init                              0x08001771   Thumb Code   150  stm32f10x_tim.o(.text)
    TIM_OC4Init                              0x08001807   Thumb Code   182  stm32f10x_tim.o(.text)
    TIM_SetIC4Prescaler                      0x080018bd   Thumb Code    26  stm32f10x_tim.o(.text)
    TIM_SetIC3Prescaler                      0x08001959   Thumb Code    18  stm32f10x_tim.o(.text)
    TIM_SetIC2Prescaler                      0x080019e5   Thumb Code    26  stm32f10x_tim.o(.text)
    TIM_SetIC1Prescaler                      0x08001a81   Thumb Code    18  stm32f10x_tim.o(.text)
    TIM_ICInit                               0x08001aff   Thumb Code   150  stm32f10x_tim.o(.text)
    TIM_PWMIConfig                           0x08001b95   Thumb Code   124  stm32f10x_tim.o(.text)
    TIM_BDTRConfig                           0x08001c11   Thumb Code    32  stm32f10x_tim.o(.text)
    TIM_TimeBaseStructInit                   0x08001c31   Thumb Code    18  stm32f10x_tim.o(.text)
    TIM_OCStructInit                         0x08001c43   Thumb Code    20  stm32f10x_tim.o(.text)
    TIM_ICStructInit                         0x08001c57   Thumb Code    18  stm32f10x_tim.o(.text)
    TIM_BDTRStructInit                       0x08001c69   Thumb Code    40  stm32f10x_tim.o(.text)
    TIM_Cmd                                  0x08001c91   Thumb Code    24  stm32f10x_tim.o(.text)
    TIM_CtrlPWMOutputs                       0x08001ca9   Thumb Code    30  stm32f10x_tim.o(.text)
    TIM_ITConfig                             0x08001cc7   Thumb Code    18  stm32f10x_tim.o(.text)
    TIM_GenerateEvent                        0x08001cd9   Thumb Code     4  stm32f10x_tim.o(.text)
    TIM_DMAConfig                            0x08001cdd   Thumb Code    10  stm32f10x_tim.o(.text)
    TIM_DMACmd                               0x08001ce7   Thumb Code    18  stm32f10x_tim.o(.text)
    TIM_InternalClockConfig                  0x08001cf9   Thumb Code    12  stm32f10x_tim.o(.text)
    TIM_SelectInputTrigger                   0x08001d05   Thumb Code    18  stm32f10x_tim.o(.text)
    TIM_ITRxExternalClockConfig              0x08001d17   Thumb Code    24  stm32f10x_tim.o(.text)
    TIM_TIxExternalClockConfig               0x08001d2f   Thumb Code    62  stm32f10x_tim.o(.text)
    TIM_ETRConfig                            0x08001d6d   Thumb Code    28  stm32f10x_tim.o(.text)
    TIM_ETRClockMode1Config                  0x08001d89   Thumb Code    54  stm32f10x_tim.o(.text)
    TIM_ETRClockMode2Config                  0x08001dbf   Thumb Code    32  stm32f10x_tim.o(.text)
    TIM_PrescalerConfig                      0x08001ddf   Thumb Code     6  stm32f10x_tim.o(.text)
    TIM_CounterModeConfig                    0x08001de5   Thumb Code    18  stm32f10x_tim.o(.text)
    TIM_EncoderInterfaceConfig               0x08001df7   Thumb Code    66  stm32f10x_tim.o(.text)
    TIM_ForcedOC1Config                      0x08001e39   Thumb Code    18  stm32f10x_tim.o(.text)
    TIM_ForcedOC2Config                      0x08001e4b   Thumb Code    26  stm32f10x_tim.o(.text)
    TIM_ForcedOC3Config                      0x08001e65   Thumb Code    18  stm32f10x_tim.o(.text)
    TIM_ForcedOC4Config                      0x08001e77   Thumb Code    26  stm32f10x_tim.o(.text)
    TIM_ARRPreloadConfig                     0x08001e91   Thumb Code    24  stm32f10x_tim.o(.text)
    TIM_SelectCOM                            0x08001ea9   Thumb Code    24  stm32f10x_tim.o(.text)
    TIM_SelectCCDMA                          0x08001ec1   Thumb Code    24  stm32f10x_tim.o(.text)
    TIM_CCPreloadControl                     0x08001ed9   Thumb Code    24  stm32f10x_tim.o(.text)
    TIM_OC1PreloadConfig                     0x08001ef1   Thumb Code    18  stm32f10x_tim.o(.text)
    TIM_OC2PreloadConfig                     0x08001f03   Thumb Code    26  stm32f10x_tim.o(.text)
    TIM_OC3PreloadConfig                     0x08001f1d   Thumb Code    18  stm32f10x_tim.o(.text)
    TIM_OC4PreloadConfig                     0x08001f2f   Thumb Code    26  stm32f10x_tim.o(.text)
    TIM_OC1FastConfig                        0x08001f49   Thumb Code    18  stm32f10x_tim.o(.text)
    TIM_OC2FastConfig                        0x08001f5b   Thumb Code    26  stm32f10x_tim.o(.text)
    TIM_OC3FastConfig                        0x08001f75   Thumb Code    18  stm32f10x_tim.o(.text)
    TIM_OC4FastConfig                        0x08001f87   Thumb Code    26  stm32f10x_tim.o(.text)
    TIM_ClearOC1Ref                          0x08001fa1   Thumb Code    18  stm32f10x_tim.o(.text)
    TIM_ClearOC2Ref                          0x08001fb3   Thumb Code    24  stm32f10x_tim.o(.text)
    TIM_ClearOC3Ref                          0x08001fcb   Thumb Code    18  stm32f10x_tim.o(.text)
    TIM_ClearOC4Ref                          0x08001fdd   Thumb Code    24  stm32f10x_tim.o(.text)
    TIM_OC1PolarityConfig                    0x08001ff5   Thumb Code    18  stm32f10x_tim.o(.text)
    TIM_OC1NPolarityConfig                   0x08002007   Thumb Code    18  stm32f10x_tim.o(.text)
    TIM_OC2PolarityConfig                    0x08002019   Thumb Code    26  stm32f10x_tim.o(.text)
    TIM_OC2NPolarityConfig                   0x08002033   Thumb Code    26  stm32f10x_tim.o(.text)
    TIM_OC3PolarityConfig                    0x0800204d   Thumb Code    26  stm32f10x_tim.o(.text)
    TIM_OC3NPolarityConfig                   0x08002067   Thumb Code    26  stm32f10x_tim.o(.text)
    TIM_OC4PolarityConfig                    0x08002081   Thumb Code    26  stm32f10x_tim.o(.text)
    TIM_CCxCmd                               0x0800209b   Thumb Code    30  stm32f10x_tim.o(.text)
    TIM_CCxNCmd                              0x080020b9   Thumb Code    30  stm32f10x_tim.o(.text)
    TIM_SelectOCxM                           0x080020d7   Thumb Code    82  stm32f10x_tim.o(.text)
    TIM_UpdateDisableConfig                  0x08002129   Thumb Code    24  stm32f10x_tim.o(.text)
    TIM_UpdateRequestConfig                  0x08002141   Thumb Code    24  stm32f10x_tim.o(.text)
    TIM_SelectHallSensor                     0x08002159   Thumb Code    24  stm32f10x_tim.o(.text)
    TIM_SelectOnePulseMode                   0x08002171   Thumb Code    18  stm32f10x_tim.o(.text)
    TIM_SelectOutputTrigger                  0x08002183   Thumb Code    18  stm32f10x_tim.o(.text)
    TIM_SelectSlaveMode                      0x08002195   Thumb Code    18  stm32f10x_tim.o(.text)
    TIM_SelectMasterSlaveMode                0x080021a7   Thumb Code    18  stm32f10x_tim.o(.text)
    TIM_SetCounter                           0x080021b9   Thumb Code     4  stm32f10x_tim.o(.text)
    TIM_SetAutoreload                        0x080021bd   Thumb Code     4  stm32f10x_tim.o(.text)
    TIM_SetCompare1                          0x080021c1   Thumb Code     4  stm32f10x_tim.o(.text)
    TIM_SetCompare2                          0x080021c5   Thumb Code     4  stm32f10x_tim.o(.text)
    TIM_SetCompare3                          0x080021c9   Thumb Code     4  stm32f10x_tim.o(.text)
    TIM_SetCompare4                          0x080021cd   Thumb Code     6  stm32f10x_tim.o(.text)
    TIM_SetClockDivision                     0x080021d3   Thumb Code    18  stm32f10x_tim.o(.text)
    TIM_GetCapture1                          0x080021e5   Thumb Code     6  stm32f10x_tim.o(.text)
    TIM_GetCapture2                          0x080021eb   Thumb Code     6  stm32f10x_tim.o(.text)
    TIM_GetCapture3                          0x080021f1   Thumb Code     6  stm32f10x_tim.o(.text)
    TIM_GetCapture4                          0x080021f7   Thumb Code     8  stm32f10x_tim.o(.text)
    TIM_GetCounter                           0x080021ff   Thumb Code     6  stm32f10x_tim.o(.text)
    TIM_GetPrescaler                         0x08002205   Thumb Code     6  stm32f10x_tim.o(.text)
    TIM_GetFlagStatus                        0x0800220b   Thumb Code    18  stm32f10x_tim.o(.text)
    TIM_ClearFlag                            0x0800221d   Thumb Code     6  stm32f10x_tim.o(.text)
    TIM_GetITStatus                          0x08002223   Thumb Code    34  stm32f10x_tim.o(.text)
    TIM_ClearITPendingBit                    0x08002245   Thumb Code     6  stm32f10x_tim.o(.text)
    USART_DeInit                             0x0800224d   Thumb Code   134  stm32f10x_usart.o(.text)
    USART_Init                               0x080022d3   Thumb Code   210  stm32f10x_usart.o(.text)
    USART_StructInit                         0x080023a5   Thumb Code    24  stm32f10x_usart.o(.text)
    USART_ClockInit                          0x080023bd   Thumb Code    34  stm32f10x_usart.o(.text)
    USART_ClockStructInit                    0x080023df   Thumb Code    12  stm32f10x_usart.o(.text)
    USART_Cmd                                0x080023eb   Thumb Code    24  stm32f10x_usart.o(.text)
    USART_ITConfig                           0x08002403   Thumb Code    74  stm32f10x_usart.o(.text)
    USART_DMACmd                             0x0800244d   Thumb Code    18  stm32f10x_usart.o(.text)
    USART_SetAddress                         0x0800245f   Thumb Code    18  stm32f10x_usart.o(.text)
    USART_WakeUpConfig                       0x08002471   Thumb Code    18  stm32f10x_usart.o(.text)
    USART_ReceiverWakeUpCmd                  0x08002483   Thumb Code    24  stm32f10x_usart.o(.text)
    USART_LINBreakDetectLengthConfig         0x0800249b   Thumb Code    18  stm32f10x_usart.o(.text)
    USART_LINCmd                             0x080024ad   Thumb Code    24  stm32f10x_usart.o(.text)
    USART_SendData                           0x080024c5   Thumb Code     8  stm32f10x_usart.o(.text)
    USART_ReceiveData                        0x080024cd   Thumb Code    10  stm32f10x_usart.o(.text)
    USART_SendBreak                          0x080024d7   Thumb Code    10  stm32f10x_usart.o(.text)
    USART_SetGuardTime                       0x080024e1   Thumb Code    16  stm32f10x_usart.o(.text)
    USART_SetPrescaler                       0x080024f1   Thumb Code    16  stm32f10x_usart.o(.text)
    USART_SmartCardCmd                       0x08002501   Thumb Code    24  stm32f10x_usart.o(.text)
    USART_SmartCardNACKCmd                   0x08002519   Thumb Code    24  stm32f10x_usart.o(.text)
    USART_HalfDuplexCmd                      0x08002531   Thumb Code    24  stm32f10x_usart.o(.text)
    USART_OverSampling8Cmd                   0x08002549   Thumb Code    22  stm32f10x_usart.o(.text)
    USART_OneBitMethodCmd                    0x0800255f   Thumb Code    24  stm32f10x_usart.o(.text)
    USART_IrDAConfig                         0x08002577   Thumb Code    18  stm32f10x_usart.o(.text)
    USART_IrDACmd                            0x08002589   Thumb Code    24  stm32f10x_usart.o(.text)
    USART_GetFlagStatus                      0x080025a1   Thumb Code    26  stm32f10x_usart.o(.text)
    USART_ClearFlag                          0x080025bb   Thumb Code    18  stm32f10x_usart.o(.text)
    USART_GetITStatus                        0x080025cd   Thumb Code    84  stm32f10x_usart.o(.text)
    USART_ClearITPendingBit                  0x08002621   Thumb Code    52  stm32f10x_usart.o(.text)
    STM32_System_Init                        0x08002655   Thumb Code   142  bsp_sys.o(.text)
    LED_GPIO_Init                            0x0800270d   Thumb Code    74  bsp_gpio.o(.text)
    LED_Flash                                0x08002757   Thumb Code    54  bsp_gpio.o(.text)
    NVIC_Config                              0x08002799   Thumb Code     2  bsp_nvic.o(.text)
    USART1_Init                              0x0800279d   Thumb Code   164  bsp_usart.o(.text)
    fputc                                    0x08002841   Thumb Code    32  bsp_usart.o(.text)
    fgetc                                    0x08002861   Thumb Code    26  bsp_usart.o(.text)
    USART1_Send                              0x0800287b   Thumb Code    74  bsp_usart.o(.text)
    USART1_Receive                           0x080028c5   Thumb Code    16  bsp_usart.o(.text)
    USART1_IRQHandler                        0x080028d5   Thumb Code    72  bsp_usart.o(.text)
    Delay_us                                 0x08002931   Thumb Code    26  delay.o(.text)
    Delay_ms                                 0x0800294b   Thumb Code    30  delay.o(.text)
    IIC_Read                                 0x08002969   Thumb Code   236  bsp_iic.o(.text)
    IIC_Write                                0x08002a55   Thumb Code   172  bsp_iic.o(.text)
    IIC_ReadByte                             0x08002b01   Thumb Code   190  bsp_iic.o(.text)
    IIC_WriteByte                            0x08002bbf   Thumb Code   134  bsp_iic.o(.text)
    IIC_Init                                 0x08002c45   Thumb Code   116  bsp_iic.o(.text)
    ADC_Power_Init                           0x08002ccd   Thumb Code   136  bsp_adc.o(.text)
    Get_Adc                                  0x08002d55   Thumb Code    46  bsp_adc.o(.text)
    Get_Adc_Average                          0x08002d83   Thumb Code    40  bsp_adc.o(.text)
    Get_BAT_ADC                              0x08002dab   Thumb Code    10  bsp_adc.o(.text)
    Get_SYS_ADC                              0x08002db5   Thumb Code    10  bsp_adc.o(.text)
    SysTick_Init                             0x08002dc9   Thumb Code    90  bsp_systick.o(.text)
    OLED_WR_Byte                             0x08002e31   Thumb Code    20  oled.o(.text)
    fill_picture                             0x08002e45   Thumb Code    64  oled.o(.text)
    Delay_50ms                               0x08002e85   Thumb Code    22  oled.o(.text)
    Delay_1ms                                0x08002e9b   Thumb Code    26  oled.o(.text)
    OLED_Set_Pos                             0x08002eb5   Thumb Code    40  oled.o(.text)
    OLED_Display_On                          0x08002edd   Thumb Code    28  oled.o(.text)
    OLED_Display_Off                         0x08002ef9   Thumb Code    28  oled.o(.text)
    OLED_Clear                               0x08002f15   Thumb Code    62  oled.o(.text)
    OLED_On                                  0x08002f53   Thumb Code    62  oled.o(.text)
    OLED_ShowChar                            0x08002f91   Thumb Code   154  oled.o(.text)
    oled_pow                                 0x0800302b   Thumb Code    22  oled.o(.text)
    OLED_ShowNum                             0x08003041   Thumb Code   136  oled.o(.text)
    OLED_ShowNumZF                           0x080030c9   Thumb Code    78  oled.o(.text)
    OLED_ShowString                          0x08003117   Thumb Code    58  oled.o(.text)
    OLED_ShowCHinese                         0x08003151   Thumb Code    98  oled.o(.text)
    OLED_DrawBMP                             0x080031b3   Thumb Code   134  oled.o(.text)
    OLED_Init                                0x08003239   Thumb Code   230  oled.o(.text)
    TB6612_GPIO_Config                       0x08003321   Thumb Code    40  tb6612.o(.text)
    TB6612_PWM_Init                          0x08003349   Thumb Code   200  tb6612.o(.text)
    TB6612_Init                              0x08003411   Thumb Code    18  tb6612.o(.text)
    Motor_A_SetPWM                           0x08003423   Thumb Code    66  tb6612.o(.text)
    Motor_B_SetPWM                           0x08003465   Thumb Code    66  tb6612.o(.text)
    TB6612_Motor_SetPWM                      0x080034a7   Thumb Code    20  tb6612.o(.text)
    Encoder_Init_TIM2                        0x080034c5   Thumb Code   184  encoder.o(.text)
    Encoder_Init_TIM3                        0x0800357d   Thumb Code   150  encoder.o(.text)
    Read_Encoder                             0x08003613   Thumb Code    64  encoder.o(.text)
    SysTick_Handler                          0x0800366d   Thumb Code   174  car.o(.text)
    main                                     0x08003749   Thumb Code   252  main.o(.text)
    NMI_Handler                              0x08003871   Thumb Code     2  stm32f10x_it.o(.text)
    HardFault_Handler                        0x08003873   Thumb Code     4  stm32f10x_it.o(.text)
    MemManage_Handler                        0x08003877   Thumb Code     4  stm32f10x_it.o(.text)
    BusFault_Handler                         0x0800387b   Thumb Code     4  stm32f10x_it.o(.text)
    UsageFault_Handler                       0x0800387f   Thumb Code     4  stm32f10x_it.o(.text)
    SVC_Handler                              0x08003883   Thumb Code     2  stm32f10x_it.o(.text)
    DebugMon_Handler                         0x08003885   Thumb Code     2  stm32f10x_it.o(.text)
    PendSV_Handler                           0x08003887   Thumb Code     2  stm32f10x_it.o(.text)
    __2sprintf                               0x08003889   Thumb Code    34  noretval__2sprintf.o(.text)
    _printf_pre_padding                      0x080038b1   Thumb Code    44  _printf_pad.o(.text)
    _printf_post_padding                     0x080038dd   Thumb Code    34  _printf_pad.o(.text)
    __printf                                 0x080038ff   Thumb Code   270  __printf_wp.o(.text)
    __use_two_region_memory                  0x08003a0d   Thumb Code     2  heapauxi.o(.text)
    __rt_heap_escrow$2region                 0x08003a0f   Thumb Code     2  heapauxi.o(.text)
    __rt_heap_expand$2region                 0x08003a11   Thumb Code     2  heapauxi.o(.text)
    __lib_sel_fp_printf                      0x08003a13   Thumb Code     2  _printf_fp_dec.o(.text)
    _printf_fp_dec_real                      0x08003bc5   Thumb Code   620  _printf_fp_dec.o(.text)
    _printf_char_common                      0x08003e3b   Thumb Code    32  _printf_char_common.o(.text)
    _sputc                                   0x08003e61   Thumb Code    10  _sputc.o(.text)
    __rt_locale                              0x08003e6d   Thumb Code     8  rt_locale_intlibspace.o(.text)
    _ll_udiv10                               0x08003e75   Thumb Code   138  lludiv10.o(.text)
    _printf_fp_infnan                        0x08003f01   Thumb Code   112  _printf_fp_infnan.o(.text)
    _btod_etento                             0x08003f81   Thumb Code   224  bigflt0.o(.text)
    __user_libspace                          0x08004065   Thumb Code     8  libspace.o(.text)
    __user_perproc_libspace                  0x08004065   Thumb Code     0  libspace.o(.text)
    __user_perthread_libspace                0x08004065   Thumb Code     0  libspace.o(.text)
    __user_setup_stackheap                   0x0800406d   Thumb Code    74  sys_stackheap_outer.o(.text)
    exit                                     0x080040b7   Thumb Code    18  exit.o(.text)
    strcmp                                   0x080040c9   Thumb Code   128  strcmpv7m.o(.text)
    _sys_exit                                0x08004149   Thumb Code     8  sys_exit.o(.text)
    __I$use$semihosting                      0x08004155   Thumb Code     0  use_no_semi.o(.text)
    __use_no_semihosting_swi                 0x08004155   Thumb Code     2  use_no_semi.o(.text)
    __semihosting_library_function           0x08004157   Thumb Code     0  indicate_semi.o(.text)
    _btod_d2e                                0x08004157   Thumb Code    62  btod.o(CL$$btod_d2e)
    _d2e_denorm_low                          0x08004195   Thumb Code    70  btod.o(CL$$btod_d2e_denorm_low)
    _d2e_norm_op1                            0x080041db   Thumb Code    96  btod.o(CL$$btod_d2e_norm_op1)
    __btod_div_common                        0x0800423b   Thumb Code   696  btod.o(CL$$btod_div_common)
    _e2e                                     0x08004573   Thumb Code   220  btod.o(CL$$btod_e2e)
    _btod_ediv                               0x0800464f   Thumb Code    42  btod.o(CL$$btod_ediv)
    _btod_emul                               0x08004679   Thumb Code    42  btod.o(CL$$btod_emul)
    __btod_mult_common                       0x080046a3   Thumb Code   580  btod.o(CL$$btod_mult_common)
    __ARM_fpclassify                         0x080048e7   Thumb Code    40  fpclassify.o(i.__ARM_fpclassify)
    _is_digit                                0x0800490f   Thumb Code    14  __printf_wp.o(i._is_digit)
    _get_lc_numeric                          0x0800491d   Thumb Code    44  lc_numeric_c.o(locale$$code)
    __aeabi_d2f                              0x08004949   Thumb Code     0  d2f.o(x$fpl$d2f)
    _d2f                                     0x08004949   Thumb Code    98  d2f.o(x$fpl$d2f)
    __aeabi_ddiv                             0x080049ad   Thumb Code     0  ddiv.o(x$fpl$ddiv)
    _ddiv                                    0x080049ad   Thumb Code   552  ddiv.o(x$fpl$ddiv)
    __aeabi_ui2d                             0x08004c5d   Thumb Code     0  dflt_clz.o(x$fpl$dfltu)
    _dfltu                                   0x08004c5d   Thumb Code    38  dflt_clz.o(x$fpl$dfltu)
    __aeabi_dmul                             0x08004c85   Thumb Code     0  dmul.o(x$fpl$dmul)
    _dmul                                    0x08004c85   Thumb Code   332  dmul.o(x$fpl$dmul)
    __fpl_dnaninf                            0x08004dd9   Thumb Code   156  dnaninf.o(x$fpl$dnaninf)
    __fpl_dretinf                            0x08004e75   Thumb Code    12  dretinf.o(x$fpl$dretinf)
    __aeabi_f2d                              0x08004e81   Thumb Code     0  f2d.o(x$fpl$f2d)
    _f2d                                     0x08004e81   Thumb Code    86  f2d.o(x$fpl$f2d)
    __fpl_fnaninf                            0x08004ed7   Thumb Code   140  fnaninf.o(x$fpl$fnaninf)
    __fpl_fretinf                            0x08004f63   Thumb Code    10  fretinf.o(x$fpl$fretinf)
    _printf_fp_dec                           0x08004f6d   Thumb Code     4  printf1.o(x$fpl$printf1)
    F6x8                                     0x08004f70   Data         552  oled.o(.constdata)
    __I$use$fp                               0x08004f70   Number         0  usenofp.o(x$fpl$usenofp)
    F8X16                                    0x08005198   Data        1520  oled.o(.constdata)
    Region$$Table$$Base                      0x0800581c   Number         0  anon$$obj.o(Region$$Table)
    Region$$Table$$Limit                     0x0800583c   Number         0  anon$$obj.o(Region$$Table)
    SystemCoreClock                          0x20000000   Data           4  system_stm32f10x.o(.data)
    AHBPrescTable                            0x20000004   Data          16  system_stm32f10x.o(.data)
    rx_address                               0x2000002c   Data           4  bsp_usart.o(.data)
    rx_count                                 0x20000030   Data           4  bsp_usart.o(.data)
    rx_length                                0x20000034   Data           4  bsp_usart.o(.data)
    Hzk                                      0x20000038   Data         512  oled.o(.data)
    temp1                                    0x20000238   Data           1  car.o(.data)
    OLED_Timer1                              0x20000239   Data           1  car.o(.data)
    OLED_Timer2                              0x2000023a   Data           1  car.o(.data)
    OLED_ADC_Flag                            0x2000023b   Data           1  car.o(.data)
    OLED_Speed_Flag                          0x2000023c   Data           1  car.o(.data)
    Encoder_Timer                            0x2000023d   Data           1  car.o(.data)
    ADC_BAT_Val                              0x2000023e   Data           2  car.o(.data)
    ADC_BAT_temp                             0x20000240   Data           2  car.o(.data)
    ADC_SYS_Val                              0x20000242   Data           2  car.o(.data)
    ADC_SYS_temp                             0x20000244   Data           2  car.o(.data)
    Encoder_A                                0x20000248   Data           4  car.o(.data)
    Encoder_B                                0x2000024c   Data           4  car.o(.data)
    Speed_A                                  0x20000250   Data           4  car.o(.data)
    Speed_B                                  0x20000254   Data           4  car.o(.data)
    __libspace_start                         0x20000258   Data          96  libspace.o(.bss)
    __temporary_stack_top$libspace           0x200002b8   Data           0  libspace.o(.bss)



==============================================================================

Memory Map of the image

  Image Entry point : 0x080000ed

  Load Region LR_IROM1 (Base: 0x08000000, Size: 0x00005ab0, Max: 0x00010000, ABSOLUTE, COMPRESSED[0x00005950])

    Execution Region ER_IROM1 (Exec base: 0x08000000, Load base: 0x08000000, Size: 0x00005858, Max: 0x00010000, ABSOLUTE)

    Exec Addr    Load Addr    Size         Type   Attr      Idx    E Section Name        Object

    0x08000000   0x08000000   0x000000ec   Data   RO            3    RESET               startup_stm32f10x_md.o
    0x080000ec   0x080000ec   0x00000008   Code   RO          673  * !!!main             c_w.l(__main.o)
    0x080000f4   0x080000f4   0x00000034   Code   RO          911    !!!scatter          c_w.l(__scatter.o)
    0x08000128   0x08000128   0x0000005a   Code   RO          909    !!dczerorl2         c_w.l(__dczerorl2.o)
    0x08000182   0x08000182   0x00000002   PAD
    0x08000184   0x08000184   0x0000001c   Code   RO          913    !!handler_zi        c_w.l(__scatter_zi.o)
    0x080001a0   0x080001a0   0x00000000   Code   RO          670    .ARM.Collect$$_printf_percent$$00000000  c_w.l(_printf_percent.o)
    0x080001a0   0x080001a0   0x00000006   Code   RO          669    .ARM.Collect$$_printf_percent$$00000003  c_w.l(_printf_f.o)
    0x080001a6   0x080001a6   0x00000004   Code   RO          700    .ARM.Collect$$_printf_percent$$00000017  c_w.l(_printf_percent_end.o)
    0x080001aa   0x080001aa   0x00000002   Code   RO          782    .ARM.Collect$$libinit$$00000000  c_w.l(libinit.o)
    0x080001ac   0x080001ac   0x00000000   Code   RO          784    .ARM.Collect$$libinit$$00000002  c_w.l(libinit2.o)
    0x080001ac   0x080001ac   0x00000000   Code   RO          786    .ARM.Collect$$libinit$$00000004  c_w.l(libinit2.o)
    0x080001ac   0x080001ac   0x00000000   Code   RO          789    .ARM.Collect$$libinit$$0000000A  c_w.l(libinit2.o)
    0x080001ac   0x080001ac   0x00000000   Code   RO          791    .ARM.Collect$$libinit$$0000000C  c_w.l(libinit2.o)
    0x080001ac   0x080001ac   0x00000000   Code   RO          793    .ARM.Collect$$libinit$$0000000E  c_w.l(libinit2.o)
    0x080001ac   0x080001ac   0x00000006   Code   RO          794    .ARM.Collect$$libinit$$0000000F  c_w.l(libinit2.o)
    0x080001b2   0x080001b2   0x00000000   Code   RO          796    .ARM.Collect$$libinit$$00000011  c_w.l(libinit2.o)
    0x080001b2   0x080001b2   0x00000000   Code   RO          798    .ARM.Collect$$libinit$$00000013  c_w.l(libinit2.o)
    0x080001b2   0x080001b2   0x00000000   Code   RO          800    .ARM.Collect$$libinit$$00000015  c_w.l(libinit2.o)
    0x080001b2   0x080001b2   0x0000000a   Code   RO          801    .ARM.Collect$$libinit$$00000016  c_w.l(libinit2.o)
    0x080001bc   0x080001bc   0x00000000   Code   RO          802    .ARM.Collect$$libinit$$00000017  c_w.l(libinit2.o)
    0x080001bc   0x080001bc   0x00000000   Code   RO          804    .ARM.Collect$$libinit$$00000019  c_w.l(libinit2.o)
    0x080001bc   0x080001bc   0x00000000   Code   RO          806    .ARM.Collect$$libinit$$0000001B  c_w.l(libinit2.o)
    0x080001bc   0x080001bc   0x00000000   Code   RO          808    .ARM.Collect$$libinit$$0000001D  c_w.l(libinit2.o)
    0x080001bc   0x080001bc   0x00000000   Code   RO          810    .ARM.Collect$$libinit$$0000001F  c_w.l(libinit2.o)
    0x080001bc   0x080001bc   0x00000000   Code   RO          812    .ARM.Collect$$libinit$$00000021  c_w.l(libinit2.o)
    0x080001bc   0x080001bc   0x00000000   Code   RO          814    .ARM.Collect$$libinit$$00000023  c_w.l(libinit2.o)
    0x080001bc   0x080001bc   0x00000000   Code   RO          816    .ARM.Collect$$libinit$$00000025  c_w.l(libinit2.o)
    0x080001bc   0x080001bc   0x00000000   Code   RO          820    .ARM.Collect$$libinit$$0000002C  c_w.l(libinit2.o)
    0x080001bc   0x080001bc   0x00000000   Code   RO          822    .ARM.Collect$$libinit$$0000002E  c_w.l(libinit2.o)
    0x080001bc   0x080001bc   0x00000000   Code   RO          824    .ARM.Collect$$libinit$$00000030  c_w.l(libinit2.o)
    0x080001bc   0x080001bc   0x00000000   Code   RO          826    .ARM.Collect$$libinit$$00000032  c_w.l(libinit2.o)
    0x080001bc   0x080001bc   0x00000002   Code   RO          827    .ARM.Collect$$libinit$$00000033  c_w.l(libinit2.o)
    0x080001be   0x080001be   0x00000002   Code   RO          857    .ARM.Collect$$libshutdown$$00000000  c_w.l(libshutdown.o)
    0x080001c0   0x080001c0   0x00000000   Code   RO          868    .ARM.Collect$$libshutdown$$00000002  c_w.l(libshutdown2.o)
    0x080001c0   0x080001c0   0x00000000   Code   RO          870    .ARM.Collect$$libshutdown$$00000004  c_w.l(libshutdown2.o)
    0x080001c0   0x080001c0   0x00000000   Code   RO          873    .ARM.Collect$$libshutdown$$00000007  c_w.l(libshutdown2.o)
    0x080001c0   0x080001c0   0x00000000   Code   RO          876    .ARM.Collect$$libshutdown$$0000000A  c_w.l(libshutdown2.o)
    0x080001c0   0x080001c0   0x00000000   Code   RO          878    .ARM.Collect$$libshutdown$$0000000C  c_w.l(libshutdown2.o)
    0x080001c0   0x080001c0   0x00000000   Code   RO          881    .ARM.Collect$$libshutdown$$0000000F  c_w.l(libshutdown2.o)
    0x080001c0   0x080001c0   0x00000002   Code   RO          882    .ARM.Collect$$libshutdown$$00000010  c_w.l(libshutdown2.o)
    0x080001c2   0x080001c2   0x00000000   Code   RO          693    .ARM.Collect$$rtentry$$00000000  c_w.l(__rtentry.o)
    0x080001c2   0x080001c2   0x00000000   Code   RO          711    .ARM.Collect$$rtentry$$00000002  c_w.l(__rtentry2.o)
    0x080001c2   0x080001c2   0x00000006   Code   RO          723    .ARM.Collect$$rtentry$$00000004  c_w.l(__rtentry4.o)
    0x080001c8   0x080001c8   0x00000000   Code   RO          713    .ARM.Collect$$rtentry$$00000009  c_w.l(__rtentry2.o)
    0x080001c8   0x080001c8   0x00000004   Code   RO          714    .ARM.Collect$$rtentry$$0000000A  c_w.l(__rtentry2.o)
    0x080001cc   0x080001cc   0x00000000   Code   RO          716    .ARM.Collect$$rtentry$$0000000C  c_w.l(__rtentry2.o)
    0x080001cc   0x080001cc   0x00000008   Code   RO          717    .ARM.Collect$$rtentry$$0000000D  c_w.l(__rtentry2.o)
    0x080001d4   0x080001d4   0x00000002   Code   RO          828    .ARM.Collect$$rtexit$$00000000  c_w.l(rtexit.o)
    0x080001d6   0x080001d6   0x00000000   Code   RO          835    .ARM.Collect$$rtexit$$00000002  c_w.l(rtexit2.o)
    0x080001d6   0x080001d6   0x00000004   Code   RO          836    .ARM.Collect$$rtexit$$00000003  c_w.l(rtexit2.o)
    0x080001da   0x080001da   0x00000006   Code   RO          837    .ARM.Collect$$rtexit$$00000004  c_w.l(rtexit2.o)
    0x080001e0   0x080001e0   0x00000040   Code   RO            4    .text               startup_stm32f10x_md.o
    0x08000220   0x08000220   0x000001e0   Code   RO           24    .text               system_stm32f10x.o
    0x08000400   0x08000400   0x000000dc   Code   RO          118    .text               misc.o
    0x080004dc   0x080004dc   0x0000044e   Code   RO          134    .text               stm32f10x_adc.o
    0x0800092a   0x0800092a   0x00000002   PAD
    0x0800092c   0x0800092c   0x0000035c   Code   RO          269    .text               stm32f10x_gpio.o
    0x08000c88   0x08000c88   0x00000404   Code   RO          281    .text               stm32f10x_i2c.o
    0x0800108c   0x0800108c   0x000003a4   Code   RO          317    .text               stm32f10x_rcc.o
    0x08001430   0x08001430   0x00000e1a   Code   RO          367    .text               stm32f10x_tim.o
    0x0800224a   0x0800224a   0x00000002   PAD
    0x0800224c   0x0800224c   0x00000408   Code   RO          379    .text               stm32f10x_usart.o
    0x08002654   0x08002654   0x000000b8   Code   RO          403    .text               bsp_sys.o
    0x0800270c   0x0800270c   0x0000008c   Code   RO          455    .text               bsp_gpio.o
    0x08002798   0x08002798   0x00000002   Code   RO          468    .text               bsp_nvic.o
    0x0800279a   0x0800279a   0x00000002   PAD
    0x0800279c   0x0800279c   0x00000194   Code   RO          480    .text               bsp_usart.o
    0x08002930   0x08002930   0x00000038   Code   RO          495    .text               delay.o
    0x08002968   0x08002968   0x00000364   Code   RO          507    .text               bsp_iic.o
    0x08002ccc   0x08002ccc   0x000000fc   Code   RO          519    .text               bsp_adc.o
    0x08002dc8   0x08002dc8   0x00000068   Code   RO          531    .text               bsp_systick.o
    0x08002e30   0x08002e30   0x000004ee   Code   RO          547    .text               oled.o
    0x0800331e   0x0800331e   0x00000002   PAD
    0x08003320   0x08003320   0x000001a4   Code   RO          569    .text               tb6612.o
    0x080034c4   0x080034c4   0x000001a8   Code   RO          581    .text               encoder.o
    0x0800366c   0x0800366c   0x000000dc   Code   RO          593    .text               car.o
    0x08003748   0x08003748   0x00000128   Code   RO          611    .text               main.o
    0x08003870   0x08003870   0x00000018   Code   RO          624    .text               stm32f10x_it.o
    0x08003888   0x08003888   0x00000028   Code   RO          643    .text               c_w.l(noretval__2sprintf.o)
    0x080038b0   0x080038b0   0x0000004e   Code   RO          647    .text               c_w.l(_printf_pad.o)
    0x080038fe   0x080038fe   0x0000010e   Code   RO          657    .text               c_w.l(__printf_wp.o)
    0x08003a0c   0x08003a0c   0x00000006   Code   RO          671    .text               c_w.l(heapauxi.o)
    0x08003a12   0x08003a12   0x0000041e   Code   RO          694    .text               c_w.l(_printf_fp_dec.o)
    0x08003e30   0x08003e30   0x00000030   Code   RO          696    .text               c_w.l(_printf_char_common.o)
    0x08003e60   0x08003e60   0x0000000a   Code   RO          698    .text               c_w.l(_sputc.o)
    0x08003e6a   0x08003e6a   0x00000002   PAD
    0x08003e6c   0x08003e6c   0x00000008   Code   RO          728    .text               c_w.l(rt_locale_intlibspace.o)
    0x08003e74   0x08003e74   0x0000008a   Code   RO          730    .text               c_w.l(lludiv10.o)
    0x08003efe   0x08003efe   0x00000002   PAD
    0x08003f00   0x08003f00   0x00000080   Code   RO          732    .text               c_w.l(_printf_fp_infnan.o)
    0x08003f80   0x08003f80   0x000000e4   Code   RO          736    .text               c_w.l(bigflt0.o)
    0x08004064   0x08004064   0x00000008   Code   RO          768    .text               c_w.l(libspace.o)
    0x0800406c   0x0800406c   0x0000004a   Code   RO          771    .text               c_w.l(sys_stackheap_outer.o)
    0x080040b6   0x080040b6   0x00000012   Code   RO          773    .text               c_w.l(exit.o)
    0x080040c8   0x080040c8   0x00000080   Code   RO          775    .text               c_w.l(strcmpv7m.o)
    0x08004148   0x08004148   0x0000000c   Code   RO          847    .text               c_w.l(sys_exit.o)
    0x08004154   0x08004154   0x00000002   Code   RO          858    .text               c_w.l(use_no_semi.o)
    0x08004156   0x08004156   0x00000000   Code   RO          860    .text               c_w.l(indicate_semi.o)
    0x08004156   0x08004156   0x0000003e   Code   RO          739    CL$$btod_d2e        c_w.l(btod.o)
    0x08004194   0x08004194   0x00000046   Code   RO          741    CL$$btod_d2e_denorm_low  c_w.l(btod.o)
    0x080041da   0x080041da   0x00000060   Code   RO          740    CL$$btod_d2e_norm_op1  c_w.l(btod.o)
    0x0800423a   0x0800423a   0x00000338   Code   RO          749    CL$$btod_div_common  c_w.l(btod.o)
    0x08004572   0x08004572   0x000000dc   Code   RO          746    CL$$btod_e2e        c_w.l(btod.o)
    0x0800464e   0x0800464e   0x0000002a   Code   RO          743    CL$$btod_ediv       c_w.l(btod.o)
    0x08004678   0x08004678   0x0000002a   Code   RO          742    CL$$btod_emul       c_w.l(btod.o)
    0x080046a2   0x080046a2   0x00000244   Code   RO          748    CL$$btod_mult_common  c_w.l(btod.o)
    0x080048e6   0x080048e6   0x00000028   Code   RO          766    i.__ARM_fpclassify  m_ws.l(fpclassify.o)
    0x0800490e   0x0800490e   0x0000000e   Code   RO          659    i._is_digit         c_w.l(__printf_wp.o)
    0x0800491c   0x0800491c   0x0000002c   Code   RO          762    locale$$code        c_w.l(lc_numeric_c.o)
    0x08004948   0x08004948   0x00000062   Code   RO          675    x$fpl$d2f           fz_ws.l(d2f.o)
    0x080049aa   0x080049aa   0x00000002   PAD
    0x080049ac   0x080049ac   0x000002b0   Code   RO          678    x$fpl$ddiv          fz_ws.l(ddiv.o)
    0x08004c5c   0x08004c5c   0x00000026   Code   RO          681    x$fpl$dfltu         fz_ws.l(dflt_clz.o)
    0x08004c82   0x08004c82   0x00000002   PAD
    0x08004c84   0x08004c84   0x00000154   Code   RO          687    x$fpl$dmul          fz_ws.l(dmul.o)
    0x08004dd8   0x08004dd8   0x0000009c   Code   RO          701    x$fpl$dnaninf       fz_ws.l(dnaninf.o)
    0x08004e74   0x08004e74   0x0000000c   Code   RO          703    x$fpl$dretinf       fz_ws.l(dretinf.o)
    0x08004e80   0x08004e80   0x00000056   Code   RO          689    x$fpl$f2d           fz_ws.l(f2d.o)
    0x08004ed6   0x08004ed6   0x0000008c   Code   RO          705    x$fpl$fnaninf       fz_ws.l(fnaninf.o)
    0x08004f62   0x08004f62   0x0000000a   Code   RO          707    x$fpl$fretinf       fz_ws.l(fretinf.o)
    0x08004f6c   0x08004f6c   0x00000004   Code   RO          691    x$fpl$printf1       fz_ws.l(printf1.o)
    0x08004f70   0x08004f70   0x00000000   Code   RO          709    x$fpl$usenofp       fz_ws.l(usenofp.o)
    0x08004f70   0x08004f70   0x00000818   Data   RO          548    .constdata          oled.o
    0x08005788   0x08005788   0x00000094   Data   RO          737    .constdata          c_w.l(bigflt0.o)
    0x0800581c   0x0800581c   0x00000020   Data   RO          907    Region$$Table       anon$$obj.o
    0x0800583c   0x0800583c   0x0000001c   Data   RO          761    locale$$data        c_w.l(lc_numeric_c.o)


    Execution Region RW_IRAM1 (Exec base: 0x20000000, Load base: 0x08005858, Size: 0x000008b8, Max: 0x00005000, ABSOLUTE, COMPRESSED[0x000000f8])

    Exec Addr    Load Addr    Size         Type   Attr      Idx    E Section Name        Object

    0x20000000   COMPRESSED   0x00000014   Data   RW           25    .data               system_stm32f10x.o
    0x20000014   COMPRESSED   0x00000014   Data   RW          318    .data               stm32f10x_rcc.o
    0x20000028   COMPRESSED   0x00000004   Data   RW          456    .data               bsp_gpio.o
    0x2000002c   COMPRESSED   0x0000000c   Data   RW          481    .data               bsp_usart.o
    0x20000038   COMPRESSED   0x00000200   Data   RW          549    .data               oled.o
    0x20000238   COMPRESSED   0x00000020   Data   RW          594    .data               car.o
    0x20000258        -       0x00000060   Zero   RW          769    .bss                c_w.l(libspace.o)
    0x200002b8        -       0x00000200   Zero   RW            2    HEAP                startup_stm32f10x_md.o
    0x200004b8        -       0x00000400   Zero   RW            1    STACK               startup_stm32f10x_md.o


==============================================================================

Image component sizes


      Code (inc. data)   RO Data    RW Data    ZI Data      Debug   Object Name

       252         10          0          0          0       1389   bsp_adc.o
       140         12          0          4          0        698   bsp_gpio.o
       868         20          0          0          0       2545   bsp_iic.o
         2          0          0          0          0        410   bsp_nvic.o
       184         42          0          0          0       1796   bsp_sys.o
       104         14          0          0          0      15790   bsp_systick.o
       404         20          0         12          0       2079   bsp_usart.o
       220         46          0         32          0       1284   car.o
         0          0          0          0          0       4548   core_cm3.o
        56          0          0          0          0        616   delay.o
       424         26          0          0          0       1295   encoder.o
       296         44          0          0          0        691   main.o
       220         22          0          0          0       1801   misc.o
      1262         16       2072        512          0       6110   oled.o
        64         26        236          0       1536        860   startup_stm32f10x_md.o
      1102         26          0          0          0      11045   stm32f10x_adc.o
       860         38          0          0          0       5737   stm32f10x_gpio.o
      1028         16          0          0          0       9227   stm32f10x_i2c.o
        24          0          0          0          0       1114   stm32f10x_it.o
       932         36          0         20          0       8920   stm32f10x_rcc.o
      3610         88          0          0          0      22844   stm32f10x_tim.o
      1032         22          0          0          0       8460   stm32f10x_usart.o
       480         38          0         20          0     265883   system_stm32f10x.o
       420         10          0          0          0       1707   tb6612.o

    ----------------------------------------------------------------------
     13992        572       2340        600       1536     376849   Object Totals
         0          0         32          0          0          0   (incl. Generated)
         8          0          0          0          0          0   (incl. Padding)

    ----------------------------------------------------------------------

      Code (inc. data)   RO Data    RW Data    ZI Data      Debug   Library Member Name

        90          0          0          0          0          0   __dczerorl2.o
         8          0          0          0          0         68   __main.o
       284          0          0          0          0        156   __printf_wp.o
         0          0          0          0          0          0   __rtentry.o
        12          0          0          0          0          0   __rtentry2.o
         6          0          0          0          0          0   __rtentry4.o
        52          8          0          0          0          0   __scatter.o
        28          0          0          0          0          0   __scatter_zi.o
        48          6          0          0          0         96   _printf_char_common.o
         6          0          0          0          0          0   _printf_f.o
      1054          0          0          0          0        216   _printf_fp_dec.o
       128         16          0          0          0         84   _printf_fp_infnan.o
        78          0          0          0          0        108   _printf_pad.o
         0          0          0          0          0          0   _printf_percent.o
         4          0          0          0          0          0   _printf_percent_end.o
        10          0          0          0          0         68   _sputc.o
       228          4        148          0          0         96   bigflt0.o
      1936        128          0          0          0        672   btod.o
        18          0          0          0          0         80   exit.o
         6          0          0          0          0        152   heapauxi.o
         0          0          0          0          0          0   indicate_semi.o
        44         10         28          0          0         76   lc_numeric_c.o
         2          0          0          0          0          0   libinit.o
        18          0          0          0          0          0   libinit2.o
         2          0          0          0          0          0   libshutdown.o
         2          0          0          0          0          0   libshutdown2.o
         8          4          0          0         96         68   libspace.o
       138          0          0          0          0         80   lludiv10.o
        40          6          0          0          0         84   noretval__2sprintf.o
         8          4          0          0          0         68   rt_locale_intlibspace.o
         2          0          0          0          0          0   rtexit.o
        10          0          0          0          0          0   rtexit2.o
       128          0          0          0          0         68   strcmpv7m.o
        12          4          0          0          0         68   sys_exit.o
        74          0          0          0          0         80   sys_stackheap_outer.o
         2          0          0          0          0         68   use_no_semi.o
        98          4          0          0          0         92   d2f.o
       688        140          0          0          0        208   ddiv.o
        38          0          0          0          0         68   dflt_clz.o
       340         12          0          0          0        104   dmul.o
       156          4          0          0          0         92   dnaninf.o
        12          0          0          0          0         68   dretinf.o
        86          4          0          0          0         84   f2d.o
       140          4          0          0          0         84   fnaninf.o
        10          0          0          0          0         68   fretinf.o
         4          0          0          0          0         68   printf1.o
         0          0          0          0          0          0   usenofp.o
        40          0          0          0          0         68   fpclassify.o

    ----------------------------------------------------------------------
      6108        358        176          0         96       3460   Library Totals
        10          0          0          0          0          0   (incl. Padding)

    ----------------------------------------------------------------------

      Code (inc. data)   RO Data    RW Data    ZI Data      Debug   Library Name

      4486        190        176          0         96       2456   c_w.l
      1572        168          0          0          0        936   fz_ws.l
        40          0          0          0          0         68   m_ws.l

    ----------------------------------------------------------------------
      6108        358        176          0         96       3460   Library Totals

    ----------------------------------------------------------------------

==============================================================================


      Code (inc. data)   RO Data    RW Data    ZI Data      Debug   

     20100        930       2516        600       1632     376717   Grand Totals
     20100        930       2516        248       1632     376717   ELF Image Totals (compressed)
     20100        930       2516        248          0          0   ROM Totals

==============================================================================

    Total RO  Size (Code + RO Data)                22616 (  22.09kB)
    Total RW  Size (RW Data + ZI Data)              2232 (   2.18kB)
    Total ROM Size (Code + RO Data + RW Data)      22864 (  22.33kB)

==============================================================================

